Archive member included because of file (symbol)

../mbed/TARGET_LPC1768/TOOLCHAIN_GCC_ARM\libmbed.a(FilePath.o)
                              ../mbed/TARGET_LPC1768/TOOLCHAIN_GCC_ARM/retarget.o (mbed::FilePath::FilePath(char const*))
../mbed/TARGET_LPC1768/TOOLCHAIN_GCC_ARM\libmbed.a(FileSystemLike.o)
                              ../mbed/TARGET_LPC1768/TOOLCHAIN_GCC_ARM/retarget.o (mbed::FileSystemLike::opendir())
../mbed/TARGET_LPC1768/TOOLCHAIN_GCC_ARM\libmbed.a(I2C.o)
                              ./src/DRV2605/DRV2605.o (mbed::I2C::I2C(PinName, PinName))
../mbed/TARGET_LPC1768/TOOLCHAIN_GCC_ARM\libmbed.a(Serial.o)
                              ./src/main.o (mbed::Serial::Serial(PinName, PinName, char const*, int))
../mbed/TARGET_LPC1768/TOOLCHAIN_GCC_ARM\libmbed.a(SerialBase.o)
                              ./src/main.o (mbed::SerialBase::readable())
../mbed/TARGET_LPC1768/TOOLCHAIN_GCC_ARM\libmbed.a(Stream.o)
                              ../mbed/TARGET_LPC1768/TOOLCHAIN_GCC_ARM\libmbed.a(Serial.o) (mbed::Stream::close())
../mbed/TARGET_LPC1768/TOOLCHAIN_GCC_ARM\libmbed.a(mbed_gpio.o)
                              ../mbed/TARGET_LPC1768/TOOLCHAIN_GCC_ARM/serial_api.o (gpio_init_in)
../mbed/TARGET_LPC1768/TOOLCHAIN_GCC_ARM\libmbed.a(mbed_pinmap_common.o)
                              ../mbed/TARGET_LPC1768/TOOLCHAIN_GCC_ARM/spi_api.o (pinmap_pinout)
../mbed/TARGET_LPC1768/TOOLCHAIN_GCC_ARM\libmbed.a(mbed_us_ticker_api.o)
                              ../mbed/TARGET_LPC1768/TOOLCHAIN_GCC_ARM/us_ticker.o (us_ticker_irq_handler)
../mbed/TARGET_LPC1768/TOOLCHAIN_GCC_ARM\libmbed.a(mbed_assert.o)
                              ../mbed/TARGET_LPC1768/TOOLCHAIN_GCC_ARM/spi_api.o (mbed_assert_internal)
../mbed/TARGET_LPC1768/TOOLCHAIN_GCC_ARM\libmbed.a(mbed_error.o)
                              ../mbed/TARGET_LPC1768/TOOLCHAIN_GCC_ARM/spi_api.o (error)
../mbed/TARGET_LPC1768/TOOLCHAIN_GCC_ARM\libmbed.a(mbed_critical.o)
                              ../mbed/TARGET_LPC1768/TOOLCHAIN_GCC_ARM/mbed_board.o (core_util_critical_section_enter)
../mbed/TARGET_LPC1768/TOOLCHAIN_GCC_ARM\libmbed.a(mbed_interface.o)
                              ../mbed/TARGET_LPC1768/TOOLCHAIN_GCC_ARM/retarget.o (mbed_interface_connected)
../mbed/TARGET_LPC1768/TOOLCHAIN_GCC_ARM\libmbed.a(mbed_wait_api_no_rtos.o)
                              ./src/DRV2605/DRV2605.o (wait_us)
../mbed/TARGET_LPC1768/TOOLCHAIN_GCC_ARM\libmbed.a(mbed_semihost_api.o)
                              ../mbed/TARGET_LPC1768/TOOLCHAIN_GCC_ARM/retarget.o (semihost_exit)
../mbed/TARGET_LPC1768/TOOLCHAIN_GCC_ARM\libmbed.a(FileLike.o)
                              ../mbed/TARGET_LPC1768/TOOLCHAIN_GCC_ARM\libmbed.a(Stream.o) (mbed::FileLike::FileLike(char const*))
../mbed/TARGET_LPC1768/TOOLCHAIN_GCC_ARM\libmbed.a(FileBase.o)
                              ../mbed/TARGET_LPC1768/TOOLCHAIN_GCC_ARM\libmbed.a(FileSystemLike.o) (mbed::FileBase::getName())
../mbed/TARGET_LPC1768/TOOLCHAIN_GCC_ARM\libmbed.a(mbed_ticker_api.o)
                              ../mbed/TARGET_LPC1768/TOOLCHAIN_GCC_ARM\libmbed.a(mbed_us_ticker_api.o) (ticker_irq_handler)
C:\Program Files (x86)\GNU Tools ARM Embedded\4.9 2015q3\lib\gcc\arm-none-eabi\4.9.3\armv7-m\libgcc.a(_arm_addsubdf3.o)
                              ./src/DRV2605/DRV2605.o (__aeabi_dadd)
C:\Program Files (x86)\GNU Tools ARM Embedded\4.9 2015q3\lib\gcc\arm-none-eabi\4.9.3\armv7-m\libgcc.a(_arm_muldivdf3.o)
                              ./src/DRV2605/DRV2605.o (__aeabi_ddiv)
C:\Program Files (x86)\GNU Tools ARM Embedded\4.9 2015q3\lib\gcc\arm-none-eabi\4.9.3\armv7-m\libgcc.a(_arm_fixdfsi.o)
                              ./src/DRV2605/DRV2605.o (__aeabi_d2iz)
C:\Program Files (x86)\GNU Tools ARM Embedded\4.9 2015q3\lib\gcc\arm-none-eabi\4.9.3\armv7-m\libgcc.a(_arm_addsubsf3.o)
                              ../mbed/TARGET_LPC1768/TOOLCHAIN_GCC_ARM/spi_api.o (__aeabi_fadd)
C:\Program Files (x86)\GNU Tools ARM Embedded\4.9 2015q3\lib\gcc\arm-none-eabi\4.9.3\armv7-m\libgcc.a(_arm_muldivsf3.o)
                              ./src/DRV2605/DRV2605.o (__aeabi_fmul)
C:\Program Files (x86)\GNU Tools ARM Embedded\4.9 2015q3\lib\gcc\arm-none-eabi\4.9.3\armv7-m\libgcc.a(_arm_cmpsf2.o)
                              ../mbed/TARGET_LPC1768/TOOLCHAIN_GCC_ARM/analogout_api.o (__aeabi_fcmplt)
C:\Program Files (x86)\GNU Tools ARM Embedded\4.9 2015q3\lib\gcc\arm-none-eabi\4.9.3\armv7-m\libgcc.a(_arm_fixsfsi.o)
                              ../mbed/TARGET_LPC1768/TOOLCHAIN_GCC_ARM/analogout_api.o (__aeabi_f2iz)
C:\Program Files (x86)\GNU Tools ARM Embedded\4.9 2015q3\lib\gcc\arm-none-eabi\4.9.3\armv7-m\libgcc.a(_arm_fixunssfsi.o)
                              ../mbed/TARGET_LPC1768/TOOLCHAIN_GCC_ARM/pwmout_api.o (__aeabi_f2uiz)
C:\Program Files (x86)\GNU Tools ARM Embedded\4.9 2015q3\lib\gcc\arm-none-eabi\4.9.3\armv7-m\libgcc.a(_aeabi_uldivmod.o)
                              ../mbed/TARGET_LPC1768/TOOLCHAIN_GCC_ARM/system_LPC17xx.o (__aeabi_uldivmod)
[...]
Memory Configuration

Name             Origin             Length             Attributes
FLASH            0x00000000         0x00080000         xr
RAM              0x100000c8         0x00007f38         xrw
USB_RAM          0x2007c000         0x00004000         xrw
ETH_RAM          0x20080000         0x00004000         xrw
*default*        0x00000000         0xffffffff

Linker script and memory map

LOAD c:/program files (x86)/gnu tools arm embedded/4.9 2015q3/bin/../lib/gcc/arm-none-eabi/4.9.3/armv7-m/crti.o
LOAD c:/program files (x86)/gnu tools arm embedded/4.9 2015q3/bin/../lib/gcc/arm-none-eabi/4.9.3/armv7-m/crtbegin.o
LOAD c:/program files (x86)/gnu tools arm embedded/4.9 2015q3/bin/../lib/gcc/arm-none-eabi/4.9.3/../../../../arm-none-eabi/lib/armv7-m/crt0.o
LOAD ./src/DRV2605/DRV2605.o
LOAD ./src/main.o
LOAD ../mbed/TARGET_LPC1768/TOOLCHAIN_GCC_ARM/spi_api.o
LOAD ../mbed/TARGET_LPC1768/TOOLCHAIN_GCC_ARM/startup_LPC17xx.o
LOAD ../mbed/TARGET_LPC1768/TOOLCHAIN_GCC_ARM/system_LPC17xx.o
LOAD ../mbed/TARGET_LPC1768/TOOLCHAIN_GCC_ARM/us_ticker.o
LOAD ../mbed/TARGET_LPC1768/TOOLCHAIN_GCC_ARM/analogin_api.o
LOAD ../mbed/TARGET_LPC1768/TOOLCHAIN_GCC_ARM/analogout_api.o
LOAD ../mbed/TARGET_LPC1768/TOOLCHAIN_GCC_ARM/can_api.o
LOAD ../mbed/TARGET_LPC1768/TOOLCHAIN_GCC_ARM/cmsis_nvic.o
LOAD ../mbed/TARGET_LPC1768/TOOLCHAIN_GCC_ARM/ethernet_api.o
LOAD ../mbed/TARGET_LPC1768/TOOLCHAIN_GCC_ARM/gpio_api.o
LOAD ../mbed/TARGET_LPC1768/TOOLCHAIN_GCC_ARM/gpio_irq_api.o
LOAD ../mbed/TARGET_LPC1768/TOOLCHAIN_GCC_ARM/i2c_api.o
LOAD ../mbed/TARGET_LPC1768/TOOLCHAIN_GCC_ARM/mbed_board.o
LOAD ../mbed/TARGET_LPC1768/TOOLCHAIN_GCC_ARM/pinmap.o
LOAD ../mbed/TARGET_LPC1768/TOOLCHAIN_GCC_ARM/port_api.o
LOAD ../mbed/TARGET_LPC1768/TOOLCHAIN_GCC_ARM/pwmout_api.o
LOAD ../mbed/TARGET_LPC1768/TOOLCHAIN_GCC_ARM/retarget.o
LOAD ../mbed/TARGET_LPC1768/TOOLCHAIN_GCC_ARM/rtc_api.o
LOAD ../mbed/TARGET_LPC1768/TOOLCHAIN_GCC_ARM/serial_api.o
LOAD ../mbed/TARGET_LPC1768/TOOLCHAIN_GCC_ARM/sleep.o
LOAD ../mbed/TARGET_LPC1768/TOOLCHAIN_GCC_ARM\libmbed.a
LOAD c:/program files (x86)/gnu tools arm embedded/4.9 2015q3/bin/../lib/gcc/arm-none-eabi/4.9.3/../../../../arm-none-eabi/lib/armv7-m\libstdc++.a
LOAD c:/program files (x86)/gnu tools arm embedded/4.9 2015q3/bin/../lib/gcc/arm-none-eabi/4.9.3/../../../../arm-none-eabi/lib/armv7-m\libsupc++.a
LOAD C:\Program Files (x86)\GNU Tools ARM Embedded\4.9 2015q3\lib\gcc\arm-none-eabi\4.9.3\armv7-m\libgcc.a
LOAD c:/program files (x86)/gnu tools arm embedded/4.9 2015q3/bin/../lib/gcc/arm-none-eabi/4.9.3/../../../../arm-none-eabi/lib/armv7-m\libnosys.a
LOAD c:/program files (x86)/gnu tools arm embedded/4.9 2015q3/bin/../lib/gcc/arm-none-eabi/4.9.3/../../../../arm-none-eabi/lib/armv7-m\libstdc++.a
LOAD c:/program files (x86)/gnu tools arm embedded/4.9 2015q3/bin/../lib/gcc/arm-none-eabi/4.9.3/../../../../arm-none-eabi/lib/armv7-m\libm.a
LOAD c:/program files (x86)/gnu tools arm embedded/4.9 2015q3/bin/../lib/gcc/arm-none-eabi/4.9.3/../../../../arm-none-eabi/lib/armv7-m\libc.a
START GROUP
LOAD C:\Program Files (x86)\GNU Tools ARM Embedded\4.9 2015q3\lib\gcc\arm-none-eabi\4.9.3\armv7-m\libgcc.a
LOAD c:/program files (x86)/gnu tools arm embedded/4.9 2015q3/bin/../lib/gcc/arm-none-eabi/4.9.3/../../../../arm-none-eabi/lib/armv7-m\libg.a
LOAD c:/program files (x86)/gnu tools arm embedded/4.9 2015q3/bin/../lib/gcc/arm-none-eabi/4.9.3/../../../../arm-none-eabi/lib/armv7-m\libc.a
END GROUP
LOAD c:/program files (x86)/gnu tools arm embedded/4.9 2015q3/bin/../lib/gcc/arm-none-eabi/4.9.3/armv7-m/crtend.o
LOAD c:/program files (x86)/gnu tools arm embedded/4.9 2015q3/bin/../lib/gcc/arm-none-eabi/4.9.3/armv7-m/crtn.o

.text           0x00000000     0xdf3c
 *(.isr_vector)
 .isr_vector    0x00000000       0xcc ../mbed/TARGET_LPC1768/TOOLCHAIN_GCC_ARM/startup_LPC17xx.o
                0x00000000                __isr_vector
 *(.text*)
 .text          0x000000cc       0x5c c:/program files (x86)/gnu tools arm embedded/4.9 2015q3/bin/../lib/gcc/arm-none-eabi/4.9.3/armv7-m/crtbegin.o
 .text          0x00000128       0x74 c:/program files (x86)/gnu tools arm embedded/4.9 2015q3/bin/../lib/gcc/arm-none-eabi/4.9.3/../../../../arm-none-eabi/lib/armv7-m/crt0.o
                0x00000128                _start
                0x00000128                _mainCRTStartup
 .text._ZN7DRV2605C2E7PinNameS0_
                0x0000019c       0x12 ./src/DRV2605/DRV2605.o
                0x0000019c                DRV2605::DRV2605(PinName, PinName)
                0x0000019c                DRV2605::DRV2605(PinName, PinName)
 .text._ZN7DRV260512i2cWriteByteEcc
                0x000001ae       0x1e ./src/DRV2605/DRV2605.o
                0x000001ae                DRV2605::i2cWriteByte(char, char)
 .text._ZN7DRV260511i2cReadByteEc
                0x000001cc       0x32 ./src/DRV2605/DRV2605.o
                0x000001cc                DRV2605::i2cReadByte(char)
 .text._ZN7DRV26054modeENS_4ModeE
                0x000001fe        0x8 ./src/DRV2605/DRV2605.o
                0x000001fe                DRV2605::mode(DRV2605::Mode)
 .text._ZN7DRV260511diagnosticsEv
                0x00000206       0x2c ./src/DRV2605/DRV2605.o
                0x00000206                DRV2605::diagnostics()
 .text._ZN7DRV260513play_waveformEi
                0x00000232       0x2e ./src/DRV2605/DRV2605.o
                0x00000232                DRV2605::play_waveform(int)
 .text._ZN7DRV260522load_waveform_sequenceEiiiiiiii
                0x00000260       0x72 ./src/DRV2605/DRV2605.o
                0x00000260                DRV2605::load_waveform_sequence(int, int, int, int, int, int, int, int)
 .text._ZN7DRV26054playEv
                0x000002d2       0x1a ./src/DRV2605/DRV2605.o
                0x000002d2                DRV2605::play()
 *fill*         0x000002ec        0x4 
 .text._ZN7DRV260518auto_cal_open_loopEf
                0x000002f0       0x98 ./src/DRV2605/DRV2605.o
                0x000002f0                DRV2605::auto_cal_open_loop(float)
 .text._ZN7DRV26054initEfNS_7LibraryE
                0x00000388       0x22 ./src/DRV2605/DRV2605.o
                0x00000388                DRV2605::init(float, DRV2605::Library)
 .text._ZN7DRV26056useLRAEv
                0x000003aa       0x1c ./src/DRV2605/DRV2605.o
                0x000003aa                DRV2605::useLRA()
 *fill*         0x000003c6        0x2 
 .text._ZN4mbed10SerialBaseD2Ev
                0x000003c8       0x30 ./src/main.o
                0x000003c8                mbed::SerialBase::~SerialBase()
                0x000003c8                mbed::SerialBase::~SerialBase()
 .text._ZN4mbed10SerialBaseD0Ev
                0x000003f8       0x12 ./src/main.o
                0x000003f8                mbed::SerialBase::~SerialBase()
 *fill*         0x0000040a        0x2 
 .text._Z14simpleWaveformiiib
                0x0000040c       0x6c ./src/main.o
                0x0000040c                simpleWaveform(int, int, int, bool)
 .text._Z10invokeBothii
                0x00000478       0x50 ./src/main.o
                0x00000478                invokeBoth(int, int)
 .text.startup.main
                0x000004c8      0x528 ./src/main.o
                0x000004c8                main
 .text._ZN4mbed6SerialD2Ev
                0x000009f0       0x28 ./src/main.o
                0x000009f0                mbed::Serial::~Serial()
                0x000009f0                mbed::Serial::~Serial()
 .text._ZN4mbed6SerialD1Ev
                0x00000a18       0x10 ./src/main.o
                0x00000a18                non-virtual thunk to mbed::Serial::~Serial()
                0x00000a20                non-virtual thunk to mbed::Serial::~Serial()
 .text._ZN4mbed6SerialD0Ev
                0x00000a28       0x1e ./src/main.o
                0x00000a28                mbed::Serial::~Serial()
                0x00000a3a                non-virtual thunk to mbed::Serial::~Serial()
                0x00000a40                non-virtual thunk to mbed::Serial::~Serial()
 *fill*         0x00000a46        0x2 
 .text.startup._GLOBAL__sub_I_rightLRA
                0x00000a48       0x88 ./src/main.o
 .text.exit._GLOBAL__sub_D_rightLRA
                0x00000ad0       0x18 ./src/main.o
 .text          0x00000ae8       0x44 ../mbed/TARGET_LPC1768/TOOLCHAIN_GCC_ARM/startup_LPC17xx.o
                0x00000ae8                Reset_Handler
                0x00000b18                NMI_Handler
                0x00000b1a                HardFault_Handler
                0x00000b1c                MemManage_Handler
                0x00000b1e                BusFault_Handler
                0x00000b20                UsageFault_Handler
                0x00000b22                SVC_Handler
                0x00000b24                DebugMon_Handler
                0x00000b26                PendSV_Handler
                0x00000b28                SysTick_Handler
                0x00000b2a                EINT2_IRQHandler
                0x00000b2a                USBActivity_IRQHandler
                0x00000b2a                EINT3_IRQHandler
                0x00000b2a                CANActivity_IRQHandler
                0x00000b2a                TIMER3_IRQHandler
                0x00000b2a                UART0_IRQHandler
                0x00000b2a                UART1_IRQHandler
                0x00000b2a                I2C1_IRQHandler
                0x00000b2a                PLL0_IRQHandler
                0x00000b2a                I2C0_IRQHandler
                0x00000b2a                PLL1_IRQHandler
                0x00000b2a                SSP0_IRQHandler
                0x00000b2a                I2S_IRQHandler
                0x00000b2a                I2C2_IRQHandler
                0x00000b2a                RTC_IRQHandler
                0x00000b2a                TIMER0_IRQHandler
                0x00000b2a                RIT_IRQHandler
                0x00000b2a                SPI_IRQHandler
                0x00000b2a                EINT1_IRQHandler
                0x00000b2a                TIMER1_IRQHandler
                0x00000b2a                UART2_IRQHandler
                0x00000b2a                Default_Handler
                0x00000b2a                ADC_IRQHandler
                0x00000b2a                SSP1_IRQHandler
                0x00000b2a                USB_IRQHandler
                0x00000b2a                BOD_IRQHandler
                0x00000b2a                PWM1_IRQHandler
                0x00000b2a                WDT_IRQHandler
                0x00000b2a                CAN_IRQHandler
                0x00000b2a                QEI_IRQHandler
                0x00000b2a                EINT0_IRQHandler
                0x00000b2a                DEF_IRQHandler
                0x00000b2a                DMA_IRQHandler
                0x00000b2a                TIMER2_IRQHandler
                0x00000b2a                UART3_IRQHandler
                0x00000b2a                MCPWM_IRQHandler
                0x00000b2a                ENET_IRQHandler
 .text.SystemInit
                0x00000b2c       0xa4 ../mbed/TARGET_LPC1768/TOOLCHAIN_GCC_ARM/system_LPC17xx.o
                0x00000b2c                SystemInit
 .text.us_ticker_init
                0x00000bd0       0x60 ../mbed/TARGET_LPC1768/TOOLCHAIN_GCC_ARM/us_ticker.o
                0x00000bd0                us_ticker_init
 .text.us_ticker_read
                0x00000c30       0x1c ../mbed/TARGET_LPC1768/TOOLCHAIN_GCC_ARM/us_ticker.o
                0x00000c30                us_ticker_read
 .text.us_ticker_set_interrupt
                0x00000c4c       0x14 ../mbed/TARGET_LPC1768/TOOLCHAIN_GCC_ARM/us_ticker.o
                0x00000c4c                us_ticker_set_interrupt
 .text.us_ticker_disable_interrupt
                0x00000c60       0x10 ../mbed/TARGET_LPC1768/TOOLCHAIN_GCC_ARM/us_ticker.o
                0x00000c60                us_ticker_disable_interrupt
 .text.us_ticker_clear_interrupt
                0x00000c70        0xc ../mbed/TARGET_LPC1768/TOOLCHAIN_GCC_ARM/us_ticker.o
                0x00000c70                us_ticker_clear_interrupt
 .text.__NVIC_SetVector
                0x00000c7c       0x40 ../mbed/TARGET_LPC1768/TOOLCHAIN_GCC_ARM/cmsis_nvic.o
                0x00000c7c                __NVIC_SetVector
 .text.gpio_set
                0x00000cbc       0x2c ../mbed/TARGET_LPC1768/TOOLCHAIN_GCC_ARM/gpio_api.o
                0x00000cbc                gpio_set
 .text.gpio_init
                0x00000ce8       0x2e ../mbed/TARGET_LPC1768/TOOLCHAIN_GCC_ARM/gpio_api.o
                0x00000ce8                gpio_init
 .text.gpio_mode
                0x00000d16        0x6 ../mbed/TARGET_LPC1768/TOOLCHAIN_GCC_ARM/gpio_api.o
                0x00000d16                gpio_mode
 .text.gpio_dir
                0x00000d1c       0x40 ../mbed/TARGET_LPC1768/TOOLCHAIN_GCC_ARM/gpio_api.o
                0x00000d1c                gpio_dir
 .text.i2c_wait_SI
                0x00000d5c       0x1c ../mbed/TARGET_LPC1768/TOOLCHAIN_GCC_ARM/i2c_api.o
 .text.i2c_do_write.isra.0
                0x00000d78       0x16 ../mbed/TARGET_LPC1768/TOOLCHAIN_GCC_ARM/i2c_api.o
 .text.i2c_start
                0x00000d8e       0x2a ../mbed/TARGET_LPC1768/TOOLCHAIN_GCC_ARM/i2c_api.o
                0x00000d8e                i2c_start
 .text.i2c_stop
                0x00000db8       0x24 ../mbed/TARGET_LPC1768/TOOLCHAIN_GCC_ARM/i2c_api.o
                0x00000db8                i2c_stop
 .text.i2c_frequency
                0x00000ddc       0x18 ../mbed/TARGET_LPC1768/TOOLCHAIN_GCC_ARM/i2c_api.o
                0x00000ddc                i2c_frequency
 .text.i2c_init
                0x00000df4       0xb4 ../mbed/TARGET_LPC1768/TOOLCHAIN_GCC_ARM/i2c_api.o
                0x00000df4                i2c_init
 .text.i2c_read
                0x00000ea8       0xa8 ../mbed/TARGET_LPC1768/TOOLCHAIN_GCC_ARM/i2c_api.o
                0x00000ea8                i2c_read
 .text.i2c_write
                0x00000f50       0x6a ../mbed/TARGET_LPC1768/TOOLCHAIN_GCC_ARM/i2c_api.o
                0x00000f50                i2c_write
 *fill*         0x00000fba        0x2 
 .text.gpio_write
                0x00000fbc       0x2c ../mbed/TARGET_LPC1768/TOOLCHAIN_GCC_ARM/mbed_board.o
 .text.mbed_die
                0x00000fe8       0x88 ../mbed/TARGET_LPC1768/TOOLCHAIN_GCC_ARM/mbed_board.o
                0x00000fe8                mbed_die
 .text.mbed_error_vfprintf
                0x00001070       0x58 ../mbed/TARGET_LPC1768/TOOLCHAIN_GCC_ARM/mbed_board.o
                0x00001070                mbed_error_vfprintf
 .text.mbed_error_printf
                0x000010c8       0x1a ../mbed/TARGET_LPC1768/TOOLCHAIN_GCC_ARM/mbed_board.o
                0x000010c8                mbed_error_printf
 *fill*         0x000010e2        0x2 
 .text.pin_function
                0x000010e4       0x50 ../mbed/TARGET_LPC1768/TOOLCHAIN_GCC_ARM/pinmap.o
                0x000010e4                pin_function
 .text.pin_mode
                0x00001134       0x74 ../mbed/TARGET_LPC1768/TOOLCHAIN_GCC_ARM/pinmap.o
                0x00001134                pin_mode
 .text._ZN4mbed10FileHandle4lockEv
                0x000011a8        0x2 ../mbed/TARGET_LPC1768/TOOLCHAIN_GCC_ARM/retarget.o
                0x000011a8                mbed::FileHandle::lock()
 .text._ZN4mbed10FileHandle6unlockEv
                0x000011aa        0x2 ../mbed/TARGET_LPC1768/TOOLCHAIN_GCC_ARM/retarget.o
                0x000011aa                mbed::FileHandle::unlock()
 .text._ZN4mbed10FileHandle4flenEv
                0x000011ac       0x4c ../mbed/TARGET_LPC1768/TOOLCHAIN_GCC_ARM/retarget.o
                0x000011ac                mbed::FileHandle::flen()
 .text._ZL11init_serialv
                0x000011f8       0x34 ../mbed/TARGET_LPC1768/TOOLCHAIN_GCC_ARM/retarget.o
 .text.mbed_sdk_init
                0x0000122c        0x2 ../mbed/TARGET_LPC1768/TOOLCHAIN_GCC_ARM/retarget.o
                0x0000122c                mbed_sdk_init
 *fill*         0x0000122e        0x2 
 .text._close   0x00001230       0x2c ../mbed/TARGET_LPC1768/TOOLCHAIN_GCC_ARM/retarget.o
                0x00001230                _close
 .text._write   0x0000125c       0x50 ../mbed/TARGET_LPC1768/TOOLCHAIN_GCC_ARM/retarget.o
                0x0000125c                _write
 .text._read    0x000012ac       0x44 ../mbed/TARGET_LPC1768/TOOLCHAIN_GCC_ARM/retarget.o
                0x000012ac                _read
 .text._isatty  0x000012f0       0x24 ../mbed/TARGET_LPC1768/TOOLCHAIN_GCC_ARM/retarget.o
                0x000012f0                _isatty
 .text._lseek   0x00001314       0x24 ../mbed/TARGET_LPC1768/TOOLCHAIN_GCC_ARM/retarget.o
                0x00001314                _lseek
 .text._fstat   0x00001338       0x1e ../mbed/TARGET_LPC1768/TOOLCHAIN_GCC_ARM/retarget.o
                0x00001338                _fstat
 .text.__cxa_pure_virtual
                0x00001356        0x8 ../mbed/TARGET_LPC1768/TOOLCHAIN_GCC_ARM/retarget.o
                0x00001356                __cxa_pure_virtual
 .text.software_init_hook_rtos
                0x0000135e        0x2 ../mbed/TARGET_LPC1768/TOOLCHAIN_GCC_ARM/retarget.o
                0x0000135e                software_init_hook_rtos
 .text.software_init_hook
                0x00001360        0xc ../mbed/TARGET_LPC1768/TOOLCHAIN_GCC_ARM/retarget.o
                0x00001360                software_init_hook
 .text.mbed_main
                0x0000136c        0x2 ../mbed/TARGET_LPC1768/TOOLCHAIN_GCC_ARM/retarget.o
                0x0000136c                mbed_main
 .text.__wrap_main
                0x0000136e        0xe ../mbed/TARGET_LPC1768/TOOLCHAIN_GCC_ARM/retarget.o
                0x0000136e                __wrap_main
 .text._sbrk    0x0000137c       0x44 ../mbed/TARGET_LPC1768/TOOLCHAIN_GCC_ARM/retarget.o
                0x0000137c                _sbrk
 .text._exit    0x000013c0       0x2c ../mbed/TARGET_LPC1768/TOOLCHAIN_GCC_ARM/retarget.o
                0x000013c0                _exit
 .text._ZN4mbed26mbed_set_unbuffered_streamEP7__sFILE
                0x000013ec        0x6 ../mbed/TARGET_LPC1768/TOOLCHAIN_GCC_ARM/retarget.o
                0x000013ec                mbed::mbed_set_unbuffered_stream(__sFILE*)
 .text._ZN4mbed9mbed_getcEP7__sFILE
                0x000013f2        0x4 ../mbed/TARGET_LPC1768/TOOLCHAIN_GCC_ARM/retarget.o
                0x000013f2                mbed::mbed_getc(__sFILE*)
 .text.__rtos_malloc_lock
                0x000013f6        0x2 ../mbed/TARGET_LPC1768/TOOLCHAIN_GCC_ARM/retarget.o
                0x000013f6                __rtos_malloc_lock
 .text.__rtos_malloc_unlock
                0x000013f8        0x2 ../mbed/TARGET_LPC1768/TOOLCHAIN_GCC_ARM/retarget.o
                0x000013f8                __rtos_malloc_unlock
 .text.__malloc_lock
                0x000013fa        0x8 ../mbed/TARGET_LPC1768/TOOLCHAIN_GCC_ARM/retarget.o
                0x000013fa                __malloc_lock
 .text.__malloc_unlock
                0x00001402        0x8 ../mbed/TARGET_LPC1768/TOOLCHAIN_GCC_ARM/retarget.o
                0x00001402                __malloc_unlock
 .text._ZdlPv   0x0000140a        0x8 ../mbed/TARGET_LPC1768/TOOLCHAIN_GCC_ARM/retarget.o
                0x0000140a                operator delete(void*)
 *fill*         0x00001412        0x2 
 .text._ZN12SingletonPtrI13PlatformMutexE3getEv
                0x00001414       0x2c ../mbed/TARGET_LPC1768/TOOLCHAIN_GCC_ARM/retarget.o
                0x00001414                SingletonPtr<PlatformMutex>::get()
 .text._ZN4mbed10FileHandleD2Ev
                0x00001440       0x3c ../mbed/TARGET_LPC1768/TOOLCHAIN_GCC_ARM/retarget.o
                0x00001440                mbed::FileHandle::~FileHandle()
                0x00001440                mbed::FileHandle::~FileHandle()
 .text._open    0x0000147c       0xf8 ../mbed/TARGET_LPC1768/TOOLCHAIN_GCC_ARM/retarget.o
                0x0000147c                _open
 .text.uart_irq
                0x00001574       0x60 ../mbed/TARGET_LPC1768/TOOLCHAIN_GCC_ARM/serial_api.o
 .text.uart0_irq
                0x000015d4       0x14 ../mbed/TARGET_LPC1768/TOOLCHAIN_GCC_ARM/serial_api.o
                0x000015d4                uart0_irq
 .text.uart1_irq
                0x000015e8       0x14 ../mbed/TARGET_LPC1768/TOOLCHAIN_GCC_ARM/serial_api.o
                0x000015e8                uart1_irq
 .text.uart2_irq
                0x000015fc       0x14 ../mbed/TARGET_LPC1768/TOOLCHAIN_GCC_ARM/serial_api.o
                0x000015fc                uart2_irq
 .text.uart3_irq
                0x00001610       0x14 ../mbed/TARGET_LPC1768/TOOLCHAIN_GCC_ARM/serial_api.o
                0x00001610                uart3_irq
 .text.serial_irq_set_internal
                0x00001624       0xc4 ../mbed/TARGET_LPC1768/TOOLCHAIN_GCC_ARM/serial_api.o
 .text.serial_baud
                0x000016e8      0x1f0 ../mbed/TARGET_LPC1768/TOOLCHAIN_GCC_ARM/serial_api.o
                0x000016e8                serial_baud
 .text.serial_format
                0x000018d8       0x74 ../mbed/TARGET_LPC1768/TOOLCHAIN_GCC_ARM/serial_api.o
                0x000018d8                serial_format
 .text.serial_irq_handler
                0x0000194c       0x18 ../mbed/TARGET_LPC1768/TOOLCHAIN_GCC_ARM/serial_api.o
                0x0000194c                serial_irq_handler
 .text.serial_getc
                0x00001964       0x38 ../mbed/TARGET_LPC1768/TOOLCHAIN_GCC_ARM/serial_api.o
                0x00001964                serial_getc
 .text.serial_readable
                0x0000199c        0xa ../mbed/TARGET_LPC1768/TOOLCHAIN_GCC_ARM/serial_api.o
                0x0000199c                serial_readable
 *fill*         0x000019a6        0x2 
 .text.serial_writable
                0x000019a8       0x50 ../mbed/TARGET_LPC1768/TOOLCHAIN_GCC_ARM/serial_api.o
                0x000019a8                serial_writable
 .text.serial_putc
                0x000019f8       0x30 ../mbed/TARGET_LPC1768/TOOLCHAIN_GCC_ARM/serial_api.o
                0x000019f8                serial_putc
 .text.serial_set_flow_control
                0x00001a28      0x108 ../mbed/TARGET_LPC1768/TOOLCHAIN_GCC_ARM/serial_api.o
                0x00001a28                serial_set_flow_control
 .text.serial_init
                0x00001b30      0x16c ../mbed/TARGET_LPC1768/TOOLCHAIN_GCC_ARM/serial_api.o
                0x00001b30                serial_init
 .text._ZN4mbed8FilePathC2EPKc
                0x00001c9c       0x3c ../mbed/TARGET_LPC1768/TOOLCHAIN_GCC_ARM\libmbed.a(FilePath.o)
                0x00001c9c                mbed::FilePath::FilePath(char const*)
                0x00001c9c                mbed::FilePath::FilePath(char const*)
 .text._ZN4mbed8FilePath8fileNameEv
                0x00001cd8        0x4 ../mbed/TARGET_LPC1768/TOOLCHAIN_GCC_ARM\libmbed.a(FilePath.o)
                0x00001cd8                mbed::FilePath::fileName()
 .text._ZN4mbed8FilePath12isFileSystemEv
                0x00001cdc       0x12 ../mbed/TARGET_LPC1768/TOOLCHAIN_GCC_ARM\libmbed.a(FilePath.o)
                0x00001cdc                mbed::FilePath::isFileSystem()
 .text._ZN4mbed8FilePath10fileSystemEv
                0x00001cee        0xe ../mbed/TARGET_LPC1768/TOOLCHAIN_GCC_ARM\libmbed.a(FilePath.o)
                0x00001cee                mbed::FilePath::fileSystem()
 .text._ZN4mbed8FilePath6isFileEv
                0x00001cfc       0x12 ../mbed/TARGET_LPC1768/TOOLCHAIN_GCC_ARM\libmbed.a(FilePath.o)
                0x00001cfc                mbed::FilePath::isFile()
 .text._ZN4mbed8FilePath4fileEv
                0x00001d0e       0x12 ../mbed/TARGET_LPC1768/TOOLCHAIN_GCC_ARM\libmbed.a(FilePath.o)
                0x00001d0e                mbed::FilePath::file()
 .text._ZN4mbed8FilePath6existsEv
                0x00001d20        0xa ../mbed/TARGET_LPC1768/TOOLCHAIN_GCC_ARM\libmbed.a(FilePath.o)
                0x00001d20                mbed::FilePath::exists()
 .text._ZN4mbed3I2CD2Ev
                0x00001d2a        0x2 ../mbed/TARGET_LPC1768/TOOLCHAIN_GCC_ARM\libmbed.a(I2C.o)
                0x00001d2a                mbed::I2C::~I2C()
                0x00001d2a                mbed::I2C::~I2C()
 .text._ZN4mbed3I2CD0Ev
                0x00001d2c        0xc ../mbed/TARGET_LPC1768/TOOLCHAIN_GCC_ARM\libmbed.a(I2C.o)
                0x00001d2c                mbed::I2C::~I2C()
 .text._ZN4mbed3I2CC2E7PinNameS1_
                0x00001d38       0x2c ../mbed/TARGET_LPC1768/TOOLCHAIN_GCC_ARM\libmbed.a(I2C.o)
                0x00001d38                mbed::I2C::I2C(PinName, PinName)
                0x00001d38                mbed::I2C::I2C(PinName, PinName)
 .text._ZN4mbed3I2C6aquireEv
                0x00001d64       0x2c ../mbed/TARGET_LPC1768/TOOLCHAIN_GCC_ARM\libmbed.a(I2C.o)
                0x00001d64                mbed::I2C::aquire()
 .text._ZN4mbed3I2C5writeEiPKcib
                0x00001d90       0x40 ../mbed/TARGET_LPC1768/TOOLCHAIN_GCC_ARM\libmbed.a(I2C.o)
                0x00001d90                mbed::I2C::write(int, char const*, int, bool)
 .text._ZN4mbed3I2C4readEiPcib
                0x00001dd0       0x40 ../mbed/TARGET_LPC1768/TOOLCHAIN_GCC_ARM\libmbed.a(I2C.o)
                0x00001dd0                mbed::I2C::read(int, char*, int, bool)
 .text._ZN4mbed3I2C4lockEv
                0x00001e10       0x10 ../mbed/TARGET_LPC1768/TOOLCHAIN_GCC_ARM\libmbed.a(I2C.o)
                0x00001e10                mbed::I2C::lock()
 .text._ZN4mbed3I2C6unlockEv
                0x00001e20       0x10 ../mbed/TARGET_LPC1768/TOOLCHAIN_GCC_ARM\libmbed.a(I2C.o)
                0x00001e20                mbed::I2C::unlock()
 .text._ZN4mbed6Serial4lockEv
                0x00001e30        0x2 ../mbed/TARGET_LPC1768/TOOLCHAIN_GCC_ARM\libmbed.a(Serial.o)
                0x00001e30                mbed::Serial::lock()
 .text._ZThn48_N4mbed6Serial4lockEv
                0x00001e32        0x8 ../mbed/TARGET_LPC1768/TOOLCHAIN_GCC_ARM\libmbed.a(Serial.o)
                0x00001e32                non-virtual thunk to mbed::Serial::lock()
 .text._ZN4mbed6Serial6unlockEv
                0x00001e3a        0x2 ../mbed/TARGET_LPC1768/TOOLCHAIN_GCC_ARM\libmbed.a(Serial.o)
                0x00001e3a                mbed::Serial::unlock()
 .text._ZThn48_N4mbed6Serial6unlockEv
                0x00001e3c        0x8 ../mbed/TARGET_LPC1768/TOOLCHAIN_GCC_ARM\libmbed.a(Serial.o)
                0x00001e3c                non-virtual thunk to mbed::Serial::unlock()
 .text._ZN4mbed6Serial5_getcEv
                0x00001e44        0x4 ../mbed/TARGET_LPC1768/TOOLCHAIN_GCC_ARM\libmbed.a(Serial.o)
                0x00001e44                mbed::Serial::_getc()
 .text._ZThn48_N4mbed6Serial5_getcEv
                0x00001e48        0x8 ../mbed/TARGET_LPC1768/TOOLCHAIN_GCC_ARM\libmbed.a(Serial.o)
                0x00001e48                non-virtual thunk to mbed::Serial::_getc()
 .text._ZN4mbed6Serial5_putcEi
                0x00001e50        0x4 ../mbed/TARGET_LPC1768/TOOLCHAIN_GCC_ARM\libmbed.a(Serial.o)
                0x00001e50                mbed::Serial::_putc(int)
 .text._ZThn48_N4mbed6Serial5_putcEi
                0x00001e54        0x8 ../mbed/TARGET_LPC1768/TOOLCHAIN_GCC_ARM\libmbed.a(Serial.o)
                0x00001e54                non-virtual thunk to mbed::Serial::_putc(int)
 .text._ZN4mbed6SerialC2E7PinNameS1_PKci
                0x00001e5c       0x30 ../mbed/TARGET_LPC1768/TOOLCHAIN_GCC_ARM\libmbed.a(Serial.o)
                0x00001e5c                mbed::Serial::Serial(PinName, PinName, char const*, int)
                0x00001e5c                mbed::Serial::Serial(PinName, PinName, char const*, int)
 .text._ZN4mbedL9donothingEv
                0x00001e8c        0x2 ../mbed/TARGET_LPC1768/TOOLCHAIN_GCC_ARM\libmbed.a(SerialBase.o)
 .text._ZN4mbed10SerialBase4lockEv
                0x00001e8e        0x2 ../mbed/TARGET_LPC1768/TOOLCHAIN_GCC_ARM\libmbed.a(SerialBase.o)
                0x00001e8e                mbed::SerialBase::lock()
 .text._ZN4mbed10SerialBase6unlockEv
                0x00001e90        0x2 ../mbed/TARGET_LPC1768/TOOLCHAIN_GCC_ARM\libmbed.a(SerialBase.o)
                0x00001e90                mbed::SerialBase::unlock()
 .text._ZN4mbed8CallbackIFvvEE13function_callIPS1_EEvPKv
                0x00001e92        0x4 ../mbed/TARGET_LPC1768/TOOLCHAIN_GCC_ARM\libmbed.a(SerialBase.o)
                0x00001e92                void mbed::Callback<void ()>::function_call<void (*)()>(void const*)
 .text._ZN4mbed8CallbackIFvvEE13function_moveIPS1_EEvPvPKv
                0x00001e96        0x8 ../mbed/TARGET_LPC1768/TOOLCHAIN_GCC_ARM\libmbed.a(SerialBase.o)
                0x00001e96                void mbed::Callback<void ()>::function_move<void (*)()>(void*, void const*)
 .text._ZN4mbed8CallbackIFvvEE13function_dtorIPS1_EEvPv
                0x00001e9e        0x2 ../mbed/TARGET_LPC1768/TOOLCHAIN_GCC_ARM\libmbed.a(SerialBase.o)
                0x00001e9e                void mbed::Callback<void ()>::function_dtor<void (*)()>(void*)
 .text._ZN4mbed10SerialBase12_irq_handlerEm9SerialIrq
                0x00001ea0       0x30 ../mbed/TARGET_LPC1768/TOOLCHAIN_GCC_ARM\libmbed.a(SerialBase.o)
                0x00001ea0                mbed::SerialBase::_irq_handler(unsigned long, SerialIrq)
 .text._ZN4mbed10SerialBase8readableEv
                0x00001ed0       0x22 ../mbed/TARGET_LPC1768/TOOLCHAIN_GCC_ARM\libmbed.a(SerialBase.o)
                0x00001ed0                mbed::SerialBase::readable()
 .text._ZN4mbed10SerialBase10_base_getcEv
                0x00001ef2        0x6 ../mbed/TARGET_LPC1768/TOOLCHAIN_GCC_ARM\libmbed.a(SerialBase.o)
                0x00001ef2                mbed::SerialBase::_base_getc()
 .text._ZN4mbed10SerialBase10_base_putcEi
                0x00001ef8        0xe ../mbed/TARGET_LPC1768/TOOLCHAIN_GCC_ARM\libmbed.a(SerialBase.o)
                0x00001ef8                mbed::SerialBase::_base_putc(int)
 .text._ZN4mbed8CallbackIFvvEED2Ev
                0x00001f06       0x10 ../mbed/TARGET_LPC1768/TOOLCHAIN_GCC_ARM\libmbed.a(SerialBase.o)
                0x00001f06                mbed::Callback<void ()>::~Callback()
                0x00001f06                mbed::Callback<void ()>::~Callback()
 *fill*         0x00001f16        0x2 
 .text._ZN4mbed10SerialBaseC2E7PinNameS1_i
                0x00001f18       0x74 ../mbed/TARGET_LPC1768/TOOLCHAIN_GCC_ARM\libmbed.a(SerialBase.o)
                0x00001f18                mbed::SerialBase::SerialBase(PinName, PinName, int)
                0x00001f18                mbed::SerialBase::SerialBase(PinName, PinName, int)
 .text._ZN4mbed6Stream5closeEv
                0x00001f8c        0x4 ../mbed/TARGET_LPC1768/TOOLCHAIN_GCC_ARM\libmbed.a(Stream.o)
                0x00001f8c                mbed::Stream::close()
 .text._ZN4mbed6Stream5writeEPKvj
                0x00001f90       0x32 ../mbed/TARGET_LPC1768/TOOLCHAIN_GCC_ARM\libmbed.a(Stream.o)
                0x00001f90                mbed::Stream::write(void const*, unsigned int)
 .text._ZN4mbed6Stream4readEPvj
                0x00001fc2       0x32 ../mbed/TARGET_LPC1768/TOOLCHAIN_GCC_ARM\libmbed.a(Stream.o)
                0x00001fc2                mbed::Stream::read(void*, unsigned int)
 .text._ZN4mbed6Stream5lseekEli
                0x00001ff4        0x4 ../mbed/TARGET_LPC1768/TOOLCHAIN_GCC_ARM\libmbed.a(Stream.o)
                0x00001ff4                mbed::Stream::lseek(long, int)
 .text._ZN4mbed6Stream6isattyEv
                0x00001ff8        0x4 ../mbed/TARGET_LPC1768/TOOLCHAIN_GCC_ARM\libmbed.a(Stream.o)
                0x00001ff8                mbed::Stream::isatty()
 .text._ZN4mbed6Stream5fsyncEv
                0x00001ffc        0x4 ../mbed/TARGET_LPC1768/TOOLCHAIN_GCC_ARM\libmbed.a(Stream.o)
                0x00001ffc                mbed::Stream::fsync()
 .text._ZN4mbed6Stream4flenEv
                0x00002000        0x4 ../mbed/TARGET_LPC1768/TOOLCHAIN_GCC_ARM\libmbed.a(Stream.o)
                0x00002000                mbed::Stream::flen()
 .text._ZN4mbed6StreamC2EPKc
                0x00002004       0x44 ../mbed/TARGET_LPC1768/TOOLCHAIN_GCC_ARM\libmbed.a(Stream.o)
                0x00002004                mbed::Stream::Stream(char const*)
                0x00002004                mbed::Stream::Stream(char const*)
 .text._ZN4mbed6StreamD2Ev
                0x00002048       0x24 ../mbed/TARGET_LPC1768/TOOLCHAIN_GCC_ARM\libmbed.a(Stream.o)
                0x00002048                mbed::Stream::~Stream()
                0x00002048                mbed::Stream::~Stream()
 .text._ZN4mbed6Stream4getcEv
                0x0000206c       0x24 ../mbed/TARGET_LPC1768/TOOLCHAIN_GCC_ARM\libmbed.a(Stream.o)
                0x0000206c                mbed::Stream::getc()
 .text._ZN4mbed6Stream6printfEPKcz
                0x00002090       0x3a ../mbed/TARGET_LPC1768/TOOLCHAIN_GCC_ARM\libmbed.a(Stream.o)
                0x00002090                mbed::Stream::printf(char const*, ...)
 *fill*         0x000020ca        0x2 
 .text.gpio_write
                0x000020cc       0x2c ../mbed/TARGET_LPC1768/TOOLCHAIN_GCC_ARM\libmbed.a(mbed_gpio.o)
 .text._gpio_init_in
                0x000020f8       0x26 ../mbed/TARGET_LPC1768/TOOLCHAIN_GCC_ARM\libmbed.a(mbed_gpio.o)
 .text.gpio_init_in
                0x0000211e        0x6 ../mbed/TARGET_LPC1768/TOOLCHAIN_GCC_ARM\libmbed.a(mbed_gpio.o)
                0x0000211e                gpio_init_in
 .text.gpio_init_out_ex
                0x00002124       0x2e ../mbed/TARGET_LPC1768/TOOLCHAIN_GCC_ARM\libmbed.a(mbed_gpio.o)
                0x00002124                gpio_init_out_ex
 .text.gpio_init_out
                0x00002152        0x6 ../mbed/TARGET_LPC1768/TOOLCHAIN_GCC_ARM\libmbed.a(mbed_gpio.o)
                0x00002152                gpio_init_out
 .text.pinmap_pinout
                0x00002158       0x38 ../mbed/TARGET_LPC1768/TOOLCHAIN_GCC_ARM\libmbed.a(mbed_pinmap_common.o)
                0x00002158                pinmap_pinout
 .text.pinmap_merge
                0x00002190       0x24 ../mbed/TARGET_LPC1768/TOOLCHAIN_GCC_ARM\libmbed.a(mbed_pinmap_common.o)
                0x00002190                pinmap_merge
 .text.pinmap_find_peripheral
                0x000021b4       0x16 ../mbed/TARGET_LPC1768/TOOLCHAIN_GCC_ARM\libmbed.a(mbed_pinmap_common.o)
                0x000021b4                pinmap_find_peripheral
 *fill*         0x000021ca        0x2 
 .text.pinmap_peripheral
                0x000021cc       0x20 ../mbed/TARGET_LPC1768/TOOLCHAIN_GCC_ARM\libmbed.a(mbed_pinmap_common.o)
                0x000021cc                pinmap_peripheral
 .text.us_ticker_irq_handler
                0x000021ec        0xc ../mbed/TARGET_LPC1768/TOOLCHAIN_GCC_ARM\libmbed.a(mbed_us_ticker_api.o)
                0x000021ec                us_ticker_irq_handler
 .text.mbed_assert_internal
                0x000021f8       0x24 ../mbed/TARGET_LPC1768/TOOLCHAIN_GCC_ARM\libmbed.a(mbed_assert.o)
                0x000021f8                mbed_assert_internal
 .text.error    0x0000221c       0x16 ../mbed/TARGET_LPC1768/TOOLCHAIN_GCC_ARM\libmbed.a(mbed_error.o)
                0x0000221c                error
 .text.core_util_are_interrupts_enabled
                0x00002232        0xe ../mbed/TARGET_LPC1768/TOOLCHAIN_GCC_ARM\libmbed.a(mbed_critical.o)
                0x00002232                core_util_are_interrupts_enabled
 .text.core_util_critical_section_enter
                0x00002240       0x54 ../mbed/TARGET_LPC1768/TOOLCHAIN_GCC_ARM\libmbed.a(mbed_critical.o)
                0x00002240                core_util_critical_section_enter
 .text.core_util_critical_section_exit
                0x00002294       0x3c ../mbed/TARGET_LPC1768/TOOLCHAIN_GCC_ARM\libmbed.a(mbed_critical.o)
                0x00002294                core_util_critical_section_exit
 .text.mbed_interface_connected
                0x000022d0        0x4 ../mbed/TARGET_LPC1768/TOOLCHAIN_GCC_ARM\libmbed.a(mbed_interface.o)
                0x000022d0                mbed_interface_connected
 .text.wait_us  0x000022d4       0x16 ../mbed/TARGET_LPC1768/TOOLCHAIN_GCC_ARM\libmbed.a(mbed_wait_api_no_rtos.o)
                0x000022d4                wait_us
 .text.wait_ms  0x000022ea        0xa ../mbed/TARGET_LPC1768/TOOLCHAIN_GCC_ARM\libmbed.a(mbed_wait_api_no_rtos.o)
                0x000022ea                wait_ms
 .text.semihost_exit
                0x000022f4       0x16 ../mbed/TARGET_LPC1768/TOOLCHAIN_GCC_ARM\libmbed.a(mbed_semihost_api.o)
                0x000022f4                semihost_exit
 *fill*         0x0000230a        0x2 
 .text.semihost_connected
                0x0000230c       0x10 ../mbed/TARGET_LPC1768/TOOLCHAIN_GCC_ARM\libmbed.a(mbed_semihost_api.o)
                0x0000230c                semihost_connected
 .text._ZN4mbed8FileLikeC2EPKc
                0x0000231c       0x28 ../mbed/TARGET_LPC1768/TOOLCHAIN_GCC_ARM\libmbed.a(FileLike.o)
                0x0000231c                mbed::FileLike::FileLike(char const*)
                0x0000231c                mbed::FileLike::FileLike(char const*)
 .text._ZN4mbed8FileLikeD2Ev
                0x00002344       0x24 ../mbed/TARGET_LPC1768/TOOLCHAIN_GCC_ARM\libmbed.a(FileLike.o)
                0x00002344                mbed::FileLike::~FileLike()
                0x00002344                mbed::FileLike::~FileLike()
 .text._ZN4mbed8FileBase11getPathTypeEv
                0x00002368        0x4 ../mbed/TARGET_LPC1768/TOOLCHAIN_GCC_ARM\libmbed.a(FileBase.o)
                0x00002368                mbed::FileBase::getPathType()
 .text._ZN4mbed8FileBaseC2EPKcNS_8PathTypeE
                0x0000236c       0x3c ../mbed/TARGET_LPC1768/TOOLCHAIN_GCC_ARM\libmbed.a(FileBase.o)
                0x0000236c                mbed::FileBase::FileBase(char const*, mbed::PathType)
                0x0000236c                mbed::FileBase::FileBase(char const*, mbed::PathType)
 .text._ZN4mbed8FileBaseD2Ev
                0x000023a8       0x44 ../mbed/TARGET_LPC1768/TOOLCHAIN_GCC_ARM\libmbed.a(FileBase.o)
                0x000023a8                mbed::FileBase::~FileBase()
                0x000023a8                mbed::FileBase::~FileBase()
 .text._ZN4mbed8FileBaseD0Ev
                0x000023ec       0x12 ../mbed/TARGET_LPC1768/TOOLCHAIN_GCC_ARM\libmbed.a(FileBase.o)
                0x000023ec                mbed::FileBase::~FileBase()
 *fill*         0x000023fe        0x2 
 .text._ZN4mbed8FileBase6lookupEPKcj
                0x00002400       0x40 ../mbed/TARGET_LPC1768/TOOLCHAIN_GCC_ARM\libmbed.a(FileBase.o)
                0x00002400                mbed::FileBase::lookup(char const*, unsigned int)
 .text.ticker_irq_handler
                0x00002440       0x48 ../mbed/TARGET_LPC1768/TOOLCHAIN_GCC_ARM\libmbed.a(mbed_ticker_api.o)
                0x00002440                ticker_irq_handler
 .text          0x00002488      0x370 C:\Program Files (x86)\GNU Tools ARM Embedded\4.9 2015q3\lib\gcc\arm-none-eabi\4.9.3\armv7-m\libgcc.a(_arm_addsubdf3.o)
                0x00002488                __aeabi_drsub
                0x00002490                __aeabi_dsub
                0x00002490                __subdf3
                0x00002494                __aeabi_dadd
                0x00002494                __adddf3
                0x0000270c                __floatunsidf
                0x0000270c                __aeabi_ui2d
                0x0000272c                __floatsidf
                0x0000272c                __aeabi_i2d
                0x00002750                __aeabi_f2d
                0x00002750                __extendsfdf2
                0x0000278c                __floatundidf
                0x0000278c                __aeabi_ul2d
                0x0000279c                __floatdidf
                0x0000279c                __aeabi_l2d
 .text          0x000027f8      0x424 C:\Program Files (x86)\GNU Tools ARM Embedded\4.9 2015q3\lib\gcc\arm-none-eabi\4.9.3\armv7-m\libgcc.a(_arm_muldivdf3.o)
                0x000027f8                __aeabi_dmul
                0x000027f8                __muldf3
                0x00002a4c                __divdf3
                0x00002a4c                __aeabi_ddiv
 .text          0x00002c1c       0x50 C:\Program Files (x86)\GNU Tools ARM Embedded\4.9 2015q3\lib\gcc\arm-none-eabi\4.9.3\armv7-m\libgcc.a(_arm_fixdfsi.o)
                0x00002c1c                __aeabi_d2iz
                0x00002c1c                __fixdfsi
 .text          0x00002c6c      0x2a0 C:\Program Files (x86)\GNU Tools ARM Embedded\4.9 2015q3\lib\gcc\arm-none-eabi\4.9.3\armv7-m\libgcc.a(_arm_muldivsf3.o)
                0x00002c6c                __mulsf3
                0x00002c6c                __aeabi_fmul
                0x00002dd4                __aeabi_fdiv
                0x00002dd4                __divsf3
 .text          0x00002f0c       0x30 C:\Program Files (x86)\GNU Tools ARM Embedded\4.9 2015q3\lib\gcc\arm-none-eabi\4.9.3\armv7-m\libgcc.a(_aeabi_uldivmod.o)
                0x00002f0c                __aeabi_uldivmod
 .text          0x00002f3c       0x60 C:\Program Files (x86)\GNU Tools ARM Embedded\4.9 2015q3\lib\gcc\arm-none-eabi\4.9.3\armv7-m\libgcc.a(bpabi.o)
                0x00002f3c                __gnu_ldivmod_helper
                0x00002f6c                __gnu_uldivmod_helper
 .text          0x00002f9c        0x4 C:\Program Files (x86)\GNU Tools ARM Embedded\4.9 2015q3\lib\gcc\arm-none-eabi\4.9.3\armv7-m\libgcc.a(_dvmd_tls.o)
                0x00002f9c                __aeabi_idiv0
                0x00002f9c                __aeabi_ldiv0
 .text          0x00002fa0      0x2ac C:\Program Files (x86)\GNU Tools ARM Embedded\4.9 2015q3\lib\gcc\arm-none-eabi\4.9.3\armv7-m\libgcc.a(_divdi3.o)
                0x00002fa0                __divdi3
 .text          0x0000324c      0x270 C:\Program Files (x86)\GNU Tools ARM Embedded\4.9 2015q3\lib\gcc\arm-none-eabi\4.9.3\armv7-m\libgcc.a(_udivdi3.o)
                0x0000324c                __udivdi3
 .text.abs      0x000034bc        0x8 c:/program files (x86)/gnu tools arm embedded/4.9 2015q3/bin/../lib/gcc/arm-none-eabi/4.9.3/../../../../arm-none-eabi/lib/armv7-m\libc.a(lib_a-abs.o)
                0x000034bc                abs
 .text.__errno  0x000034c4        0xc c:/program files (x86)/gnu tools arm embedded/4.9 2015q3/bin/../lib/gcc/arm-none-eabi/4.9.3/../../../../arm-none-eabi/lib/armv7-m\libc.a(lib_a-errno.o)
                0x000034c4                __errno
 .text.exit     0x000034d0       0x20 c:/program files (x86)/gnu tools arm embedded/4.9 2015q3/bin/../lib/gcc/arm-none-eabi/4.9.3/../../../../arm-none-eabi/lib/armv7-m\libc.a(lib_a-exit.o)
                0x000034d0                exit
 .text._fclose_r
                0x000034f0       0x84 c:/program files (x86)/gnu tools arm embedded/4.9 2015q3/bin/../lib/gcc/arm-none-eabi/4.9.3/../../../../arm-none-eabi/lib/armv7-m\libc.a(lib_a-fclose.o)
                0x000034f0                _fclose_r
 .text.fclose   0x00003574       0x10 c:/program files (x86)/gnu tools arm embedded/4.9 2015q3/bin/../lib/gcc/arm-none-eabi/4.9.3/../../../../arm-none-eabi/lib/armv7-m\libc.a(lib_a-fclose.o)
                0x00003574                fclose
 .text.__sflush_r
                0x00003584      0x148 c:/program files (x86)/gnu tools arm embedded/4.9 2015q3/bin/../lib/gcc/arm-none-eabi/4.9.3/../../../../arm-none-eabi/lib/armv7-m\libc.a(lib_a-fflush.o)
                0x00003584                __sflush_r
 .text._fflush_r
                0x000036cc       0x2c c:/program files (x86)/gnu tools arm embedded/4.9 2015q3/bin/../lib/gcc/arm-none-eabi/4.9.3/../../../../arm-none-eabi/lib/armv7-m\libc.a(lib_a-fflush.o)
                0x000036cc                _fflush_r
 .text.fflush   0x000036f8       0x24 c:/program files (x86)/gnu tools arm embedded/4.9 2015q3/bin/../lib/gcc/arm-none-eabi/4.9.3/../../../../arm-none-eabi/lib/armv7-m\libc.a(lib_a-fflush.o)
                0x000036f8                fflush
 .text.fgetc    0x0000371c       0x3c c:/program files (x86)/gnu tools arm embedded/4.9 2015q3/bin/../lib/gcc/arm-none-eabi/4.9.3/../../../../arm-none-eabi/lib/armv7-m\libc.a(lib_a-fgetc.o)
                0x0000371c                fgetc
 .text._cleanup_r
                0x00003758        0xc c:/program files (x86)/gnu tools arm embedded/4.9 2015q3/bin/../lib/gcc/arm-none-eabi/4.9.3/../../../../arm-none-eabi/lib/armv7-m\libc.a(lib_a-findfp.o)
                0x00003758                _cleanup_r
 .text.__sinit.part.1
                0x00003764       0xf0 c:/program files (x86)/gnu tools arm embedded/4.9 2015q3/bin/../lib/gcc/arm-none-eabi/4.9.3/../../../../arm-none-eabi/lib/armv7-m\libc.a(lib_a-findfp.o)
 .text.__sfmoreglue
                0x00003854       0x30 c:/program files (x86)/gnu tools arm embedded/4.9 2015q3/bin/../lib/gcc/arm-none-eabi/4.9.3/../../../../arm-none-eabi/lib/armv7-m\libc.a(lib_a-findfp.o)
                0x00003854                __sfmoreglue
 .text.__sfp    0x00003884       0x88 c:/program files (x86)/gnu tools arm embedded/4.9 2015q3/bin/../lib/gcc/arm-none-eabi/4.9.3/../../../../arm-none-eabi/lib/armv7-m\libc.a(lib_a-findfp.o)
                0x00003884                __sfp
 .text.__sinit  0x0000390c        0xc c:/program files (x86)/gnu tools arm embedded/4.9 2015q3/bin/../lib/gcc/arm-none-eabi/4.9.3/../../../../arm-none-eabi/lib/armv7-m\libc.a(lib_a-findfp.o)
                0x0000390c                __sinit
 .text.__sfp_lock_acquire
                0x00003918        0x4 c:/program files (x86)/gnu tools arm embedded/4.9 2015q3/bin/../lib/gcc/arm-none-eabi/4.9.3/../../../../arm-none-eabi/lib/armv7-m\libc.a(lib_a-findfp.o)
                0x00003918                __sfp_lock_acquire
 .text.__sfp_lock_release
                0x0000391c        0x4 c:/program files (x86)/gnu tools arm embedded/4.9 2015q3/bin/../lib/gcc/arm-none-eabi/4.9.3/../../../../arm-none-eabi/lib/armv7-m\libc.a(lib_a-findfp.o)
                0x0000391c                __sfp_lock_release
 .text._fopen_r
                0x00003920       0x88 c:/program files (x86)/gnu tools arm embedded/4.9 2015q3/bin/../lib/gcc/arm-none-eabi/4.9.3/../../../../arm-none-eabi/lib/armv7-m\libc.a(lib_a-fopen.o)
                0x00003920                _fopen_r
 .text.fopen    0x000039a8       0x10 c:/program files (x86)/gnu tools arm embedded/4.9 2015q3/bin/../lib/gcc/arm-none-eabi/4.9.3/../../../../arm-none-eabi/lib/armv7-m\libc.a(lib_a-fopen.o)
                0x000039a8                fopen
 .text._malloc_trim_r
                0x000039b8       0x9c c:/program files (x86)/gnu tools arm embedded/4.9 2015q3/bin/../lib/gcc/arm-none-eabi/4.9.3/../../../../arm-none-eabi/lib/armv7-m\libc.a(lib_a-freer.o)
                0x000039b8                _malloc_trim_r
 .text._free_r  0x00003a54      0x1b0 c:/program files (x86)/gnu tools arm embedded/4.9 2015q3/bin/../lib/gcc/arm-none-eabi/4.9.3/../../../../arm-none-eabi/lib/armv7-m\libc.a(lib_a-freer.o)
                0x00003a54                _free_r
 .text._fseek_r
                0x00003c04        0x4 c:/program files (x86)/gnu tools arm embedded/4.9 2015q3/bin/../lib/gcc/arm-none-eabi/4.9.3/../../../../arm-none-eabi/lib/armv7-m\libc.a(lib_a-fseek.o)
                0x00003c04                _fseek_r
 .text._fseeko_r
                0x00003c08      0x2c0 c:/program files (x86)/gnu tools arm embedded/4.9 2015q3/bin/../lib/gcc/arm-none-eabi/4.9.3/../../../../arm-none-eabi/lib/armv7-m\libc.a(lib_a-fseeko.o)
                0x00003c08                _fseeko_r
 .text._fstat_r
                0x00003ec8       0x28 c:/program files (x86)/gnu tools arm embedded/4.9 2015q3/bin/../lib/gcc/arm-none-eabi/4.9.3/../../../../arm-none-eabi/lib/armv7-m\libc.a(lib_a-fstatr.o)
                0x00003ec8                _fstat_r
 .text.__sfvwrite_r
                0x00003ef0      0x320 c:/program files (x86)/gnu tools arm embedded/4.9 2015q3/bin/../lib/gcc/arm-none-eabi/4.9.3/../../../../arm-none-eabi/lib/armv7-m\libc.a(lib_a-fvwrite.o)
                0x00003ef0                __sfvwrite_r
 .text._fwalk   0x00004210       0x48 c:/program files (x86)/gnu tools arm embedded/4.9 2015q3/bin/../lib/gcc/arm-none-eabi/4.9.3/../../../../arm-none-eabi/lib/armv7-m\libc.a(lib_a-fwalk.o)
                0x00004210                _fwalk
 .text._fwalk_reent
                0x00004258       0x50 c:/program files (x86)/gnu tools arm embedded/4.9 2015q3/bin/../lib/gcc/arm-none-eabi/4.9.3/../../../../arm-none-eabi/lib/armv7-m\libc.a(lib_a-fwalk.o)
                0x00004258                _fwalk_reent
 .text.__libc_init_array
                0x000042a8       0x50 c:/program files (x86)/gnu tools arm embedded/4.9 2015q3/bin/../lib/gcc/arm-none-eabi/4.9.3/../../../../arm-none-eabi/lib/armv7-m\libc.a(lib_a-init.o)
                0x000042a8                __libc_init_array
 .text.__smakebuf_r
                0x000042f8       0xe0 c:/program files (x86)/gnu tools arm embedded/4.9 2015q3/bin/../lib/gcc/arm-none-eabi/4.9.3/../../../../arm-none-eabi/lib/armv7-m\libc.a(lib_a-makebuf.o)
                0x000042f8                __smakebuf_r
 .text.malloc   0x000043d8       0x10 c:/program files (x86)/gnu tools arm embedded/4.9 2015q3/bin/../lib/gcc/arm-none-eabi/4.9.3/../../../../arm-none-eabi/lib/armv7-m\libc.a(lib_a-malloc.o)
                0x000043d8                malloc
 .text.free     0x000043e8       0x10 c:/program files (x86)/gnu tools arm embedded/4.9 2015q3/bin/../lib/gcc/arm-none-eabi/4.9.3/../../../../arm-none-eabi/lib/armv7-m\libc.a(lib_a-malloc.o)
                0x000043e8                free
 .text._malloc_r
                0x000043f8      0x50c c:/program files (x86)/gnu tools arm embedded/4.9 2015q3/bin/../lib/gcc/arm-none-eabi/4.9.3/../../../../arm-none-eabi/lib/armv7-m\libc.a(lib_a-mallocr.o)
                0x000043f8                _malloc_r
 .text.memchr   0x00004904       0x94 c:/program files (x86)/gnu tools arm embedded/4.9 2015q3/bin/../lib/gcc/arm-none-eabi/4.9.3/../../../../arm-none-eabi/lib/armv7-m\libc.a(lib_a-memchr.o)
                0x00004904                memchr
 .text          0x00004998       0xec c:/program files (x86)/gnu tools arm embedded/4.9 2015q3/bin/../lib/gcc/arm-none-eabi/4.9.3/../../../../arm-none-eabi/lib/armv7-m\libc.a(lib_a-memcpy.o)
                0x00004998                memcpy
 .text.memmove  0x00004a84       0xc8 c:/program files (x86)/gnu tools arm embedded/4.9 2015q3/bin/../lib/gcc/arm-none-eabi/4.9.3/../../../../arm-none-eabi/lib/armv7-m\libc.a(lib_a-memmove.o)
                0x00004a84                memmove
 .text.memset   0x00004b4c       0x9c c:/program files (x86)/gnu tools arm embedded/4.9 2015q3/bin/../lib/gcc/arm-none-eabi/4.9.3/../../../../arm-none-eabi/lib/armv7-m\libc.a(lib_a-memset.o)
                0x00004b4c                memset
 .text._open_r  0x00004be8       0x28 c:/program files (x86)/gnu tools arm embedded/4.9 2015q3/bin/../lib/gcc/arm-none-eabi/4.9.3/../../../../arm-none-eabi/lib/armv7-m\libc.a(lib_a-openr.o)
                0x00004be8                _open_r
 .text.printf   0x00004c10       0x28 c:/program files (x86)/gnu tools arm embedded/4.9 2015q3/bin/../lib/gcc/arm-none-eabi/4.9.3/../../../../arm-none-eabi/lib/armv7-m\libc.a(lib_a-printf.o)
                0x00004c10                printf
 .text._realloc_r
                0x00004c38      0x3e0 c:/program files (x86)/gnu tools arm embedded/4.9 2015q3/bin/../lib/gcc/arm-none-eabi/4.9.3/../../../../arm-none-eabi/lib/armv7-m\libc.a(lib_a-reallocr.o)
                0x00004c38                _realloc_r
 .text.lflush   0x00005018       0x14 c:/program files (x86)/gnu tools arm embedded/4.9 2015q3/bin/../lib/gcc/arm-none-eabi/4.9.3/../../../../arm-none-eabi/lib/armv7-m\libc.a(lib_a-refill.o)
 .text.__srefill_r
                0x0000502c      0x110 c:/program files (x86)/gnu tools arm embedded/4.9 2015q3/bin/../lib/gcc/arm-none-eabi/4.9.3/../../../../arm-none-eabi/lib/armv7-m\libc.a(lib_a-refill.o)
                0x0000502c                __srefill_r
 .text.__srget_r
                0x0000513c       0x34 c:/program files (x86)/gnu tools arm embedded/4.9 2015q3/bin/../lib/gcc/arm-none-eabi/4.9.3/../../../../arm-none-eabi/lib/armv7-m\libc.a(lib_a-rget.o)
                0x0000513c                __srget_r
 .text._sbrk_r  0x00005170       0x24 c:/program files (x86)/gnu tools arm embedded/4.9 2015q3/bin/../lib/gcc/arm-none-eabi/4.9.3/../../../../arm-none-eabi/lib/armv7-m\libc.a(lib_a-sbrkr.o)
                0x00005170                _sbrk_r
 .text.setbuf   0x00005194       0x10 c:/program files (x86)/gnu tools arm embedded/4.9 2015q3/bin/../lib/gcc/arm-none-eabi/4.9.3/../../../../arm-none-eabi/lib/armv7-m\libc.a(lib_a-setbuf.o)
                0x00005194                setbuf
 .text.setvbuf  0x000051a4       0xf8 c:/program files (x86)/gnu tools arm embedded/4.9 2015q3/bin/../lib/gcc/arm-none-eabi/4.9.3/../../../../arm-none-eabi/lib/armv7-m\libc.a(lib_a-setvbuf.o)
                0x000051a4                setvbuf
 .text.sprintf  0x0000529c       0x4c c:/program files (x86)/gnu tools arm embedded/4.9 2015q3/bin/../lib/gcc/arm-none-eabi/4.9.3/../../../../arm-none-eabi/lib/armv7-m\libc.a(lib_a-sprintf.o)
                0x0000529c                sprintf
 .text.sscanf   0x000052e8       0x58 c:/program files (x86)/gnu tools arm embedded/4.9 2015q3/bin/../lib/gcc/arm-none-eabi/4.9.3/../../../../arm-none-eabi/lib/armv7-m\libc.a(lib_a-sscanf.o)
                0x000052e8                sscanf
 .text.__sread  0x00005340       0x24 c:/program files (x86)/gnu tools arm embedded/4.9 2015q3/bin/../lib/gcc/arm-none-eabi/4.9.3/../../../../arm-none-eabi/lib/armv7-m\libc.a(lib_a-stdio.o)
                0x00005340                __sread
 .text.__seofread
                0x00005364        0x4 c:/program files (x86)/gnu tools arm embedded/4.9 2015q3/bin/../lib/gcc/arm-none-eabi/4.9.3/../../../../arm-none-eabi/lib/armv7-m\libc.a(lib_a-stdio.o)
                0x00005364                __seofread
 .text.__swrite
                0x00005368       0x38 c:/program files (x86)/gnu tools arm embedded/4.9 2015q3/bin/../lib/gcc/arm-none-eabi/4.9.3/../../../../arm-none-eabi/lib/armv7-m\libc.a(lib_a-stdio.o)
                0x00005368                __swrite
 .text.__sseek  0x000053a0       0x20 c:/program files (x86)/gnu tools arm embedded/4.9 2015q3/bin/../lib/gcc/arm-none-eabi/4.9.3/../../../../arm-none-eabi/lib/armv7-m\libc.a(lib_a-stdio.o)
                0x000053a0                __sseek
 .text.__sclose
                0x000053c0        0x8 c:/program files (x86)/gnu tools arm embedded/4.9 2015q3/bin/../lib/gcc/arm-none-eabi/4.9.3/../../../../arm-none-eabi/lib/armv7-m\libc.a(lib_a-stdio.o)
                0x000053c0                __sclose
 .text          0x000053c8      0x1bc c:/program files (x86)/gnu tools arm embedded/4.9 2015q3/bin/../lib/gcc/arm-none-eabi/4.9.3/../../../../arm-none-eabi/lib/armv7-m\libc.a(lib_a-strcmp.o)
                0x000053c8                strcmp
 .text.strlen   0x00005584       0x5c c:/program files (x86)/gnu tools arm embedded/4.9 2015q3/bin/../lib/gcc/arm-none-eabi/4.9.3/../../../../arm-none-eabi/lib/armv7-m\libc.a(lib_a-strlen.o)
                0x00005584                strlen
 .text.strncmp  0x000055e0       0x94 c:/program files (x86)/gnu tools arm embedded/4.9 2015q3/bin/../lib/gcc/arm-none-eabi/4.9.3/../../../../arm-none-eabi/lib/armv7-m\libc.a(lib_a-strncmp.o)
                0x000055e0                strncmp
 .text._svfprintf_r
                0x00005674     0x14f4 c:/program files (x86)/gnu tools arm embedded/4.9 2015q3/bin/../lib/gcc/arm-none-eabi/4.9.3/../../../../arm-none-eabi/lib/armv7-m\libc.a(lib_a-svfprintf.o)
                0x00005674                _svfprintf_r
 .text.__ssvfscanf_r
                0x00006b68      0xdf4 c:/program files (x86)/gnu tools arm embedded/4.9 2015q3/bin/../lib/gcc/arm-none-eabi/4.9.3/../../../../arm-none-eabi/lib/armv7-m\libc.a(lib_a-svfscanf.o)
                0x00006b68                __ssvfscanf_r
 .text._vfprintf_r
                0x0000795c     0x1448 c:/program files (x86)/gnu tools arm embedded/4.9 2015q3/bin/../lib/gcc/arm-none-eabi/4.9.3/../../../../arm-none-eabi/lib/armv7-m\libc.a(lib_a-vfprintf.o)
                0x0000795c                _vfprintf_r
 .text.vfprintf
                0x00008da4       0x18 c:/program files (x86)/gnu tools arm embedded/4.9 2015q3/bin/../lib/gcc/arm-none-eabi/4.9.3/../../../../arm-none-eabi/lib/armv7-m\libc.a(lib_a-vfprintf.o)
                0x00008da4                vfprintf
 .text.__sbprintf
                0x00008dbc       0x7c c:/program files (x86)/gnu tools arm embedded/4.9 2015q3/bin/../lib/gcc/arm-none-eabi/4.9.3/../../../../arm-none-eabi/lib/armv7-m\libc.a(lib_a-vfprintf.o)
 .text._vsprintf_r
                0x00008e38       0x34 c:/program files (x86)/gnu tools arm embedded/4.9 2015q3/bin/../lib/gcc/arm-none-eabi/4.9.3/../../../../arm-none-eabi/lib/armv7-m\libc.a(lib_a-vsprintf.o)
                0x00008e38                _vsprintf_r
 .text.vsprintf
                0x00008e6c       0x18 c:/program files (x86)/gnu tools arm embedded/4.9 2015q3/bin/../lib/gcc/arm-none-eabi/4.9.3/../../../../arm-none-eabi/lib/armv7-m\libc.a(lib_a-vsprintf.o)
                0x00008e6c                vsprintf
 .text.__swbuf_r
                0x00008e84       0xa8 c:/program files (x86)/gnu tools arm embedded/4.9 2015q3/bin/../lib/gcc/arm-none-eabi/4.9.3/../../../../arm-none-eabi/lib/armv7-m\libc.a(lib_a-wbuf.o)
                0x00008e84                __swbuf_r
 .text._write_r
                0x00008f2c       0x28 c:/program files (x86)/gnu tools arm embedded/4.9 2015q3/bin/../lib/gcc/arm-none-eabi/4.9.3/../../../../arm-none-eabi/lib/armv7-m\libc.a(lib_a-writer.o)
                0x00008f2c                _write_r
 .text.__swsetup_r
                0x00008f54       0xc4 c:/program files (x86)/gnu tools arm embedded/4.9 2015q3/bin/../lib/gcc/arm-none-eabi/4.9.3/../../../../arm-none-eabi/lib/armv7-m\libc.a(lib_a-wsetup.o)
                0x00008f54                __swsetup_r
 .text.startup.register_fini
                0x00009018       0x14 c:/program files (x86)/gnu tools arm embedded/4.9 2015q3/bin/../lib/gcc/arm-none-eabi/4.9.3/../../../../arm-none-eabi/lib/armv7-m\libc.a(lib_a-__call_atexit.o)
 .text.__call_exitprocs
                0x0000902c       0xd4 c:/program files (x86)/gnu tools arm embedded/4.9 2015q3/bin/../lib/gcc/arm-none-eabi/4.9.3/../../../../arm-none-eabi/lib/armv7-m\libc.a(lib_a-__call_atexit.o)
                0x0000902c                __call_exitprocs
 .text.atexit   0x00009100        0xc c:/program files (x86)/gnu tools arm embedded/4.9 2015q3/bin/../lib/gcc/arm-none-eabi/4.9.3/../../../../arm-none-eabi/lib/armv7-m\libc.a(lib_a-atexit.o)
                0x00009100                atexit
 .text._close_r
                0x0000910c       0x24 c:/program files (x86)/gnu tools arm embedded/4.9 2015q3/bin/../lib/gcc/arm-none-eabi/4.9.3/../../../../arm-none-eabi/lib/armv7-m\libc.a(lib_a-closer.o)
                0x0000910c                _close_r
 .text.quorem   0x00009130      0x130 c:/program files (x86)/gnu tools arm embedded/4.9 2015q3/bin/../lib/gcc/arm-none-eabi/4.9.3/../../../../arm-none-eabi/lib/armv7-m\libc.a(lib_a-dtoa.o)
 .text._dtoa_r  0x00009260      0xea4 c:/program files (x86)/gnu tools arm embedded/4.9 2015q3/bin/../lib/gcc/arm-none-eabi/4.9.3/../../../../arm-none-eabi/lib/armv7-m\libc.a(lib_a-dtoa.o)
                0x00009260                _dtoa_r
 .text.__libc_fini_array
                0x0000a104       0x2c c:/program files (x86)/gnu tools arm embedded/4.9 2015q3/bin/../lib/gcc/arm-none-eabi/4.9.3/../../../../arm-none-eabi/lib/armv7-m\libc.a(lib_a-fini.o)
                0x0000a104                __libc_fini_array
 .text.__sflags
                0x0000a130       0x74 c:/program files (x86)/gnu tools arm embedded/4.9 2015q3/bin/../lib/gcc/arm-none-eabi/4.9.3/../../../../arm-none-eabi/lib/armv7-m\libc.a(lib_a-flags.o)
                0x0000a130                __sflags
 .text._isatty_r
                0x0000a1a4       0x24 c:/program files (x86)/gnu tools arm embedded/4.9 2015q3/bin/../lib/gcc/arm-none-eabi/4.9.3/../../../../arm-none-eabi/lib/armv7-m\libc.a(lib_a-isattyr.o)
                0x0000a1a4                _isatty_r
 .text.iswspace
                0x0000a1c8       0x1c c:/program files (x86)/gnu tools arm embedded/4.9 2015q3/bin/../lib/gcc/arm-none-eabi/4.9.3/../../../../arm-none-eabi/lib/armv7-m\libc.a(lib_a-iswspace.o)
                0x0000a1c8                iswspace
 .text.__locale_charset
                0x0000a1e4        0x8 c:/program files (x86)/gnu tools arm embedded/4.9 2015q3/bin/../lib/gcc/arm-none-eabi/4.9.3/../../../../arm-none-eabi/lib/armv7-m\libc.a(lib_a-locale.o)
                0x0000a1e4                __locale_charset
 .text.__locale_mb_cur_max
                0x0000a1ec        0xc c:/program files (x86)/gnu tools arm embedded/4.9 2015q3/bin/../lib/gcc/arm-none-eabi/4.9.3/../../../../arm-none-eabi/lib/armv7-m\libc.a(lib_a-locale.o)
                0x0000a1ec                __locale_mb_cur_max
 .text._localeconv_r
                0x0000a1f8        0x8 c:/program files (x86)/gnu tools arm embedded/4.9 2015q3/bin/../lib/gcc/arm-none-eabi/4.9.3/../../../../arm-none-eabi/lib/armv7-m\libc.a(lib_a-locale.o)
                0x0000a1f8                _localeconv_r
 .text._lseek_r
                0x0000a200       0x28 c:/program files (x86)/gnu tools arm embedded/4.9 2015q3/bin/../lib/gcc/arm-none-eabi/4.9.3/../../../../arm-none-eabi/lib/armv7-m\libc.a(lib_a-lseekr.o)
                0x0000a200                _lseek_r
 .text._mbrtowc_r
                0x0000a228       0x5c c:/program files (x86)/gnu tools arm embedded/4.9 2015q3/bin/../lib/gcc/arm-none-eabi/4.9.3/../../../../arm-none-eabi/lib/armv7-m\libc.a(lib_a-mbrtowc.o)
                0x0000a228                _mbrtowc_r
 .text.__ascii_mbtowc
                0x0000a284       0x2c c:/program files (x86)/gnu tools arm embedded/4.9 2015q3/bin/../lib/gcc/arm-none-eabi/4.9.3/../../../../arm-none-eabi/lib/armv7-m\libc.a(lib_a-mbtowc_r.o)
                0x0000a284                __ascii_mbtowc
 .text._Balloc  0x0000a2b0       0x50 c:/program files (x86)/gnu tools arm embedded/4.9 2015q3/bin/../lib/gcc/arm-none-eabi/4.9.3/../../../../arm-none-eabi/lib/armv7-m\libc.a(lib_a-mprec.o)
                0x0000a2b0                _Balloc
 .text._Bfree   0x0000a300       0x14 c:/program files (x86)/gnu tools arm embedded/4.9 2015q3/bin/../lib/gcc/arm-none-eabi/4.9.3/../../../../arm-none-eabi/lib/armv7-m\libc.a(lib_a-mprec.o)
                0x0000a300                _Bfree
 .text.__multadd
                0x0000a314       0x84 c:/program files (x86)/gnu tools arm embedded/4.9 2015q3/bin/../lib/gcc/arm-none-eabi/4.9.3/../../../../arm-none-eabi/lib/armv7-m\libc.a(lib_a-mprec.o)
                0x0000a314                __multadd
 .text.__s2b    0x0000a398       0x98 c:/program files (x86)/gnu tools arm embedded/4.9 2015q3/bin/../lib/gcc/arm-none-eabi/4.9.3/../../../../arm-none-eabi/lib/armv7-m\libc.a(lib_a-mprec.o)
                0x0000a398                __s2b
 .text.__hi0bits
                0x0000a430       0x40 c:/program files (x86)/gnu tools arm embedded/4.9 2015q3/bin/../lib/gcc/arm-none-eabi/4.9.3/../../../../arm-none-eabi/lib/armv7-m\libc.a(lib_a-mprec.o)
                0x0000a430                __hi0bits
 .text.__lo0bits
                0x0000a470       0x5c c:/program files (x86)/gnu tools arm embedded/4.9 2015q3/bin/../lib/gcc/arm-none-eabi/4.9.3/../../../../arm-none-eabi/lib/armv7-m\libc.a(lib_a-mprec.o)
                0x0000a470                __lo0bits
 .text.__i2b    0x0000a4cc       0x14 c:/program files (x86)/gnu tools arm embedded/4.9 2015q3/bin/../lib/gcc/arm-none-eabi/4.9.3/../../../../arm-none-eabi/lib/armv7-m\libc.a(lib_a-mprec.o)
                0x0000a4cc                __i2b
 .text.__multiply
                0x0000a4e0      0x140 c:/program files (x86)/gnu tools arm embedded/4.9 2015q3/bin/../lib/gcc/arm-none-eabi/4.9.3/../../../../arm-none-eabi/lib/armv7-m\libc.a(lib_a-mprec.o)
                0x0000a4e0                __multiply
 .text.__pow5mult
                0x0000a620       0xa0 c:/program files (x86)/gnu tools arm embedded/4.9 2015q3/bin/../lib/gcc/arm-none-eabi/4.9.3/../../../../arm-none-eabi/lib/armv7-m\libc.a(lib_a-mprec.o)
                0x0000a620                __pow5mult
 .text.__lshift
                0x0000a6c0       0xb0 c:/program files (x86)/gnu tools arm embedded/4.9 2015q3/bin/../lib/gcc/arm-none-eabi/4.9.3/../../../../arm-none-eabi/lib/armv7-m\libc.a(lib_a-mprec.o)
                0x0000a6c0                __lshift
 .text.__mcmp   0x0000a770       0x48 c:/program files (x86)/gnu tools arm embedded/4.9 2015q3/bin/../lib/gcc/arm-none-eabi/4.9.3/../../../../arm-none-eabi/lib/armv7-m\libc.a(lib_a-mprec.o)
                0x0000a770                __mcmp
 .text.__mdiff  0x0000a7b8       0xe4 c:/program files (x86)/gnu tools arm embedded/4.9 2015q3/bin/../lib/gcc/arm-none-eabi/4.9.3/../../../../arm-none-eabi/lib/armv7-m\libc.a(lib_a-mprec.o)
                0x0000a7b8                __mdiff
 .text.__ulp    0x0000a89c       0x44 c:/program files (x86)/gnu tools arm embedded/4.9 2015q3/bin/../lib/gcc/arm-none-eabi/4.9.3/../../../../arm-none-eabi/lib/armv7-m\libc.a(lib_a-mprec.o)
                0x0000a89c                __ulp
 .text.__b2d    0x0000a8e0       0xd0 c:/program files (x86)/gnu tools arm embedded/4.9 2015q3/bin/../lib/gcc/arm-none-eabi/4.9.3/../../../../arm-none-eabi/lib/armv7-m\libc.a(lib_a-mprec.o)
                0x0000a8e0                __b2d
 .text.__d2b    0x0000a9b0       0xa8 c:/program files (x86)/gnu tools arm embedded/4.9 2015q3/bin/../lib/gcc/arm-none-eabi/4.9.3/../../../../arm-none-eabi/lib/armv7-m\libc.a(lib_a-mprec.o)
                0x0000a9b0                __d2b
 .text.__ratio  0x0000aa58       0x58 c:/program files (x86)/gnu tools arm embedded/4.9 2015q3/bin/../lib/gcc/arm-none-eabi/4.9.3/../../../../arm-none-eabi/lib/armv7-m\libc.a(lib_a-mprec.o)
                0x0000aa58                __ratio
 .text.__copybits
                0x0000aab0       0x48 c:/program files (x86)/gnu tools arm embedded/4.9 2015q3/bin/../lib/gcc/arm-none-eabi/4.9.3/../../../../arm-none-eabi/lib/armv7-m\libc.a(lib_a-mprec.o)
                0x0000aab0                __copybits
 .text.__any_on
                0x0000aaf8       0x5c c:/program files (x86)/gnu tools arm embedded/4.9 2015q3/bin/../lib/gcc/arm-none-eabi/4.9.3/../../../../arm-none-eabi/lib/armv7-m\libc.a(lib_a-mprec.o)
                0x0000aaf8                __any_on
 .text._read_r  0x0000ab54       0x28 c:/program files (x86)/gnu tools arm embedded/4.9 2015q3/bin/../lib/gcc/arm-none-eabi/4.9.3/../../../../arm-none-eabi/lib/armv7-m\libc.a(lib_a-readr.o)
                0x0000ab54                _read_r
 .text.__fpclassifyd
                0x0000ab7c       0x58 c:/program files (x86)/gnu tools arm embedded/4.9 2015q3/bin/../lib/gcc/arm-none-eabi/4.9.3/../../../../arm-none-eabi/lib/armv7-m\libc.a(lib_a-s_fpclassify.o)
                0x0000ab7c                __fpclassifyd
 .text.__sccl   0x0000abd4       0x78 c:/program files (x86)/gnu tools arm embedded/4.9 2015q3/bin/../lib/gcc/arm-none-eabi/4.9.3/../../../../arm-none-eabi/lib/armv7-m\libc.a(lib_a-sccl.o)
                0x0000abd4                __sccl
 .text.nanf     0x0000ac4c        0x8 c:/program files (x86)/gnu tools arm embedded/4.9 2015q3/bin/../lib/gcc/arm-none-eabi/4.9.3/../../../../arm-none-eabi/lib/armv7-m\libc.a(lib_a-sf_nan.o)
                0x0000ac4c                nanf
 .text.sulp     0x0000ac54       0x44 c:/program files (x86)/gnu tools arm embedded/4.9 2015q3/bin/../lib/gcc/arm-none-eabi/4.9.3/../../../../arm-none-eabi/lib/armv7-m\libc.a(lib_a-strtod.o)
 .text._strtod_r
                0x0000ac98      0xf30 c:/program files (x86)/gnu tools arm embedded/4.9 2015q3/bin/../lib/gcc/arm-none-eabi/4.9.3/../../../../arm-none-eabi/lib/armv7-m\libc.a(lib_a-strtod.o)
                0x0000ac98                _strtod_r
 .text._strtol_r
                0x0000bbc8      0x11c c:/program files (x86)/gnu tools arm embedded/4.9 2015q3/bin/../lib/gcc/arm-none-eabi/4.9.3/../../../../arm-none-eabi/lib/armv7-m\libc.a(lib_a-strtol.o)
                0x0000bbc8                _strtol_r
 .text._strtoll_r
                0x0000bce4      0x1cc c:/program files (x86)/gnu tools arm embedded/4.9 2015q3/bin/../lib/gcc/arm-none-eabi/4.9.3/../../../../arm-none-eabi/lib/armv7-m\libc.a(lib_a-strtoll_r.o)
                0x0000bce4                _strtoll_r
 .text._strtoul_r
                0x0000beb0      0x134 c:/program files (x86)/gnu tools arm embedded/4.9 2015q3/bin/../lib/gcc/arm-none-eabi/4.9.3/../../../../arm-none-eabi/lib/armv7-m\libc.a(lib_a-strtoul.o)
                0x0000beb0                _strtoul_r
 .text._strtoull_r
                0x0000bfe4      0x1e8 c:/program files (x86)/gnu tools arm embedded/4.9 2015q3/bin/../lib/gcc/arm-none-eabi/4.9.3/../../../../arm-none-eabi/lib/armv7-m\libc.a(lib_a-strtoull_r.o)
                0x0000bfe4                _strtoull_r
 .text.__ssprint_r
                0x0000c1cc      0x104 c:/program files (x86)/gnu tools arm embedded/4.9 2015q3/bin/../lib/gcc/arm-none-eabi/4.9.3/../../../../arm-none-eabi/lib/armv7-m\libc.a(lib_a-svfiprintf.o)
                0x0000c1cc                __ssprint_r
 .text._sungetc_r
                0x0000c2d0       0x88 c:/program files (x86)/gnu tools arm embedded/4.9 2015q3/bin/../lib/gcc/arm-none-eabi/4.9.3/../../../../arm-none-eabi/lib/armv7-m\libc.a(lib_a-svfiscanf.o)
                0x0000c2d0                _sungetc_r
 .text.__ssrefill_r
                0x0000c358       0x3c c:/program files (x86)/gnu tools arm embedded/4.9 2015q3/bin/../lib/gcc/arm-none-eabi/4.9.3/../../../../arm-none-eabi/lib/armv7-m\libc.a(lib_a-svfiscanf.o)
                0x0000c358                __ssrefill_r
 .text._sfread_r
                0x0000c394       0x80 c:/program files (x86)/gnu tools arm embedded/4.9 2015q3/bin/../lib/gcc/arm-none-eabi/4.9.3/../../../../arm-none-eabi/lib/armv7-m\libc.a(lib_a-svfiscanf.o)
                0x0000c394                _sfread_r
 .text.__submore
                0x0000c414       0x7c c:/program files (x86)/gnu tools arm embedded/4.9 2015q3/bin/../lib/gcc/arm-none-eabi/4.9.3/../../../../arm-none-eabi/lib/armv7-m\libc.a(lib_a-ungetc.o)
                0x0000c414                __submore
 .text.__sprint_r.part.0
                0x0000c490       0x78 c:/program files (x86)/gnu tools arm embedded/4.9 2015q3/bin/../lib/gcc/arm-none-eabi/4.9.3/../../../../arm-none-eabi/lib/armv7-m\libc.a(lib_a-vfiprintf.o)
 .text.__sprint_r
                0x0000c508       0x18 c:/program files (x86)/gnu tools arm embedded/4.9 2015q3/bin/../lib/gcc/arm-none-eabi/4.9.3/../../../../arm-none-eabi/lib/armv7-m\libc.a(lib_a-vfiprintf.o)
                0x0000c508                __sprint_r
 .text.__register_exitproc
                0x0000c520       0xa4 c:/program files (x86)/gnu tools arm embedded/4.9 2015q3/bin/../lib/gcc/arm-none-eabi/4.9.3/../../../../arm-none-eabi/lib/armv7-m\libc.a(lib_a-__atexit.o)
                0x0000c520                __register_exitproc
 .text._calloc_r
                0x0000c5c4       0x60 c:/program files (x86)/gnu tools arm embedded/4.9 2015q3/bin/../lib/gcc/arm-none-eabi/4.9.3/../../../../arm-none-eabi/lib/armv7-m\libc.a(lib_a-callocr.o)
                0x0000c5c4                _calloc_r
 .text.__fputwc
                0x0000c624       0xb0 c:/program files (x86)/gnu tools arm embedded/4.9 2015q3/bin/../lib/gcc/arm-none-eabi/4.9.3/../../../../arm-none-eabi/lib/armv7-m\libc.a(lib_a-fputwc.o)
                0x0000c624                __fputwc
 .text._fputwc_r
                0x0000c6d4       0x24 c:/program files (x86)/gnu tools arm embedded/4.9 2015q3/bin/../lib/gcc/arm-none-eabi/4.9.3/../../../../arm-none-eabi/lib/armv7-m\libc.a(lib_a-fputwc.o)
                0x0000c6d4                _fputwc_r
 .text.rshift   0x0000c6f8       0xa0 c:/program files (x86)/gnu tools arm embedded/4.9 2015q3/bin/../lib/gcc/arm-none-eabi/4.9.3/../../../../arm-none-eabi/lib/armv7-m\libc.a(lib_a-gdtoa-gethex.o)
 .text.__gethex
                0x0000c798      0x514 c:/program files (x86)/gnu tools arm embedded/4.9 2015q3/bin/../lib/gcc/arm-none-eabi/4.9.3/../../../../arm-none-eabi/lib/armv7-m\libc.a(lib_a-gdtoa-gethex.o)
                0x0000c798                __gethex
 .text.__hexnan
                0x0000ccac      0x184 c:/program files (x86)/gnu tools arm embedded/4.9 2015q3/bin/../lib/gcc/arm-none-eabi/4.9.3/../../../../arm-none-eabi/lib/armv7-m\libc.a(lib_a-gdtoa-hexnan.o)
                0x0000ccac                __hexnan
 .text._wcrtomb_r
                0x0000ce30       0x54 c:/program files (x86)/gnu tools arm embedded/4.9 2015q3/bin/../lib/gcc/arm-none-eabi/4.9.3/../../../../arm-none-eabi/lib/armv7-m\libc.a(lib_a-wcrtomb.o)
                0x0000ce30                _wcrtomb_r
 .text.__ascii_wctomb
                0x0000ce84       0x1c c:/program files (x86)/gnu tools arm embedded/4.9 2015q3/bin/../lib/gcc/arm-none-eabi/4.9.3/../../../../arm-none-eabi/lib/armv7-m\libc.a(lib_a-wctomb_r.o)
                0x0000ce84                __ascii_wctomb
 .text          0x0000cea0      0x110 C:\Program Files (x86)\GNU Tools ARM Embedded\4.9 2015q3\lib\gcc\arm-none-eabi\4.9.3\armv7-m\libgcc.a(_arm_cmpdf2.o)
                0x0000cea0                __gtdf2
                0x0000cea0                __gedf2
                0x0000cea8                __ltdf2
                0x0000cea8                __ledf2
                0x0000ceb0                __nedf2
                0x0000ceb0                __eqdf2
                0x0000ceb0                __cmpdf2
                0x0000cf2c                __aeabi_cdrcmple
                0x0000cf3c                __aeabi_cdcmpeq
                0x0000cf3c                __aeabi_cdcmple
                0x0000cf4c                __aeabi_dcmpeq
                0x0000cf60                __aeabi_dcmplt
                0x0000cf74                __aeabi_dcmple
                0x0000cf88                __aeabi_dcmpge
                0x0000cf9c                __aeabi_dcmpgt
 .text          0x0000cfb0       0x40 C:\Program Files (x86)\GNU Tools ARM Embedded\4.9 2015q3\lib\gcc\arm-none-eabi\4.9.3\armv7-m\libgcc.a(_arm_fixunsdfsi.o)
                0x0000cfb0                __aeabi_d2uiz
                0x0000cfb0                __fixunsdfsi
 .text          0x0000cff0       0xa0 C:\Program Files (x86)\GNU Tools ARM Embedded\4.9 2015q3\lib\gcc\arm-none-eabi\4.9.3\armv7-m\libgcc.a(_arm_truncdfsf2.o)
                0x0000cff0                __truncdfsf2
                0x0000cff0                __aeabi_d2f
 *(.init)
 .init          0x0000d090        0x4 c:/program files (x86)/gnu tools arm embedded/4.9 2015q3/bin/../lib/gcc/arm-none-eabi/4.9.3/armv7-m/crti.o
                0x0000d090                _init
 .init          0x0000d094        0x8 c:/program files (x86)/gnu tools arm embedded/4.9 2015q3/bin/../lib/gcc/arm-none-eabi/4.9.3/armv7-m/crtn.o
 *(.fini)
 .fini          0x0000d09c        0x4 c:/program files (x86)/gnu tools arm embedded/4.9 2015q3/bin/../lib/gcc/arm-none-eabi/4.9.3/armv7-m/crti.o
                0x0000d09c                _fini
 .fini          0x0000d0a0        0x8 c:/program files (x86)/gnu tools arm embedded/4.9 2015q3/bin/../lib/gcc/arm-none-eabi/4.9.3/armv7-m/crtn.o
 *crtbegin.o(.ctors)
 *crtbegin?.o(.ctors)
 *(EXCLUDE_FILE(*crtend.o *crtend?.o) .ctors)
 *(SORT(.ctors.*))
 *(.ctors)
 *crtbegin.o(.dtors)
 *crtbegin?.o(.dtors)
 *(EXCLUDE_FILE(*crtend.o *crtend?.o) .dtors)
 *(SORT(.dtors.*))
 *(.dtors)
 *(.rodata*)
 .rodata.str1.1
                0x0000d0a8      0x129 ./src/main.o
 .rodata.str1.1
                0x0000d1d1       0x6f ../mbed/TARGET_LPC1768/TOOLCHAIN_GCC_ARM/gpio_api.o
                                 0x82 (size before relaxing)
 .rodata.PinMap_I2C_SDA
                0x0000d240       0x3c ../mbed/TARGET_LPC1768/TOOLCHAIN_GCC_ARM/i2c_api.o
 .rodata.str1.1
                0x0000d27c       0x6a ../mbed/TARGET_LPC1768/TOOLCHAIN_GCC_ARM/i2c_api.o
 *fill*         0x0000d2e6        0x2 
 .rodata.PinMap_I2C_SCL
                0x0000d2e8       0x3c ../mbed/TARGET_LPC1768/TOOLCHAIN_GCC_ARM/i2c_api.o
 .rodata.str1.1
                0x0000d324       0x6d ../mbed/TARGET_LPC1768/TOOLCHAIN_GCC_ARM/mbed_board.o
                                 0x85 (size before relaxing)
 .rodata.str1.1
                0x0000d391       0x55 ../mbed/TARGET_LPC1768/TOOLCHAIN_GCC_ARM/pinmap.o
                                 0x68 (size before relaxing)
 .rodata.__stdin_name
                0x0000d3e6        0x7 ../mbed/TARGET_LPC1768/TOOLCHAIN_GCC_ARM/retarget.o
                0x0000d3e6                __stdin_name
 .rodata.__stderr_name
                0x0000d3ed        0x8 ../mbed/TARGET_LPC1768/TOOLCHAIN_GCC_ARM/retarget.o
                0x0000d3ed                __stderr_name
 .rodata.str1.1
                0x0000d3f5      0x151 ../mbed/TARGET_LPC1768/TOOLCHAIN_GCC_ARM/retarget.o
 .rodata.__stdout_name
                0x0000d546        0x8 ../mbed/TARGET_LPC1768/TOOLCHAIN_GCC_ARM/retarget.o
                0x0000d546                __stdout_name
 *fill*         0x0000d54e        0x2 
 .rodata._ZTVN4mbed10FileHandleE
                0x0000d550       0x34 ../mbed/TARGET_LPC1768/TOOLCHAIN_GCC_ARM/retarget.o
                0x0000d550                vtable for mbed::FileHandle
 .rodata.PinMap_UART_RTS
                0x0000d584       0x24 ../mbed/TARGET_LPC1768/TOOLCHAIN_GCC_ARM/serial_api.o
 .rodata.PinMap_UART_RX
                0x0000d5a8       0x6c ../mbed/TARGET_LPC1768/TOOLCHAIN_GCC_ARM/serial_api.o
 .rodata.str1.1
                0x0000d614      0x14e ../mbed/TARGET_LPC1768/TOOLCHAIN_GCC_ARM/serial_api.o
 .rodata.CSWTCH.24
                0x0000d762        0x4 ../mbed/TARGET_LPC1768/TOOLCHAIN_GCC_ARM/serial_api.o
 *fill*         0x0000d766        0x2 
 .rodata.PinMap_UART_TX
                0x0000d768       0x6c ../mbed/TARGET_LPC1768/TOOLCHAIN_GCC_ARM/serial_api.o
 .rodata.PinMap_UART_CTS
                0x0000d7d4       0x24 ../mbed/TARGET_LPC1768/TOOLCHAIN_GCC_ARM/serial_api.o
 .rodata._ZTVN4mbed3I2CE
                0x0000d7f8       0x18 ../mbed/TARGET_LPC1768/TOOLCHAIN_GCC_ARM\libmbed.a(I2C.o)
                0x0000d7f8                vtable for mbed::I2C
 .rodata._ZTVN4mbed6SerialE
                0x0000d810       0x6c ../mbed/TARGET_LPC1768/TOOLCHAIN_GCC_ARM\libmbed.a(Serial.o)
                0x0000d810                vtable for mbed::Serial
 .rodata._ZZN4mbed8CallbackIFvvEE8generateIPS1_EEvRKT_E3ops
                0x0000d87c        0xc ../mbed/TARGET_LPC1768/TOOLCHAIN_GCC_ARM\libmbed.a(SerialBase.o)
                0x0000d87c                void mbed::Callback<void ()>::generate<void (*)()>(void (* const&)())::ops
 .rodata.str1.1
                0x0000d888       0x4f ../mbed/TARGET_LPC1768/TOOLCHAIN_GCC_ARM\libmbed.a(SerialBase.o)
 *fill*         0x0000d8d7        0x1 
 .rodata._ZTVN4mbed10SerialBaseE
                0x0000d8d8       0x18 ../mbed/TARGET_LPC1768/TOOLCHAIN_GCC_ARM\libmbed.a(SerialBase.o)
                0x0000d8d8                vtable for mbed::SerialBase
 .rodata._ZTVN4mbed6StreamE
                0x0000d8f0       0x4c ../mbed/TARGET_LPC1768/TOOLCHAIN_GCC_ARM\libmbed.a(Stream.o)
                0x0000d8f0                vtable for mbed::Stream
 .rodata.str1.1
                0x0000d93c        0x3 ../mbed/TARGET_LPC1768/TOOLCHAIN_GCC_ARM\libmbed.a(Stream.o)
                                  0x7 (size before relaxing)
 .rodata.str1.1
                0x00000000       0x85 ../mbed/TARGET_LPC1768/TOOLCHAIN_GCC_ARM\libmbed.a(mbed_gpio.o)
 .rodata.str1.1
                0x0000d93f       0x60 ../mbed/TARGET_LPC1768/TOOLCHAIN_GCC_ARM\libmbed.a(mbed_pinmap_common.o)
 *fill*         0x0000d99f        0x1 
 .rodata.us_interface
                0x0000d9a0       0x14 ../mbed/TARGET_LPC1768/TOOLCHAIN_GCC_ARM\libmbed.a(mbed_us_ticker_api.o)
 .rodata.us_data
                0x0000d9b4        0x8 ../mbed/TARGET_LPC1768/TOOLCHAIN_GCC_ARM\libmbed.a(mbed_us_ticker_api.o)
 .rodata.str1.1
                0x0000d9bc       0x31 ../mbed/TARGET_LPC1768/TOOLCHAIN_GCC_ARM\libmbed.a(mbed_assert.o)
 .rodata.str1.1
                0x0000d9ed       0x7d ../mbed/TARGET_LPC1768/TOOLCHAIN_GCC_ARM\libmbed.a(mbed_critical.o)
 *fill*         0x0000da6a        0x6 
 .rodata._ZTVN4mbed8FileLikeE
                0x0000da70       0x44 ../mbed/TARGET_LPC1768/TOOLCHAIN_GCC_ARM\libmbed.a(FileLike.o)
                0x0000da70                vtable for mbed::FileLike
 *fill*         0x0000dab4        0x4 
 .rodata._ZTVN4mbed8FileBaseE
                0x0000dab8       0x10 ../mbed/TARGET_LPC1768/TOOLCHAIN_GCC_ARM\libmbed.a(FileBase.o)
                0x0000dab8                vtable for mbed::FileBase
 .rodata.str1.4
                0x0000dac8        0x2 c:/program files (x86)/gnu tools arm embedded/4.9 2015q3/bin/../lib/gcc/arm-none-eabi/4.9.3/../../../../arm-none-eabi/lib/armv7-m\libc.a(lib_a-impure.o)
 *fill*         0x0000daca        0x2 
 .rodata._global_impure_ptr
                0x0000dacc        0x4 c:/program files (x86)/gnu tools arm embedded/4.9 2015q3/bin/../lib/gcc/arm-none-eabi/4.9.3/../../../../arm-none-eabi/lib/armv7-m\libc.a(lib_a-impure.o)
                0x0000dacc                _global_impure_ptr
 .rodata.zeroes.6911
                0x0000dad0       0x10 c:/program files (x86)/gnu tools arm embedded/4.9 2015q3/bin/../lib/gcc/arm-none-eabi/4.9.3/../../../../arm-none-eabi/lib/armv7-m\libc.a(lib_a-svfprintf.o)
 .rodata.blanks.6910
                0x0000dae0       0x10 c:/program files (x86)/gnu tools arm embedded/4.9 2015q3/bin/../lib/gcc/arm-none-eabi/4.9.3/../../../../arm-none-eabi/lib/armv7-m\libc.a(lib_a-svfprintf.o)
 .rodata.str1.4
                0x0000daf0       0x42 c:/program files (x86)/gnu tools arm embedded/4.9 2015q3/bin/../lib/gcc/arm-none-eabi/4.9.3/../../../../arm-none-eabi/lib/armv7-m\libc.a(lib_a-svfprintf.o)
 *fill*         0x0000db32        0x2 
 .rodata.str1.4
                0x0000db34        0x5 c:/program files (x86)/gnu tools arm embedded/4.9 2015q3/bin/../lib/gcc/arm-none-eabi/4.9.3/../../../../arm-none-eabi/lib/armv7-m\libc.a(lib_a-svfscanf.o)
 *fill*         0x0000db39        0x3 
 .rodata.basefix.6862
                0x0000db3c       0x22 c:/program files (x86)/gnu tools arm embedded/4.9 2015q3/bin/../lib/gcc/arm-none-eabi/4.9.3/../../../../arm-none-eabi/lib/armv7-m\libc.a(lib_a-svfscanf.o)
 *fill*         0x0000db5e        0x2 
 .rodata.zeroes.6926
                0x0000db60       0x10 c:/program files (x86)/gnu tools arm embedded/4.9 2015q3/bin/../lib/gcc/arm-none-eabi/4.9.3/../../../../arm-none-eabi/lib/armv7-m\libc.a(lib_a-vfprintf.o)
 .rodata.str1.4
                0x00000000       0x42 c:/program files (x86)/gnu tools arm embedded/4.9 2015q3/bin/../lib/gcc/arm-none-eabi/4.9.3/../../../../arm-none-eabi/lib/armv7-m\libc.a(lib_a-vfprintf.o)
 .rodata.blanks.6925
                0x0000db70       0x10 c:/program files (x86)/gnu tools arm embedded/4.9 2015q3/bin/../lib/gcc/arm-none-eabi/4.9.3/../../../../arm-none-eabi/lib/armv7-m\libc.a(lib_a-vfprintf.o)
 .rodata._ctype_
                0x0000db80      0x101 c:/program files (x86)/gnu tools arm embedded/4.9 2015q3/bin/../lib/gcc/arm-none-eabi/4.9.3/../../../../arm-none-eabi/lib/armv7-m\libc.a(lib_a-ctype_.o)
                0x0000db80                _ctype_
 *fill*         0x0000dc81        0x3 
 .rodata.str1.4
                0x0000dc84       0x10 c:/program files (x86)/gnu tools arm embedded/4.9 2015q3/bin/../lib/gcc/arm-none-eabi/4.9.3/../../../../arm-none-eabi/lib/armv7-m\libc.a(lib_a-dtoa.o)
                                 0x12 (size before relaxing)
 .rodata.str1.4
                0x0000dc94        0xa c:/program files (x86)/gnu tools arm embedded/4.9 2015q3/bin/../lib/gcc/arm-none-eabi/4.9.3/../../../../arm-none-eabi/lib/armv7-m\libc.a(lib_a-locale.o)
                                 0x12 (size before relaxing)
 .rodata.str1.4
                0x00000000        0x1 c:/program files (x86)/gnu tools arm embedded/4.9 2015q3/bin/../lib/gcc/arm-none-eabi/4.9.3/../../../../arm-none-eabi/lib/armv7-m\libc.a(lib_a-mbrtowc.o)
 *fill*         0x0000dc9e        0x2 
 .rodata.__mprec_tens
                0x0000dca0       0xc8 c:/program files (x86)/gnu tools arm embedded/4.9 2015q3/bin/../lib/gcc/arm-none-eabi/4.9.3/../../../../arm-none-eabi/lib/armv7-m\libc.a(lib_a-mprec.o)
                0x0000dca0                __mprec_tens
 .rodata.p05.5302
                0x0000dd68        0xc c:/program files (x86)/gnu tools arm embedded/4.9 2015q3/bin/../lib/gcc/arm-none-eabi/4.9.3/../../../../arm-none-eabi/lib/armv7-m\libc.a(lib_a-mprec.o)
 *fill*         0x0000dd74        0x4 
 .rodata.__mprec_bigtens
                0x0000dd78       0x28 c:/program files (x86)/gnu tools arm embedded/4.9 2015q3/bin/../lib/gcc/arm-none-eabi/4.9.3/../../../../arm-none-eabi/lib/armv7-m\libc.a(lib_a-mprec.o)
                0x0000dd78                __mprec_bigtens
 .rodata.tinytens
                0x0000dda0       0x28 c:/program files (x86)/gnu tools arm embedded/4.9 2015q3/bin/../lib/gcc/arm-none-eabi/4.9.3/../../../../arm-none-eabi/lib/armv7-m\libc.a(lib_a-strtod.o)
 .rodata.fpinan.5307
                0x0000ddc8       0x14 c:/program files (x86)/gnu tools arm embedded/4.9 2015q3/bin/../lib/gcc/arm-none-eabi/4.9.3/../../../../arm-none-eabi/lib/armv7-m\libc.a(lib_a-strtod.o)
 .rodata.str1.4
                0x0000dddc       0x10 c:/program files (x86)/gnu tools arm embedded/4.9 2015q3/bin/../lib/gcc/arm-none-eabi/4.9.3/../../../../arm-none-eabi/lib/armv7-m\libc.a(lib_a-strtod.o)
                                  0xf (size before relaxing)
 .rodata.fpi.5271
                0x0000ddec       0x14 c:/program files (x86)/gnu tools arm embedded/4.9 2015q3/bin/../lib/gcc/arm-none-eabi/4.9.3/../../../../arm-none-eabi/lib/armv7-m\libc.a(lib_a-strtod.o)
 .rodata.__hexdig
                0x0000de00      0x100 c:/program files (x86)/gnu tools arm embedded/4.9 2015q3/bin/../lib/gcc/arm-none-eabi/4.9.3/../../../../arm-none-eabi/lib/armv7-m\libc.a(lib_a-gdtoa-gethex.o)
                0x0000de00                __hexdig
 *(.eh_frame*)
 .eh_frame      0x0000df00        0x0 c:/program files (x86)/gnu tools arm embedded/4.9 2015q3/bin/../lib/gcc/arm-none-eabi/4.9.3/armv7-m/crtbegin.o
 .eh_frame      0x0000df00       0x38 c:/program files (x86)/gnu tools arm embedded/4.9 2015q3/bin/../lib/gcc/arm-none-eabi/4.9.3/../../../../arm-none-eabi/lib/armv7-m\libc.a(lib_a-strcmp.o)
 .eh_frame      0x0000df38        0x4 c:/program files (x86)/gnu tools arm embedded/4.9 2015q3/bin/../lib/gcc/arm-none-eabi/4.9.3/armv7-m/crtend.o

.glue_7         0x0000df3c        0x0
 .glue_7        0x00000000        0x0 linker stubs

.glue_7t        0x0000df3c        0x0
 .glue_7t       0x00000000        0x0 linker stubs

.vfp11_veneer   0x0000df3c        0x0
 .vfp11_veneer  0x00000000        0x0 linker stubs

.v4_bx          0x0000df3c        0x0
 .v4_bx         0x00000000        0x0 linker stubs

.iplt           0x0000df3c        0x0
 .iplt          0x00000000        0x0 c:/program files (x86)/gnu tools arm embedded/4.9 2015q3/bin/../lib/gcc/arm-none-eabi/4.9.3/armv7-m/crtbegin.o

.ARM.extab
 *(.ARM.extab* .gnu.linkonce.armextab.*)
                0x0000df3c                __exidx_start = .

.ARM.exidx      0x0000df3c        0x8
 *(.ARM.exidx* .gnu.linkonce.armexidx.*)
 .ARM.exidx     0x0000df3c        0x8 c:/program files (x86)/gnu tools arm embedded/4.9 2015q3/bin/../lib/gcc/arm-none-eabi/4.9.3/../../../../arm-none-eabi/lib/armv7-m/crt0.o
 .ARM.exidx     0x0000df44        0x0 C:\Program Files (x86)\GNU Tools ARM Embedded\4.9 2015q3\lib\gcc\arm-none-eabi\4.9.3\armv7-m\libgcc.a(_divdi3.o)
                                  0x8 (size before relaxing)
 .ARM.exidx     0x0000df44        0x0 C:\Program Files (x86)\GNU Tools ARM Embedded\4.9 2015q3\lib\gcc\arm-none-eabi\4.9.3\armv7-m\libgcc.a(_udivdi3.o)
                                  0x8 (size before relaxing)
                0x0000df44                __exidx_end = .
                0x0000df44                __etext = .

.rel.dyn        0x0000df44        0x0
 .rel.iplt      0x00000000        0x0 c:/program files (x86)/gnu tools arm embedded/4.9 2015q3/bin/../lib/gcc/arm-none-eabi/4.9.3/armv7-m/crtbegin.o

.data           0x100000c8      0x8c0 load address 0x0000df44
                0x100000c8                __data_start__ = .
                0x100000c8                Image$$RW_IRAM1$$Base = .
 *(vtable)
 *(.data*)
 .data.SystemCoreClock
                0x100000c8        0x4 ../mbed/TARGET_LPC1768/TOOLCHAIN_GCC_ARM/system_LPC17xx.o
                0x100000c8                SystemCoreClock
 .data._ZZ5_sbrkE4heap
                0x100000cc        0x4 ../mbed/TARGET_LPC1768/TOOLCHAIN_GCC_ARM/retarget.o
 .data.impure_data
                0x100000d0      0x428 c:/program files (x86)/gnu tools arm embedded/4.9 2015q3/bin/../lib/gcc/arm-none-eabi/4.9.3/../../../../arm-none-eabi/lib/armv7-m\libc.a(lib_a-impure.o)
 .data._impure_ptr
                0x100004f8        0x4 c:/program files (x86)/gnu tools arm embedded/4.9 2015q3/bin/../lib/gcc/arm-none-eabi/4.9.3/../../../../arm-none-eabi/lib/armv7-m\libc.a(lib_a-impure.o)
                0x100004f8                _impure_ptr
 .data.__malloc_av_
                0x100004fc      0x408 c:/program files (x86)/gnu tools arm embedded/4.9 2015q3/bin/../lib/gcc/arm-none-eabi/4.9.3/../../../../arm-none-eabi/lib/armv7-m\libc.a(lib_a-mallocr.o)
                0x100004fc                __malloc_av_
 .data.__malloc_trim_threshold
                0x10000904        0x4 c:/program files (x86)/gnu tools arm embedded/4.9 2015q3/bin/../lib/gcc/arm-none-eabi/4.9.3/../../../../arm-none-eabi/lib/armv7-m\libc.a(lib_a-mallocr.o)
                0x10000904                __malloc_trim_threshold
 .data.__malloc_sbrk_base
                0x10000908        0x4 c:/program files (x86)/gnu tools arm embedded/4.9 2015q3/bin/../lib/gcc/arm-none-eabi/4.9.3/../../../../arm-none-eabi/lib/armv7-m\libc.a(lib_a-mallocr.o)
                0x10000908                __malloc_sbrk_base
 .data.__ctype_ptr__
                0x1000090c        0x4 c:/program files (x86)/gnu tools arm embedded/4.9 2015q3/bin/../lib/gcc/arm-none-eabi/4.9.3/../../../../arm-none-eabi/lib/armv7-m\libc.a(lib_a-ctype_.o)
                0x1000090c                __ctype_ptr__
 .data.lconv    0x10000910       0x38 c:/program files (x86)/gnu tools arm embedded/4.9 2015q3/bin/../lib/gcc/arm-none-eabi/4.9.3/../../../../arm-none-eabi/lib/armv7-m\libc.a(lib_a-locale.o)
 .data.lc_ctype_charset
                0x10000948       0x20 c:/program files (x86)/gnu tools arm embedded/4.9 2015q3/bin/../lib/gcc/arm-none-eabi/4.9.3/../../../../arm-none-eabi/lib/armv7-m\libc.a(lib_a-locale.o)
 .data.__mb_cur_max
                0x10000968        0x4 c:/program files (x86)/gnu tools arm embedded/4.9 2015q3/bin/../lib/gcc/arm-none-eabi/4.9.3/../../../../arm-none-eabi/lib/armv7-m\libc.a(lib_a-locale.o)
                0x10000968                __mb_cur_max
 .data.__mbtowc
                0x1000096c        0x4 c:/program files (x86)/gnu tools arm embedded/4.9 2015q3/bin/../lib/gcc/arm-none-eabi/4.9.3/../../../../arm-none-eabi/lib/armv7-m\libc.a(lib_a-mbtowc_r.o)
                0x1000096c                __mbtowc
 .data.__wctomb
                0x10000970        0x4 c:/program files (x86)/gnu tools arm embedded/4.9 2015q3/bin/../lib/gcc/arm-none-eabi/4.9.3/../../../../arm-none-eabi/lib/armv7-m\libc.a(lib_a-wctomb_r.o)
                0x10000970                __wctomb
                0x10000974                . = ALIGN (0x4)
                0x10000974                PROVIDE (__preinit_array_start, .)
 *(.preinit_array)
                0x10000974                PROVIDE (__preinit_array_end, .)
                0x10000974                . = ALIGN (0x4)
                0x10000974                PROVIDE (__init_array_start, .)
 *(SORT(.init_array.*))
 .init_array.00000
                0x10000974        0x4 c:/program files (x86)/gnu tools arm embedded/4.9 2015q3/bin/../lib/gcc/arm-none-eabi/4.9.3/../../../../arm-none-eabi/lib/armv7-m\libc.a(lib_a-__call_atexit.o)
 *(.init_array)
 .init_array    0x10000978        0x4 c:/program files (x86)/gnu tools arm embedded/4.9 2015q3/bin/../lib/gcc/arm-none-eabi/4.9.3/armv7-m/crtbegin.o
 .init_array    0x1000097c        0x4 ./src/main.o
                0x10000980                PROVIDE (__init_array_end, .)
                0x10000980                . = ALIGN (0x4)
                0x10000980                PROVIDE (__fini_array_start, .)
 *(SORT(.fini_array.*))
 *(.fini_array)
 .fini_array    0x10000980        0x4 c:/program files (x86)/gnu tools arm embedded/4.9 2015q3/bin/../lib/gcc/arm-none-eabi/4.9.3/armv7-m/crtbegin.o
 .fini_array    0x10000984        0x4 ./src/main.o
                0x10000988                PROVIDE (__fini_array_end, .)
                0x10000988                . = ALIGN (0x4)
                0x10000988                __data_end__ = .

.jcr            0x10000988        0x0 load address 0x0000e804
 .jcr           0x10000988        0x0 c:/program files (x86)/gnu tools arm embedded/4.9 2015q3/bin/../lib/gcc/arm-none-eabi/4.9.3/armv7-m/crtbegin.o

.igot.plt       0x10000988        0x0 load address 0x0000e804
 .igot.plt      0x00000000        0x0 c:/program files (x86)/gnu tools arm embedded/4.9 2015q3/bin/../lib/gcc/arm-none-eabi/4.9.3/armv7-m/crtbegin.o

.bss            0x10000988      0x348 load address 0x0000e804
                0x10000988                __bss_start__ = .
 *(.bss*)
 .bss           0x10000988       0x1c c:/program files (x86)/gnu tools arm embedded/4.9 2015q3/bin/../lib/gcc/arm-none-eabi/4.9.3/armv7-m/crtbegin.o
 .bss.myled     0x100009a4       0x18 ./src/main.o
                0x100009a4                myled
 .bss.leftLRA   0x100009bc        0xc ./src/main.o
                0x100009bc                leftLRA
 .bss.pc        0x100009c8       0x4c ./src/main.o
                0x100009c8                pc
 .bss.bt        0x10000a14       0x4c ./src/main.o
                0x10000a14                bt
 .bss.rightLRA  0x10000a60        0xc ./src/main.o
                0x10000a60                rightLRA
 .bss.us_ticker_inited
                0x10000a6c        0x4 ../mbed/TARGET_LPC1768/TOOLCHAIN_GCC_ARM/us_ticker.o
                0x10000a6c                us_ticker_inited
 .bss._ZL16filehandle_mutex
                0x10000a70        0x8 ../mbed/TARGET_LPC1768/TOOLCHAIN_GCC_ARM/retarget.o
 .bss.mbed_heap_size
                0x10000a78        0x4 ../mbed/TARGET_LPC1768/TOOLCHAIN_GCC_ARM/retarget.o
                0x10000a78                mbed_heap_size
 .bss._ZL11filehandles
                0x10000a7c      0x100 ../mbed/TARGET_LPC1768/TOOLCHAIN_GCC_ARM/retarget.o
 .bss.mbed_heap_start
                0x10000b7c        0x4 ../mbed/TARGET_LPC1768/TOOLCHAIN_GCC_ARM/retarget.o
                0x10000b7c                mbed_heap_start
 .bss.stdio_uart_inited
                0x10000b80        0x4 ../mbed/TARGET_LPC1768/TOOLCHAIN_GCC_ARM/serial_api.o