Archive member included because of file (symbol)

../mbed/TARGET_LPC1768/TOOLCHAIN_GCC_ARM\libmbed.a(FilePath.o)
                              ../mbed/TARGET_LPC1768/TOOLCHAIN_GCC_ARM/retarget.o (mbed::FilePath::FilePath(char const*))
../mbed/TARGET_LPC1768/TOOLCHAIN_GCC_ARM\libmbed.a(FileSystemLike.o)
                              ../mbed/TARGET_LPC1768/TOOLCHAIN_GCC_ARM/retarget.o (mbed::FileSystemLike::opendir())
../mbed/TARGET_LPC1768/TOOLCHAIN_GCC_ARM\libmbed.a(I2C.o)
                              ./src/DRV2605/DRV2605.o (mbed::I2C::I2C(PinName, PinName))
../mbed/TARGET_LPC1768/TOOLCHAIN_GCC_ARM\libmbed.a(SPI.o)
                              ./src/main.o (mbed::SPI::SPI(PinName, PinName, PinName, PinName))
../mbed/TARGET_LPC1768/TOOLCHAIN_GCC_ARM\libmbed.a(Serial.o)
                              ./src/main.o (mbed::Serial::Serial(PinName, PinName, char const*, int))
../mbed/TARGET_LPC1768/TOOLCHAIN_GCC_ARM\libmbed.a(SerialBase.o)
                              ../mbed/TARGET_LPC1768/TOOLCHAIN_GCC_ARM\libmbed.a(Serial.o) (mbed::SerialBase::_base_getc())
../mbed/TARGET_LPC1768/TOOLCHAIN_GCC_ARM\libmbed.a(Stream.o)
                              ../mbed/TARGET_LPC1768/TOOLCHAIN_GCC_ARM\libmbed.a(Serial.o) (mbed::Stream::close())
../mbed/TARGET_LPC1768/TOOLCHAIN_GCC_ARM\libmbed.a(mbed_gpio.o)
                              ./src/main.o (gpio_init_in)
../mbed/TARGET_LPC1768/TOOLCHAIN_GCC_ARM\libmbed.a(mbed_pinmap_common.o)
                              ../mbed/TARGET_LPC1768/TOOLCHAIN_GCC_ARM/spi_api.o (pinmap_pinout)
../mbed/TARGET_LPC1768/TOOLCHAIN_GCC_ARM\libmbed.a(mbed_us_ticker_api.o)
                              ../mbed/TARGET_LPC1768/TOOLCHAIN_GCC_ARM/us_ticker.o (us_ticker_irq_handler)
../mbed/TARGET_LPC1768/TOOLCHAIN_GCC_ARM\libmbed.a(mbed_assert.o)
                              ./src/main.o (mbed_assert_internal)
../mbed/TARGET_LPC1768/TOOLCHAIN_GCC_ARM\libmbed.a(mbed_error.o)
                              ../mbed/TARGET_LPC1768/TOOLCHAIN_GCC_ARM/spi_api.o (error)
../mbed/TARGET_LPC1768/TOOLCHAIN_GCC_ARM\libmbed.a(mbed_critical.o)
                              ../mbed/TARGET_LPC1768/TOOLCHAIN_GCC_ARM/mbed_board.o (core_util_critical_section_enter)
../mbed/TARGET_LPC1768/TOOLCHAIN_GCC_ARM\libmbed.a(mbed_interface.o)
                              ../mbed/TARGET_LPC1768/TOOLCHAIN_GCC_ARM/retarget.o (mbed_interface_connected)
../mbed/TARGET_LPC1768/TOOLCHAIN_GCC_ARM\libmbed.a(mbed_wait_api_no_rtos.o)
                              ./src/DRV2605/DRV2605.o (wait_us)
../mbed/TARGET_LPC1768/TOOLCHAIN_GCC_ARM\libmbed.a(mbed_semihost_api.o)
                              ../mbed/TARGET_LPC1768/TOOLCHAIN_GCC_ARM/retarget.o (semihost_exit)
../mbed/TARGET_LPC1768/TOOLCHAIN_GCC_ARM\libmbed.a(FileLike.o)
                              ../mbed/TARGET_LPC1768/TOOLCHAIN_GCC_ARM\libmbed.a(Stream.o) (mbed::FileLike::FileLike(char const*))
../mbed/TARGET_LPC1768/TOOLCHAIN_GCC_ARM\libmbed.a(FileBase.o)
                              ../mbed/TARGET_LPC1768/TOOLCHAIN_GCC_ARM\libmbed.a(FileSystemLike.o) (mbed::FileBase::getName())
../mbed/TARGET_LPC1768/TOOLCHAIN_GCC_ARM\libmbed.a(mbed_ticker_api.o)
                              ../mbed/TARGET_LPC1768/TOOLCHAIN_GCC_ARM\libmbed.a(mbed_us_ticker_api.o) (ticker_irq_handler)
C:\Program Files (x86)\GNU Tools ARM Embedded\4.9 2015q3\lib\gcc\arm-none-eabi\4.9.3\armv7-m\libgcc.a(_arm_addsubdf3.o)
                              ./src/DRV2605/DRV2605.o (__aeabi_dadd)
C:\Program Files (x86)\GNU Tools ARM Embedded\4.9 2015q3\lib\gcc\arm-none-eabi\4.9.3\armv7-m\libgcc.a(_arm_muldivdf3.o)
                              ./src/DRV2605/DRV2605.o (__aeabi_ddiv)
C:\Program Files (x86)\GNU Tools ARM Embedded\4.9 2015q3\lib\gcc\arm-none-eabi\4.9.3\armv7-m\libgcc.a(_arm_fixdfsi.o)
                              ./src/DRV2605/DRV2605.o (__aeabi_d2iz)
C:\Program Files (x86)\GNU Tools ARM Embedded\4.9 2015q3\lib\gcc\arm-none-eabi\4.9.3\armv7-m\libgcc.a(_arm_addsubsf3.o)
                              ../mbed/TARGET_LPC1768/TOOLCHAIN_GCC_ARM/spi_api.o (__aeabi_fadd)
C:\Program Files (x86)\GNU Tools ARM Embedded\4.9 2015q3\lib\gcc\arm-none-eabi\4.9.3\armv7-m\libgcc.a(_arm_muldivsf3.o)
                              ./src/DRV2605/DRV2605.o (__aeabi_fmul)
C:\Program Files (x86)\GNU Tools ARM Embedded\4.9 2015q3\lib\gcc\arm-none-eabi\4.9.3\armv7-m\libgcc.a(_arm_cmpsf2.o)
                              ../mbed/TARGET_LPC1768/TOOLCHAIN_GCC_ARM/analogout_api.o (__aeabi_fcmplt)
C:\Program Files (x86)\GNU Tools ARM Embedded\4.9 2015q3\lib\gcc\arm-none-eabi\4.9.3\armv7-m\libgcc.a(_arm_fixsfsi.o)
                              ../mbed/TARGET_LPC1768/TOOLCHAIN_GCC_ARM/analogout_api.o (__aeabi_f2iz)
C:\Program Files (x86)\GNU Tools ARM Embedded\4.9 2015q3\lib\gcc\arm-none-eabi\4.9.3\armv7-m\libgcc.a(_arm_fixunssfsi.o)
                              ../mbed/TARGET_LPC1768/TOOLCHAIN_GCC_ARM/pwmout_api.o (__aeabi_f2uiz)
[...]
Memory Configuration

Name             Origin             Length             Attributes
FLASH            0x00000000         0x00080000         xr
RAM              0x100000c8         0x00007f38         xrw
USB_RAM          0x2007c000         0x00004000         xrw
ETH_RAM          0x20080000         0x00004000         xrw
*default*        0x00000000         0xffffffff

Linker script and memory map

LOAD c:/program files (x86)/gnu tools arm embedded/4.9 2015q3/bin/../lib/gcc/arm-none-eabi/4.9.3/armv7-m/crti.o
LOAD c:/program files (x86)/gnu tools arm embedded/4.9 2015q3/bin/../lib/gcc/arm-none-eabi/4.9.3/armv7-m/crtbegin.o
LOAD c:/program files (x86)/gnu tools arm embedded/4.9 2015q3/bin/../lib/gcc/arm-none-eabi/4.9.3/../../../../arm-none-eabi/lib/armv7-m/crt0.o
LOAD ./src/DRV2605/DRV2605.o
LOAD ./src/main.o
LOAD ../mbed/TARGET_LPC1768/TOOLCHAIN_GCC_ARM/spi_api.o
LOAD ../mbed/TARGET_LPC1768/TOOLCHAIN_GCC_ARM/startup_LPC17xx.o
LOAD ../mbed/TARGET_LPC1768/TOOLCHAIN_GCC_ARM/system_LPC17xx.o
LOAD ../mbed/TARGET_LPC1768/TOOLCHAIN_GCC_ARM/us_ticker.o
LOAD ../mbed/TARGET_LPC1768/TOOLCHAIN_GCC_ARM/analogin_api.o
LOAD ../mbed/TARGET_LPC1768/TOOLCHAIN_GCC_ARM/analogout_api.o
LOAD ../mbed/TARGET_LPC1768/TOOLCHAIN_GCC_ARM/can_api.o
LOAD ../mbed/TARGET_LPC1768/TOOLCHAIN_GCC_ARM/cmsis_nvic.o
LOAD ../mbed/TARGET_LPC1768/TOOLCHAIN_GCC_ARM/ethernet_api.o
LOAD ../mbed/TARGET_LPC1768/TOOLCHAIN_GCC_ARM/gpio_api.o
LOAD ../mbed/TARGET_LPC1768/TOOLCHAIN_GCC_ARM/gpio_irq_api.o
LOAD ../mbed/TARGET_LPC1768/TOOLCHAIN_GCC_ARM/i2c_api.o
LOAD ../mbed/TARGET_LPC1768/TOOLCHAIN_GCC_ARM/mbed_board.o
LOAD ../mbed/TARGET_LPC1768/TOOLCHAIN_GCC_ARM/pinmap.o
LOAD ../mbed/TARGET_LPC1768/TOOLCHAIN_GCC_ARM/port_api.o
LOAD ../mbed/TARGET_LPC1768/TOOLCHAIN_GCC_ARM/pwmout_api.o
LOAD ../mbed/TARGET_LPC1768/TOOLCHAIN_GCC_ARM/retarget.o
LOAD ../mbed/TARGET_LPC1768/TOOLCHAIN_GCC_ARM/rtc_api.o
LOAD ../mbed/TARGET_LPC1768/TOOLCHAIN_GCC_ARM/serial_api.o
LOAD ../mbed/TARGET_LPC1768/TOOLCHAIN_GCC_ARM/sleep.o
LOAD ../mbed/TARGET_LPC1768/TOOLCHAIN_GCC_ARM\libmbed.a
LOAD c:/program files (x86)/gnu tools arm embedded/4.9 2015q3/bin/../lib/gcc/arm-none-eabi/4.9.3/../../../../arm-none-eabi/lib/armv7-m\libstdc++.a
LOAD c:/program files (x86)/gnu tools arm embedded/4.9 2015q3/bin/../lib/gcc/arm-none-eabi/4.9.3/../../../../arm-none-eabi/lib/armv7-m\libsupc++.a
LOAD C:\Program Files (x86)\GNU Tools ARM Embedded\4.9 2015q3\lib\gcc\arm-none-eabi\4.9.3\armv7-m\libgcc.a
LOAD c:/program files (x86)/gnu tools arm embedded/4.9 2015q3/bin/../lib/gcc/arm-none-eabi/4.9.3/../../../../arm-none-eabi/lib/armv7-m\libnosys.a
LOAD c:/program files (x86)/gnu tools arm embedded/4.9 2015q3/bin/../lib/gcc/arm-none-eabi/4.9.3/../../../../arm-none-eabi/lib/armv7-m\libstdc++.a
LOAD c:/program files (x86)/gnu tools arm embedded/4.9 2015q3/bin/../lib/gcc/arm-none-eabi/4.9.3/../../../../arm-none-eabi/lib/armv7-m\libm.a
LOAD c:/program files (x86)/gnu tools arm embedded/4.9 2015q3/bin/../lib/gcc/arm-none-eabi/4.9.3/../../../../arm-none-eabi/lib/armv7-m\libc.a
START GROUP
LOAD C:\Program Files (x86)\GNU Tools ARM Embedded\4.9 2015q3\lib\gcc\arm-none-eabi\4.9.3\armv7-m\libgcc.a
LOAD c:/program files (x86)/gnu tools arm embedded/4.9 2015q3/bin/../lib/gcc/arm-none-eabi/4.9.3/../../../../arm-none-eabi/lib/armv7-m\libg.a
LOAD c:/program files (x86)/gnu tools arm embedded/4.9 2015q3/bin/../lib/gcc/arm-none-eabi/4.9.3/../../../../arm-none-eabi/lib/armv7-m\libc.a
END GROUP
LOAD c:/program files (x86)/gnu tools arm embedded/4.9 2015q3/bin/../lib/gcc/arm-none-eabi/4.9.3/armv7-m/crtend.o
LOAD c:/program files (x86)/gnu tools arm embedded/4.9 2015q3/bin/../lib/gcc/arm-none-eabi/4.9.3/armv7-m/crtn.o

.text           0x00000000     0xe134
 *(.isr_vector)
 .isr_vector    0x00000000       0xcc ../mbed/TARGET_LPC1768/TOOLCHAIN_GCC_ARM/startup_LPC17xx.o
                0x00000000                __isr_vector
 *(.text*)
 .text          0x000000cc       0x5c c:/program files (x86)/gnu tools arm embedded/4.9 2015q3/bin/../lib/gcc/arm-none-eabi/4.9.3/armv7-m/crtbegin.o
 .text          0x00000128       0x74 c:/program files (x86)/gnu tools arm embedded/4.9 2015q3/bin/../lib/gcc/arm-none-eabi/4.9.3/../../../../arm-none-eabi/lib/armv7-m/crt0.o
                0x00000128                _start
                0x00000128                _mainCRTStartup
 .text.gpio_write
                0x0000019c       0x2c ./src/main.o
 .text.gpio_read
                0x000001c8       0x2c ./src/main.o
 .text._ZN4mbed9DigitalInC2E7PinName
                0x000001f4       0x1a ./src/main.o
                0x000001f4                mbed::DigitalIn::DigitalIn(PinName)
                0x000001f4                mbed::DigitalIn::DigitalIn(PinName)
 *fill*         0x0000020e        0x2 
 .text._ZN4mbed10SerialBaseD2Ev
                0x00000210       0x30 ./src/main.o
                0x00000210                mbed::SerialBase::~SerialBase()
                0x00000210                mbed::SerialBase::~SerialBase()
 .text._ZN4mbed10SerialBaseD0Ev
                0x00000240       0x12 ./src/main.o
                0x00000240                mbed::SerialBase::~SerialBase()
 *fill*         0x00000252        0x2 
 .text._Z19radio_hal_ClearNselv
                0x00000254        0xc ./src/main.o
                0x00000254                radio_hal_ClearNsel()
 .text._Z17radio_hal_SetNselv
                0x00000260        0xc ./src/main.o
                0x00000260                radio_hal_SetNsel()
 .text._Z19radio_hal_NirqLevelv
                0x0000026c       0x14 ./src/main.o
                0x0000026c                radio_hal_NirqLevel()
 .text._Z22radio_hal_SpiWriteByteh
                0x00000280        0xc ./src/main.o
                0x00000280                radio_hal_SpiWriteByte(unsigned char)
 .text._Z21radio_hal_SpiReadBytev
                0x0000028c       0x14 ./src/main.o
                0x0000028c                radio_hal_SpiReadByte()
 .text._Z22radio_hal_SpiWriteDatahPh
                0x000002a0       0x20 ./src/main.o
                0x000002a0                radio_hal_SpiWriteData(unsigned char, unsigned char*)
 .text._Z21radio_hal_SpiReadDatahPh
                0x000002c0       0x20 ./src/main.o
                0x000002c0                radio_hal_SpiReadData(unsigned char, unsigned char*)
 .text._Z20radio_hal_Gpio1Levelv
                0x000002e0       0x14 ./src/main.o
                0x000002e0                radio_hal_Gpio1Level()
 .text._Z18radio_comm_GetResphPh
                0x000002f4       0x6c ./src/main.o
                0x000002f4                radio_comm_GetResp(unsigned char, unsigned char*)
 .text._Z18radio_comm_PollCTSv
                0x00000360       0x18 ./src/main.o
                0x00000360                radio_comm_PollCTS()
 .text._Z18radio_comm_SendCmdhPh
                0x00000378       0x38 ./src/main.o
                0x00000378                radio_comm_SendCmd(unsigned char, unsigned char*)
 .text._Z19radio_comm_ReadDatahbhPh
                0x000003b0       0x44 ./src/main.o
                0x000003b0                radio_comm_ReadData(unsigned char, bool, unsigned char, unsigned char*)
 .text._Z20radio_comm_WriteDatahbhPh
                0x000003f4       0x44 ./src/main.o
                0x000003f4                radio_comm_WriteData(unsigned char, bool, unsigned char, unsigned char*)
 .text._Z25radio_comm_SendCmdGetResphPhhS_
                0x00000438       0x16 ./src/main.o
                0x00000438                radio_comm_SendCmdGetResp(unsigned char, unsigned char*, unsigned char, unsigned char*)
 *fill*         0x0000044e        0x2 
 .text._Z21si446x_get_int_statushhh
                0x00000450       0x48 ./src/main.o
                0x00000450                si446x_get_int_status(unsigned char, unsigned char, unsigned char)
 .text._Z25si446x_configuration_initPKh
                0x00000498       0x8c ./src/main.o
                0x00000498                si446x_configuration_init(unsigned char const*)
 .text._Z15si446x_start_txhht
                0x00000524       0x28 ./src/main.o
                0x00000524                si446x_start_tx(unsigned char, unsigned char, unsigned short)
 .text._Z15si446x_start_rxhhthhh
                0x0000054c       0x30 ./src/main.o
                0x0000054c                si446x_start_rx(unsigned char, unsigned char, unsigned short, unsigned char, unsigned char, unsigned char)
 .text._Z19si446x_change_stateh
                0x0000057c       0x14 ./src/main.o
                0x0000057c                si446x_change_state(unsigned char)
 .text._Z16si446x_fifo_infoh
                0x00000590       0x2c ./src/main.o
                0x00000590                si446x_fifo_info(unsigned char)
 .text._Z20si446x_write_tx_fifohPh
                0x000005bc        0xc ./src/main.o
                0x000005bc                si446x_write_tx_fifo(unsigned char, unsigned char*)
 .text._Z19si446x_read_rx_fifohPh
                0x000005c8        0xc ./src/main.o
                0x000005c8                si446x_read_rx_fifo(unsigned char, unsigned char*)
 .text._Z11vRadio_Initv
                0x000005d4       0x50 ./src/main.o
                0x000005d4                vRadio_Init()
 .text._Z18bRadio_Check_Tx_RXv
                0x00000624       0x88 ./src/main.o
                0x00000624                bRadio_Check_Tx_RX()
 .text._Z14vRadio_StartRXhh
                0x000006ac       0x2e ./src/main.o
                0x000006ac                vRadio_StartRX(unsigned char, unsigned char)
 .text._Z30vRadio_StartTx_Variable_PackethPhh
                0x000006da       0x34 ./src/main.o
                0x000006da                vRadio_StartTx_Variable_Packet(unsigned char, unsigned char*, unsigned char)
 *fill*         0x0000070e        0x2 
 .text.startup.main
                0x00000710      0x14c ./src/main.o
                0x00000710                main
 .text._ZN4mbed6SerialD2Ev
                0x0000085c       0x28 ./src/main.o
                0x0000085c                mbed::Serial::~Serial()
                0x0000085c                mbed::Serial::~Serial()
 .text._ZN4mbed6SerialD1Ev
                0x00000884       0x10 ./src/main.o
                0x00000884                non-virtual thunk to mbed::Serial::~Serial()
                0x0000088c                non-virtual thunk to mbed::Serial::~Serial()
 .text._ZN4mbed6SerialD0Ev
                0x00000894       0x1e ./src/main.o
                0x00000894                mbed::Serial::~Serial()
                0x000008a6                non-virtual thunk to mbed::Serial::~Serial()
                0x000008ac                non-virtual thunk to mbed::Serial::~Serial()
 *fill*         0x000008b2        0x2 
 .text.startup._GLOBAL__sub_I_device
                0x000008b4       0xc0 ./src/main.o
 .text.exit._GLOBAL__sub_D_device
                0x00000974       0x10 ./src/main.o
 .text.spi_init
                0x00000984       0xe4 ../mbed/TARGET_LPC1768/TOOLCHAIN_GCC_ARM/spi_api.o
                0x00000984                spi_init
 .text.spi_format
                0x00000a68       0x6c ../mbed/TARGET_LPC1768/TOOLCHAIN_GCC_ARM/spi_api.o
                0x00000a68                spi_format
 .text.spi_frequency
                0x00000ad4       0xd4 ../mbed/TARGET_LPC1768/TOOLCHAIN_GCC_ARM/spi_api.o
                0x00000ad4                spi_frequency
 .text.spi_master_write
                0x00000ba8       0x14 ../mbed/TARGET_LPC1768/TOOLCHAIN_GCC_ARM/spi_api.o
                0x00000ba8                spi_master_write
 .text          0x00000bbc       0x44 ../mbed/TARGET_LPC1768/TOOLCHAIN_GCC_ARM/startup_LPC17xx.o
                0x00000bbc                Reset_Handler
                0x00000bec                NMI_Handler
                0x00000bee                HardFault_Handler
                0x00000bf0                MemManage_Handler
                0x00000bf2                BusFault_Handler
                0x00000bf4                UsageFault_Handler
                0x00000bf6                SVC_Handler
                0x00000bf8                DebugMon_Handler
                0x00000bfa                PendSV_Handler
                0x00000bfc                SysTick_Handler
                0x00000bfe                EINT2_IRQHandler
                0x00000bfe                USBActivity_IRQHandler
                0x00000bfe                EINT3_IRQHandler
                0x00000bfe                CANActivity_IRQHandler
                0x00000bfe                TIMER3_IRQHandler
                0x00000bfe                UART0_IRQHandler
                0x00000bfe                UART1_IRQHandler
                0x00000bfe                I2C1_IRQHandler
                0x00000bfe                PLL0_IRQHandler
                0x00000bfe                I2C0_IRQHandler
                0x00000bfe                PLL1_IRQHandler
                0x00000bfe                SSP0_IRQHandler
                0x00000bfe                I2S_IRQHandler
                0x00000bfe                I2C2_IRQHandler
                0x00000bfe                RTC_IRQHandler
                0x00000bfe                TIMER0_IRQHandler
                0x00000bfe                RIT_IRQHandler
                0x00000bfe                SPI_IRQHandler
                0x00000bfe                EINT1_IRQHandler
                0x00000bfe                TIMER1_IRQHandler
                0x00000bfe                UART2_IRQHandler
                0x00000bfe                Default_Handler
                0x00000bfe                ADC_IRQHandler
                0x00000bfe                SSP1_IRQHandler
                0x00000bfe                USB_IRQHandler
                0x00000bfe                BOD_IRQHandler
                0x00000bfe                PWM1_IRQHandler
                0x00000bfe                WDT_IRQHandler
                0x00000bfe                CAN_IRQHandler
                0x00000bfe                QEI_IRQHandler
                0x00000bfe                EINT0_IRQHandler
                0x00000bfe                DEF_IRQHandler
                0x00000bfe                DMA_IRQHandler
                0x00000bfe                TIMER2_IRQHandler
                0x00000bfe                UART3_IRQHandler
                0x00000bfe                MCPWM_IRQHandler
                0x00000bfe                ENET_IRQHandler
 .text.SystemInit
                0x00000c00       0xa4 ../mbed/TARGET_LPC1768/TOOLCHAIN_GCC_ARM/system_LPC17xx.o
                0x00000c00                SystemInit
 .text.us_ticker_init
                0x00000ca4       0x60 ../mbed/TARGET_LPC1768/TOOLCHAIN_GCC_ARM/us_ticker.o
                0x00000ca4                us_ticker_init
 .text.us_ticker_read
                0x00000d04       0x1c ../mbed/TARGET_LPC1768/TOOLCHAIN_GCC_ARM/us_ticker.o
                0x00000d04                us_ticker_read
 .text.us_ticker_set_interrupt
                0x00000d20       0x14 ../mbed/TARGET_LPC1768/TOOLCHAIN_GCC_ARM/us_ticker.o
                0x00000d20                us_ticker_set_interrupt
 .text.us_ticker_disable_interrupt
                0x00000d34       0x10 ../mbed/TARGET_LPC1768/TOOLCHAIN_GCC_ARM/us_ticker.o
                0x00000d34                us_ticker_disable_interrupt
 .text.us_ticker_clear_interrupt
                0x00000d44        0xc ../mbed/TARGET_LPC1768/TOOLCHAIN_GCC_ARM/us_ticker.o
                0x00000d44                us_ticker_clear_interrupt
 .text.__NVIC_SetVector
                0x00000d50       0x40 ../mbed/TARGET_LPC1768/TOOLCHAIN_GCC_ARM/cmsis_nvic.o
                0x00000d50                __NVIC_SetVector
 .text.gpio_set
                0x00000d90       0x2c ../mbed/TARGET_LPC1768/TOOLCHAIN_GCC_ARM/gpio_api.o
                0x00000d90                gpio_set
 .text.gpio_init
                0x00000dbc       0x2e ../mbed/TARGET_LPC1768/TOOLCHAIN_GCC_ARM/gpio_api.o
                0x00000dbc                gpio_init
 .text.gpio_mode
                0x00000dea        0x6 ../mbed/TARGET_LPC1768/TOOLCHAIN_GCC_ARM/gpio_api.o
                0x00000dea                gpio_mode
 .text.gpio_dir
                0x00000df0       0x40 ../mbed/TARGET_LPC1768/TOOLCHAIN_GCC_ARM/gpio_api.o
                0x00000df0                gpio_dir
 .text.gpio_write
                0x00000e30       0x2c ../mbed/TARGET_LPC1768/TOOLCHAIN_GCC_ARM/mbed_board.o
 .text.mbed_die
                0x00000e5c       0x88 ../mbed/TARGET_LPC1768/TOOLCHAIN_GCC_ARM/mbed_board.o
                0x00000e5c                mbed_die
 .text.mbed_error_vfprintf
                0x00000ee4       0x58 ../mbed/TARGET_LPC1768/TOOLCHAIN_GCC_ARM/mbed_board.o
                0x00000ee4                mbed_error_vfprintf
 .text.mbed_error_printf
                0x00000f3c       0x1a ../mbed/TARGET_LPC1768/TOOLCHAIN_GCC_ARM/mbed_board.o
                0x00000f3c                mbed_error_printf
 *fill*         0x00000f56        0x2 
 .text.pin_function
                0x00000f58       0x50 ../mbed/TARGET_LPC1768/TOOLCHAIN_GCC_ARM/pinmap.o
                0x00000f58                pin_function
 .text.pin_mode
                0x00000fa8       0x74 ../mbed/TARGET_LPC1768/TOOLCHAIN_GCC_ARM/pinmap.o
                0x00000fa8                pin_mode
 .text._ZN4mbed10FileHandle4lockEv
                0x0000101c        0x2 ../mbed/TARGET_LPC1768/TOOLCHAIN_GCC_ARM/retarget.o
                0x0000101c                mbed::FileHandle::lock()
 .text._ZN4mbed10FileHandle6unlockEv
                0x0000101e        0x2 ../mbed/TARGET_LPC1768/TOOLCHAIN_GCC_ARM/retarget.o
                0x0000101e                mbed::FileHandle::unlock()
 .text._ZN4mbed10FileHandle4flenEv
                0x00001020       0x4c ../mbed/TARGET_LPC1768/TOOLCHAIN_GCC_ARM/retarget.o
                0x00001020                mbed::FileHandle::flen()
 .text._ZL11init_serialv
                0x0000106c       0x34 ../mbed/TARGET_LPC1768/TOOLCHAIN_GCC_ARM/retarget.o
 .text.mbed_sdk_init
                0x000010a0        0x2 ../mbed/TARGET_LPC1768/TOOLCHAIN_GCC_ARM/retarget.o
                0x000010a0                mbed_sdk_init
 *fill*         0x000010a2        0x2 
 .text._close   0x000010a4       0x2c ../mbed/TARGET_LPC1768/TOOLCHAIN_GCC_ARM/retarget.o
                0x000010a4                _close
 .text._write   0x000010d0       0x50 ../mbed/TARGET_LPC1768/TOOLCHAIN_GCC_ARM/retarget.o
                0x000010d0                _write
 .text._read    0x00001120       0x44 ../mbed/TARGET_LPC1768/TOOLCHAIN_GCC_ARM/retarget.o
                0x00001120                _read
 .text._isatty  0x00001164       0x24 ../mbed/TARGET_LPC1768/TOOLCHAIN_GCC_ARM/retarget.o
                0x00001164                _isatty
 .text._lseek   0x00001188       0x24 ../mbed/TARGET_LPC1768/TOOLCHAIN_GCC_ARM/retarget.o
                0x00001188                _lseek
 .text._fstat   0x000011ac       0x1e ../mbed/TARGET_LPC1768/TOOLCHAIN_GCC_ARM/retarget.o
                0x000011ac                _fstat
 .text.__cxa_pure_virtual
                0x000011ca        0x8 ../mbed/TARGET_LPC1768/TOOLCHAIN_GCC_ARM/retarget.o
                0x000011ca                __cxa_pure_virtual
 .text.software_init_hook_rtos
                0x000011d2        0x2 ../mbed/TARGET_LPC1768/TOOLCHAIN_GCC_ARM/retarget.o
                0x000011d2                software_init_hook_rtos
 .text.software_init_hook
                0x000011d4        0xc ../mbed/TARGET_LPC1768/TOOLCHAIN_GCC_ARM/retarget.o
                0x000011d4                software_init_hook
 .text.mbed_main
                0x000011e0        0x2 ../mbed/TARGET_LPC1768/TOOLCHAIN_GCC_ARM/retarget.o
                0x000011e0                mbed_main
 .text.__wrap_main
                0x000011e2        0xe ../mbed/TARGET_LPC1768/TOOLCHAIN_GCC_ARM/retarget.o
                0x000011e2                __wrap_main
 .text._sbrk    0x000011f0       0x44 ../mbed/TARGET_LPC1768/TOOLCHAIN_GCC_ARM/retarget.o
                0x000011f0                _sbrk
 .text._exit    0x00001234       0x2c ../mbed/TARGET_LPC1768/TOOLCHAIN_GCC_ARM/retarget.o
                0x00001234                _exit
 .text._ZN4mbed26mbed_set_unbuffered_streamEP7__sFILE
                0x00001260        0x6 ../mbed/TARGET_LPC1768/TOOLCHAIN_GCC_ARM/retarget.o
                0x00001260                mbed::mbed_set_unbuffered_stream(__sFILE*)
 .text.__rtos_malloc_lock
                0x00001266        0x2 ../mbed/TARGET_LPC1768/TOOLCHAIN_GCC_ARM/retarget.o
                0x00001266                __rtos_malloc_lock
 .text.__rtos_malloc_unlock
                0x00001268        0x2 ../mbed/TARGET_LPC1768/TOOLCHAIN_GCC_ARM/retarget.o
                0x00001268                __rtos_malloc_unlock
 .text.__malloc_lock
                0x0000126a        0x8 ../mbed/TARGET_LPC1768/TOOLCHAIN_GCC_ARM/retarget.o
                0x0000126a                __malloc_lock
 .text.__malloc_unlock
                0x00001272        0x8 ../mbed/TARGET_LPC1768/TOOLCHAIN_GCC_ARM/retarget.o
                0x00001272                __malloc_unlock
 .text._ZdlPv   0x0000127a        0x8 ../mbed/TARGET_LPC1768/TOOLCHAIN_GCC_ARM/retarget.o
                0x0000127a                operator delete(void*)
 *fill*         0x00001282        0x2 
 .text._ZN12SingletonPtrI13PlatformMutexE3getEv
                0x00001284       0x2c ../mbed/TARGET_LPC1768/TOOLCHAIN_GCC_ARM/retarget.o
                0x00001284                SingletonPtr<PlatformMutex>::get()
 .text._ZN4mbed10FileHandleD2Ev
                0x000012b0       0x3c ../mbed/TARGET_LPC1768/TOOLCHAIN_GCC_ARM/retarget.o
                0x000012b0                mbed::FileHandle::~FileHandle()
                0x000012b0                mbed::FileHandle::~FileHandle()
 .text._open    0x000012ec       0xf8 ../mbed/TARGET_LPC1768/TOOLCHAIN_GCC_ARM/retarget.o
                0x000012ec                _open
 .text.uart_irq
                0x000013e4       0x60 ../mbed/TARGET_LPC1768/TOOLCHAIN_GCC_ARM/serial_api.o
 .text.uart0_irq
                0x00001444       0x14 ../mbed/TARGET_LPC1768/TOOLCHAIN_GCC_ARM/serial_api.o
                0x00001444                uart0_irq
 .text.uart1_irq
                0x00001458       0x14 ../mbed/TARGET_LPC1768/TOOLCHAIN_GCC_ARM/serial_api.o
                0x00001458                uart1_irq
 .text.uart2_irq
                0x0000146c       0x14 ../mbed/TARGET_LPC1768/TOOLCHAIN_GCC_ARM/serial_api.o
                0x0000146c                uart2_irq
 .text.uart3_irq
                0x00001480       0x14 ../mbed/TARGET_LPC1768/TOOLCHAIN_GCC_ARM/serial_api.o
                0x00001480                uart3_irq
 .text.serial_irq_set_internal
                0x00001494       0xc4 ../mbed/TARGET_LPC1768/TOOLCHAIN_GCC_ARM/serial_api.o
 .text.serial_baud
                0x00001558      0x1f0 ../mbed/TARGET_LPC1768/TOOLCHAIN_GCC_ARM/serial_api.o
                0x00001558                serial_baud
 .text.serial_format
                0x00001748       0x74 ../mbed/TARGET_LPC1768/TOOLCHAIN_GCC_ARM/serial_api.o
                0x00001748                serial_format
 .text.serial_irq_handler
                0x000017bc       0x18 ../mbed/TARGET_LPC1768/TOOLCHAIN_GCC_ARM/serial_api.o
                0x000017bc                serial_irq_handler
 .text.serial_getc
                0x000017d4       0x38 ../mbed/TARGET_LPC1768/TOOLCHAIN_GCC_ARM/serial_api.o
                0x000017d4                serial_getc
 .text.serial_writable
                0x0000180c       0x50 ../mbed/TARGET_LPC1768/TOOLCHAIN_GCC_ARM/serial_api.o
                0x0000180c                serial_writable
 .text.serial_putc
                0x0000185c       0x30 ../mbed/TARGET_LPC1768/TOOLCHAIN_GCC_ARM/serial_api.o
                0x0000185c                serial_putc
 .text.serial_set_flow_control
                0x0000188c      0x108 ../mbed/TARGET_LPC1768/TOOLCHAIN_GCC_ARM/serial_api.o
                0x0000188c                serial_set_flow_control
 .text.serial_init
                0x00001994      0x16c ../mbed/TARGET_LPC1768/TOOLCHAIN_GCC_ARM/serial_api.o
                0x00001994                serial_init
 .text._ZN4mbed8FilePathC2EPKc
                0x00001b00       0x3c ../mbed/TARGET_LPC1768/TOOLCHAIN_GCC_ARM\libmbed.a(FilePath.o)
                0x00001b00                mbed::FilePath::FilePath(char const*)
                0x00001b00                mbed::FilePath::FilePath(char const*)
 .text._ZN4mbed8FilePath8fileNameEv
                0x00001b3c        0x4 ../mbed/TARGET_LPC1768/TOOLCHAIN_GCC_ARM\libmbed.a(FilePath.o)
                0x00001b3c                mbed::FilePath::fileName()
 .text._ZN4mbed8FilePath12isFileSystemEv
                0x00001b40       0x12 ../mbed/TARGET_LPC1768/TOOLCHAIN_GCC_ARM\libmbed.a(FilePath.o)
                0x00001b40                mbed::FilePath::isFileSystem()
 .text._ZN4mbed8FilePath10fileSystemEv
                0x00001b52        0xe ../mbed/TARGET_LPC1768/TOOLCHAIN_GCC_ARM\libmbed.a(FilePath.o)
                0x00001b52                mbed::FilePath::fileSystem()
 .text._ZN4mbed8FilePath6isFileEv
                0x00001b60       0x12 ../mbed/TARGET_LPC1768/TOOLCHAIN_GCC_ARM\libmbed.a(FilePath.o)
                0x00001b60                mbed::FilePath::isFile()
 .text._ZN4mbed8FilePath4fileEv
                0x00001b72       0x12 ../mbed/TARGET_LPC1768/TOOLCHAIN_GCC_ARM\libmbed.a(FilePath.o)
                0x00001b72                mbed::FilePath::file()
 .text._ZN4mbed8FilePath6existsEv
                0x00001b84        0xa ../mbed/TARGET_LPC1768/TOOLCHAIN_GCC_ARM\libmbed.a(FilePath.o)
                0x00001b84                mbed::FilePath::exists()
 .text._ZN4mbed3SPID2Ev
                0x00001b8e        0x2 ../mbed/TARGET_LPC1768/TOOLCHAIN_GCC_ARM\libmbed.a(SPI.o)
                0x00001b8e                mbed::SPI::~SPI()
                0x00001b8e                mbed::SPI::~SPI()
 .text._ZN4mbed3SPID0Ev
                0x00001b90        0xc ../mbed/TARGET_LPC1768/TOOLCHAIN_GCC_ARM\libmbed.a(SPI.o)
                0x00001b90                mbed::SPI::~SPI()
 .text._ZN4mbed3SPI6aquireEv
                0x00001b9c       0x3c ../mbed/TARGET_LPC1768/TOOLCHAIN_GCC_ARM\libmbed.a(SPI.o)
                0x00001b9c                mbed::SPI::aquire()
 .text._ZN4mbed3SPIC2E7PinNameS1_S1_S1_
                0x00001bd8       0x34 ../mbed/TARGET_LPC1768/TOOLCHAIN_GCC_ARM\libmbed.a(SPI.o)
                0x00001bd8                mbed::SPI::SPI(PinName, PinName, PinName, PinName)
                0x00001bd8                mbed::SPI::SPI(PinName, PinName, PinName, PinName)
 .text._ZN4mbed3SPI5writeEi
                0x00001c0c       0x28 ../mbed/TARGET_LPC1768/TOOLCHAIN_GCC_ARM\libmbed.a(SPI.o)
                0x00001c0c                mbed::SPI::write(int)
 .text._ZN4mbed3SPI4lockEv
                0x00001c34       0x10 ../mbed/TARGET_LPC1768/TOOLCHAIN_GCC_ARM\libmbed.a(SPI.o)
                0x00001c34                mbed::SPI::lock()
 .text._ZN4mbed3SPI6unlockEv
                0x00001c44       0x10 ../mbed/TARGET_LPC1768/TOOLCHAIN_GCC_ARM\libmbed.a(SPI.o)
                0x00001c44                mbed::SPI::unlock()
 .text._ZN4mbed6Serial4lockEv
                0x00001c54        0x2 ../mbed/TARGET_LPC1768/TOOLCHAIN_GCC_ARM\libmbed.a(Serial.o)
                0x00001c54                mbed::Serial::lock()
 .text._ZThn48_N4mbed6Serial4lockEv
                0x00001c56        0x8 ../mbed/TARGET_LPC1768/TOOLCHAIN_GCC_ARM\libmbed.a(Serial.o)
                0x00001c56                non-virtual thunk to mbed::Serial::lock()
 .text._ZN4mbed6Serial6unlockEv
                0x00001c5e        0x2 ../mbed/TARGET_LPC1768/TOOLCHAIN_GCC_ARM\libmbed.a(Serial.o)
                0x00001c5e                mbed::Serial::unlock()
 .text._ZThn48_N4mbed6Serial6unlockEv
                0x00001c60        0x8 ../mbed/TARGET_LPC1768/TOOLCHAIN_GCC_ARM\libmbed.a(Serial.o)
                0x00001c60                non-virtual thunk to mbed::Serial::unlock()
 .text._ZN4mbed6Serial5_getcEv
                0x00001c68        0x4 ../mbed/TARGET_LPC1768/TOOLCHAIN_GCC_ARM\libmbed.a(Serial.o)
                0x00001c68                mbed::Serial::_getc()
 .text._ZThn48_N4mbed6Serial5_getcEv
                0x00001c6c        0x8 ../mbed/TARGET_LPC1768/TOOLCHAIN_GCC_ARM\libmbed.a(Serial.o)
                0x00001c6c                non-virtual thunk to mbed::Serial::_getc()
 .text._ZN4mbed6Serial5_putcEi
                0x00001c74        0x4 ../mbed/TARGET_LPC1768/TOOLCHAIN_GCC_ARM\libmbed.a(Serial.o)
                0x00001c74                mbed::Serial::_putc(int)
 .text._ZThn48_N4mbed6Serial5_putcEi
                0x00001c78        0x8 ../mbed/TARGET_LPC1768/TOOLCHAIN_GCC_ARM\libmbed.a(Serial.o)
                0x00001c78                non-virtual thunk to mbed::Serial::_putc(int)
 .text._ZN4mbed6SerialC2E7PinNameS1_PKci
                0x00001c80       0x30 ../mbed/TARGET_LPC1768/TOOLCHAIN_GCC_ARM\libmbed.a(Serial.o)
                0x00001c80                mbed::Serial::Serial(PinName, PinName, char const*, int)
                0x00001c80                mbed::Serial::Serial(PinName, PinName, char const*, int)
 .text._ZN4mbedL9donothingEv
                0x00001cb0        0x2 ../mbed/TARGET_LPC1768/TOOLCHAIN_GCC_ARM\libmbed.a(SerialBase.o)
 .text._ZN4mbed10SerialBase4lockEv
                0x00001cb2        0x2 ../mbed/TARGET_LPC1768/TOOLCHAIN_GCC_ARM\libmbed.a(SerialBase.o)
                0x00001cb2                mbed::SerialBase::lock()
 .text._ZN4mbed10SerialBase6unlockEv
                0x00001cb4        0x2 ../mbed/TARGET_LPC1768/TOOLCHAIN_GCC_ARM\libmbed.a(SerialBase.o)
                0x00001cb4                mbed::SerialBase::unlock()
 .text._ZN4mbed8CallbackIFvvEE13function_callIPS1_EEvPKv
                0x00001cb6        0x4 ../mbed/TARGET_LPC1768/TOOLCHAIN_GCC_ARM\libmbed.a(SerialBase.o)
                0x00001cb6                void mbed::Callback<void ()>::function_call<void (*)()>(void const*)
 .text._ZN4mbed8CallbackIFvvEE13function_moveIPS1_EEvPvPKv
                0x00001cba        0x8 ../mbed/TARGET_LPC1768/TOOLCHAIN_GCC_ARM\libmbed.a(SerialBase.o)
                0x00001cba                void mbed::Callback<void ()>::function_move<void (*)()>(void*, void const*)
 .text._ZN4mbed8CallbackIFvvEE13function_dtorIPS1_EEvPv
                0x00001cc2        0x2 ../mbed/TARGET_LPC1768/TOOLCHAIN_GCC_ARM\libmbed.a(SerialBase.o)
                0x00001cc2                void mbed::Callback<void ()>::function_dtor<void (*)()>(void*)
 .text._ZN4mbed10SerialBase12_irq_handlerEm9SerialIrq
                0x00001cc4       0x30 ../mbed/TARGET_LPC1768/TOOLCHAIN_GCC_ARM\libmbed.a(SerialBase.o)
                0x00001cc4                mbed::SerialBase::_irq_handler(unsigned long, SerialIrq)
 .text._ZN4mbed10SerialBase10_base_getcEv
                0x00001cf4        0x6 ../mbed/TARGET_LPC1768/TOOLCHAIN_GCC_ARM\libmbed.a(SerialBase.o)
                0x00001cf4                mbed::SerialBase::_base_getc()
 .text._ZN4mbed10SerialBase10_base_putcEi
                0x00001cfa        0xe ../mbed/TARGET_LPC1768/TOOLCHAIN_GCC_ARM\libmbed.a(SerialBase.o)
                0x00001cfa                mbed::SerialBase::_base_putc(int)
 .text._ZN4mbed8CallbackIFvvEED2Ev
                0x00001d08       0x10 ../mbed/TARGET_LPC1768/TOOLCHAIN_GCC_ARM\libmbed.a(SerialBase.o)
                0x00001d08                mbed::Callback<void ()>::~Callback()
                0x00001d08                mbed::Callback<void ()>::~Callback()
 .text._ZN4mbed10SerialBaseC2E7PinNameS1_i
                0x00001d18       0x74 ../mbed/TARGET_LPC1768/TOOLCHAIN_GCC_ARM\libmbed.a(SerialBase.o)
                0x00001d18                mbed::SerialBase::SerialBase(PinName, PinName, int)
                0x00001d18                mbed::SerialBase::SerialBase(PinName, PinName, int)
 .text._ZN4mbed6Stream5closeEv
                0x00001d8c        0x4 ../mbed/TARGET_LPC1768/TOOLCHAIN_GCC_ARM\libmbed.a(Stream.o)
                0x00001d8c                mbed::Stream::close()
 .text._ZN4mbed6Stream5writeEPKvj
                0x00001d90       0x32 ../mbed/TARGET_LPC1768/TOOLCHAIN_GCC_ARM\libmbed.a(Stream.o)
                0x00001d90                mbed::Stream::write(void const*, unsigned int)
 .text._ZN4mbed6Stream4readEPvj
                0x00001dc2       0x32 ../mbed/TARGET_LPC1768/TOOLCHAIN_GCC_ARM\libmbed.a(Stream.o)
                0x00001dc2                mbed::Stream::read(void*, unsigned int)
 .text._ZN4mbed6Stream5lseekEli
                0x00001df4        0x4 ../mbed/TARGET_LPC1768/TOOLCHAIN_GCC_ARM\libmbed.a(Stream.o)
                0x00001df4                mbed::Stream::lseek(long, int)
 .text._ZN4mbed6Stream6isattyEv
                0x00001df8        0x4 ../mbed/TARGET_LPC1768/TOOLCHAIN_GCC_ARM\libmbed.a(Stream.o)
                0x00001df8                mbed::Stream::isatty()
 .text._ZN4mbed6Stream5fsyncEv
                0x00001dfc        0x4 ../mbed/TARGET_LPC1768/TOOLCHAIN_GCC_ARM\libmbed.a(Stream.o)
                0x00001dfc                mbed::Stream::fsync()
 .text._ZN4mbed6Stream4flenEv
                0x00001e00        0x4 ../mbed/TARGET_LPC1768/TOOLCHAIN_GCC_ARM\libmbed.a(Stream.o)
                0x00001e00                mbed::Stream::flen()
 .text._ZN4mbed6StreamC2EPKc
                0x00001e04       0x44 ../mbed/TARGET_LPC1768/TOOLCHAIN_GCC_ARM\libmbed.a(Stream.o)
                0x00001e04                mbed::Stream::Stream(char const*)
                0x00001e04                mbed::Stream::Stream(char const*)
 .text._ZN4mbed6StreamD2Ev
                0x00001e48       0x24 ../mbed/TARGET_LPC1768/TOOLCHAIN_GCC_ARM\libmbed.a(Stream.o)
                0x00001e48                mbed::Stream::~Stream()
                0x00001e48                mbed::Stream::~Stream()
 .text._ZN4mbed6Stream6printfEPKcz
                0x00001e6c       0x3a ../mbed/TARGET_LPC1768/TOOLCHAIN_GCC_ARM\libmbed.a(Stream.o)
                0x00001e6c                mbed::Stream::printf(char const*, ...)
 *fill*         0x00001ea6        0x2 
 .text.gpio_write
                0x00001ea8       0x2c ../mbed/TARGET_LPC1768/TOOLCHAIN_GCC_ARM\libmbed.a(mbed_gpio.o)
 .text._gpio_init_in
                0x00001ed4       0x26 ../mbed/TARGET_LPC1768/TOOLCHAIN_GCC_ARM\libmbed.a(mbed_gpio.o)
 .text.gpio_init_in
                0x00001efa        0x6 ../mbed/TARGET_LPC1768/TOOLCHAIN_GCC_ARM\libmbed.a(mbed_gpio.o)
                0x00001efa                gpio_init_in
 .text.gpio_init_out_ex
                0x00001f00       0x2e ../mbed/TARGET_LPC1768/TOOLCHAIN_GCC_ARM\libmbed.a(mbed_gpio.o)
                0x00001f00                gpio_init_out_ex
 .text.gpio_init_out
                0x00001f2e        0x6 ../mbed/TARGET_LPC1768/TOOLCHAIN_GCC_ARM\libmbed.a(mbed_gpio.o)
                0x00001f2e                gpio_init_out
 .text.pinmap_pinout
                0x00001f34       0x38 ../mbed/TARGET_LPC1768/TOOLCHAIN_GCC_ARM\libmbed.a(mbed_pinmap_common.o)
                0x00001f34                pinmap_pinout
 .text.pinmap_merge
                0x00001f6c       0x24 ../mbed/TARGET_LPC1768/TOOLCHAIN_GCC_ARM\libmbed.a(mbed_pinmap_common.o)
                0x00001f6c                pinmap_merge
 .text.pinmap_find_peripheral
                0x00001f90       0x16 ../mbed/TARGET_LPC1768/TOOLCHAIN_GCC_ARM\libmbed.a(mbed_pinmap_common.o)
                0x00001f90                pinmap_find_peripheral
 *fill*         0x00001fa6        0x2 
 .text.pinmap_peripheral
                0x00001fa8       0x20 ../mbed/TARGET_LPC1768/TOOLCHAIN_GCC_ARM\libmbed.a(mbed_pinmap_common.o)
                0x00001fa8                pinmap_peripheral
 .text.us_ticker_irq_handler
                0x00001fc8        0xc ../mbed/TARGET_LPC1768/TOOLCHAIN_GCC_ARM\libmbed.a(mbed_us_ticker_api.o)
                0x00001fc8                us_ticker_irq_handler
 .text.mbed_assert_internal
                0x00001fd4       0x24 ../mbed/TARGET_LPC1768/TOOLCHAIN_GCC_ARM\libmbed.a(mbed_assert.o)
                0x00001fd4                mbed_assert_internal
 .text.error    0x00001ff8       0x16 ../mbed/TARGET_LPC1768/TOOLCHAIN_GCC_ARM\libmbed.a(mbed_error.o)
                0x00001ff8                error
 .text.core_util_are_interrupts_enabled
                0x0000200e        0xe ../mbed/TARGET_LPC1768/TOOLCHAIN_GCC_ARM\libmbed.a(mbed_critical.o)
                0x0000200e                core_util_are_interrupts_enabled
 .text.core_util_critical_section_enter
                0x0000201c       0x54 ../mbed/TARGET_LPC1768/TOOLCHAIN_GCC_ARM\libmbed.a(mbed_critical.o)
                0x0000201c                core_util_critical_section_enter
 .text.core_util_critical_section_exit
                0x00002070       0x3c ../mbed/TARGET_LPC1768/TOOLCHAIN_GCC_ARM\libmbed.a(mbed_critical.o)
                0x00002070                core_util_critical_section_exit
 .text.mbed_interface_connected
                0x000020ac        0x4 ../mbed/TARGET_LPC1768/TOOLCHAIN_GCC_ARM\libmbed.a(mbed_interface.o)
                0x000020ac                mbed_interface_connected
 .text.wait_us  0x000020b0       0x16 ../mbed/TARGET_LPC1768/TOOLCHAIN_GCC_ARM\libmbed.a(mbed_wait_api_no_rtos.o)
                0x000020b0                wait_us
 .text.wait_ms  0x000020c6        0xa ../mbed/TARGET_LPC1768/TOOLCHAIN_GCC_ARM\libmbed.a(mbed_wait_api_no_rtos.o)
                0x000020c6                wait_ms
 .text.semihost_exit
                0x000020d0       0x16 ../mbed/TARGET_LPC1768/TOOLCHAIN_GCC_ARM\libmbed.a(mbed_semihost_api.o)
                0x000020d0                semihost_exit
 *fill*         0x000020e6        0x2 
 .text.semihost_connected
                0x000020e8       0x10 ../mbed/TARGET_LPC1768/TOOLCHAIN_GCC_ARM\libmbed.a(mbed_semihost_api.o)
                0x000020e8                semihost_connected
 .text._ZN4mbed8FileLikeC2EPKc
                0x000020f8       0x28 ../mbed/TARGET_LPC1768/TOOLCHAIN_GCC_ARM\libmbed.a(FileLike.o)
                0x000020f8                mbed::FileLike::FileLike(char const*)
                0x000020f8                mbed::FileLike::FileLike(char const*)
 .text._ZN4mbed8FileLikeD2Ev
                0x00002120       0x24 ../mbed/TARGET_LPC1768/TOOLCHAIN_GCC_ARM\libmbed.a(FileLike.o)
                0x00002120                mbed::FileLike::~FileLike()
                0x00002120                mbed::FileLike::~FileLike()
 .text._ZN4mbed8FileBase11getPathTypeEv
                0x00002144        0x4 ../mbed/TARGET_LPC1768/TOOLCHAIN_GCC_ARM\libmbed.a(FileBase.o)
                0x00002144                mbed::FileBase::getPathType()
 .text._ZN4mbed8FileBaseC2EPKcNS_8PathTypeE
                0x00002148       0x3c ../mbed/TARGET_LPC1768/TOOLCHAIN_GCC_ARM\libmbed.a(FileBase.o)
                0x00002148                mbed::FileBase::FileBase(char const*, mbed::PathType)
                0x00002148                mbed::FileBase::FileBase(char const*, mbed::PathType)
 .text._ZN4mbed8FileBaseD2Ev
                0x00002184       0x44 ../mbed/TARGET_LPC1768/TOOLCHAIN_GCC_ARM\libmbed.a(FileBase.o)
                0x00002184                mbed::FileBase::~FileBase()
                0x00002184                mbed::FileBase::~FileBase()
 .text._ZN4mbed8FileBaseD0Ev
                0x000021c8       0x12 ../mbed/TARGET_LPC1768/TOOLCHAIN_GCC_ARM\libmbed.a(FileBase.o)
                0x000021c8                mbed::FileBase::~FileBase()
 *fill*         0x000021da        0x2 
 .text._ZN4mbed8FileBase6lookupEPKcj
                0x000021dc       0x40 ../mbed/TARGET_LPC1768/TOOLCHAIN_GCC_ARM\libmbed.a(FileBase.o)
                0x000021dc                mbed::FileBase::lookup(char const*, unsigned int)
 .text.ticker_irq_handler
                0x0000221c       0x48 ../mbed/TARGET_LPC1768/TOOLCHAIN_GCC_ARM\libmbed.a(mbed_ticker_api.o)
                0x0000221c                ticker_irq_handler
 .text          0x00002264      0x370 C:\Program Files (x86)\GNU Tools ARM Embedded\4.9 2015q3\lib\gcc\arm-none-eabi\4.9.3\armv7-m\libgcc.a(_arm_addsubdf3.o)
                0x00002264                __aeabi_drsub
                0x0000226c                __aeabi_dsub
                0x0000226c                __subdf3
                0x00002270                __aeabi_dadd
                0x00002270                __adddf3
                0x000024e8                __floatunsidf
                0x000024e8                __aeabi_ui2d
                0x00002508                __floatsidf
                0x00002508                __aeabi_i2d
                0x0000252c                __aeabi_f2d
                0x0000252c                __extendsfdf2
                0x00002568                __floatundidf
                0x00002568                __aeabi_ul2d
                0x00002578                __floatdidf
                0x00002578                __aeabi_l2d
 .text          0x000025d4      0x424 C:\Program Files (x86)\GNU Tools ARM Embedded\4.9 2015q3\lib\gcc\arm-none-eabi\4.9.3\armv7-m\libgcc.a(_arm_muldivdf3.o)
                0x000025d4                __aeabi_dmul
                0x000025d4                __muldf3
                0x00002828                __divdf3
                0x00002828                __aeabi_ddiv
 .text          0x000029f8       0x50 C:\Program Files (x86)\GNU Tools ARM Embedded\4.9 2015q3\lib\gcc\arm-none-eabi\4.9.3\armv7-m\libgcc.a(_arm_fixdfsi.o)
                0x000029f8                __aeabi_d2iz
                0x000029f8                __fixdfsi
 .text          0x00002a48      0x21c C:\Program Files (x86)\GNU Tools ARM Embedded\4.9 2015q3\lib\gcc\arm-none-eabi\4.9.3\armv7-m\libgcc.a(_arm_addsubsf3.o)
                0x00002a48                __aeabi_frsub
                0x00002a50                __subsf3
                0x00002a50                __aeabi_fsub
                0x00002a54                __aeabi_fadd
                0x00002a54                __addsf3
                0x00002bb4                __aeabi_ui2f
                0x00002bb4                __floatunsisf
                0x00002bbc                __aeabi_i2f
                0x00002bbc                __floatsisf
                0x00002bd8                __aeabi_ul2f
                0x00002bd8                __floatundisf
                0x00002be8                __aeabi_l2f
                0x00002be8                __floatdisf
 .text          0x00002c64      0x2a0 C:\Program Files (x86)\GNU Tools ARM Embedded\4.9 2015q3\lib\gcc\arm-none-eabi\4.9.3\armv7-m\libgcc.a(_arm_muldivsf3.o)
                0x00002c64                __mulsf3
                0x00002c64                __aeabi_fmul
                0x00002dcc                __aeabi_fdiv
                0x00002dcc                __divsf3
 .text          0x00002f04       0x30 C:\Program Files (x86)\GNU Tools ARM Embedded\4.9 2015q3\lib\gcc\arm-none-eabi\4.9.3\armv7-m\libgcc.a(_aeabi_uldivmod.o)
                0x00002f04                __aeabi_uldivmod
 .text          0x00002f34       0x60 C:\Program Files (x86)\GNU Tools ARM Embedded\4.9 2015q3\lib\gcc\arm-none-eabi\4.9.3\armv7-m\libgcc.a(bpabi.o)
                0x00002f34                __gnu_ldivmod_helper
                0x00002f64                __gnu_uldivmod_helper
 .text          0x00002f94        0x4 C:\Program Files (x86)\GNU Tools ARM Embedded\4.9 2015q3\lib\gcc\arm-none-eabi\4.9.3\armv7-m\libgcc.a(_dvmd_tls.o)
                0x00002f94                __aeabi_idiv0
                0x00002f94                __aeabi_ldiv0
 .text          0x00002f98      0x2ac C:\Program Files (x86)\GNU Tools ARM Embedded\4.9 2015q3\lib\gcc\arm-none-eabi\4.9.3\armv7-m\libgcc.a(_divdi3.o)
                0x00002f98                __divdi3
 .text          0x00003244      0x270 C:\Program Files (x86)\GNU Tools ARM Embedded\4.9 2015q3\lib\gcc\arm-none-eabi\4.9.3\armv7-m\libgcc.a(_udivdi3.o)
                0x00003244                __udivdi3
 *fill*         0x000034b4        0x4 
 .text.floor    0x000034b8      0x118 c:/program files (x86)/gnu tools arm embedded/4.9 2015q3/bin/../lib/gcc/arm-none-eabi/4.9.3/../../../../arm-none-eabi/lib/armv7-m\libm.a(lib_a-s_floor.o)
                0x000034b8                floor
 .text.abs      0x000035d0        0x8 c:/program files (x86)/gnu tools arm embedded/4.9 2015q3/bin/../lib/gcc/arm-none-eabi/4.9.3/../../../../arm-none-eabi/lib/armv7-m\libc.a(lib_a-abs.o)
                0x000035d0                abs
 .text.__errno  0x000035d8        0xc c:/program files (x86)/gnu tools arm embedded/4.9 2015q3/bin/../lib/gcc/arm-none-eabi/4.9.3/../../../../arm-none-eabi/lib/armv7-m\libc.a(lib_a-errno.o)
                0x000035d8                __errno
 .text.exit     0x000035e4       0x20 c:/program files (x86)/gnu tools arm embedded/4.9 2015q3/bin/../lib/gcc/arm-none-eabi/4.9.3/../../../../arm-none-eabi/lib/armv7-m\libc.a(lib_a-exit.o)
                0x000035e4                exit
 .text._fclose_r
                0x00003604       0x84 c:/program files (x86)/gnu tools arm embedded/4.9 2015q3/bin/../lib/gcc/arm-none-eabi/4.9.3/../../../../arm-none-eabi/lib/armv7-m\libc.a(lib_a-fclose.o)
                0x00003604                _fclose_r
 .text.fclose   0x00003688       0x10 c:/program files (x86)/gnu tools arm embedded/4.9 2015q3/bin/../lib/gcc/arm-none-eabi/4.9.3/../../../../arm-none-eabi/lib/armv7-m\libc.a(lib_a-fclose.o)
                0x00003688                fclose
 .text.__sflush_r
                0x00003698      0x148 c:/program files (x86)/gnu tools arm embedded/4.9 2015q3/bin/../lib/gcc/arm-none-eabi/4.9.3/../../../../arm-none-eabi/lib/armv7-m\libc.a(lib_a-fflush.o)
                0x00003698                __sflush_r
 .text._fflush_r
                0x000037e0       0x2c c:/program files (x86)/gnu tools arm embedded/4.9 2015q3/bin/../lib/gcc/arm-none-eabi/4.9.3/../../../../arm-none-eabi/lib/armv7-m\libc.a(lib_a-fflush.o)
                0x000037e0                _fflush_r
 .text.fflush   0x0000380c       0x24 c:/program files (x86)/gnu tools arm embedded/4.9 2015q3/bin/../lib/gcc/arm-none-eabi/4.9.3/../../../../arm-none-eabi/lib/armv7-m\libc.a(lib_a-fflush.o)
                0x0000380c                fflush
 .text._cleanup_r
                0x00003830        0xc c:/program files (x86)/gnu tools arm embedded/4.9 2015q3/bin/../lib/gcc/arm-none-eabi/4.9.3/../../../../arm-none-eabi/lib/armv7-m\libc.a(lib_a-findfp.o)
                0x00003830                _cleanup_r
 .text.__sinit.part.1
                0x0000383c       0xf0 c:/program files (x86)/gnu tools arm embedded/4.9 2015q3/bin/../lib/gcc/arm-none-eabi/4.9.3/../../../../arm-none-eabi/lib/armv7-m\libc.a(lib_a-findfp.o)
 .text.__sfmoreglue
                0x0000392c       0x30 c:/program files (x86)/gnu tools arm embedded/4.9 2015q3/bin/../lib/gcc/arm-none-eabi/4.9.3/../../../../arm-none-eabi/lib/armv7-m\libc.a(lib_a-findfp.o)
                0x0000392c                __sfmoreglue
 .text.__sfp    0x0000395c       0x88 c:/program files (x86)/gnu tools arm embedded/4.9 2015q3/bin/../lib/gcc/arm-none-eabi/4.9.3/../../../../arm-none-eabi/lib/armv7-m\libc.a(lib_a-findfp.o)
                0x0000395c                __sfp
 .text.__sinit  0x000039e4        0xc c:/program files (x86)/gnu tools arm embedded/4.9 2015q3/bin/../lib/gcc/arm-none-eabi/4.9.3/../../../../arm-none-eabi/lib/armv7-m\libc.a(lib_a-findfp.o)
                0x000039e4                __sinit
 .text.__sfp_lock_acquire
                0x000039f0        0x4 c:/program files (x86)/gnu tools arm embedded/4.9 2015q3/bin/../lib/gcc/arm-none-eabi/4.9.3/../../../../arm-none-eabi/lib/armv7-m\libc.a(lib_a-findfp.o)
                0x000039f0                __sfp_lock_acquire
 .text.__sfp_lock_release
                0x000039f4        0x4 c:/program files (x86)/gnu tools arm embedded/4.9 2015q3/bin/../lib/gcc/arm-none-eabi/4.9.3/../../../../arm-none-eabi/lib/armv7-m\libc.a(lib_a-findfp.o)
                0x000039f4                __sfp_lock_release
 .text._fopen_r
                0x000039f8       0x88 c:/program files (x86)/gnu tools arm embedded/4.9 2015q3/bin/../lib/gcc/arm-none-eabi/4.9.3/../../../../arm-none-eabi/lib/armv7-m\libc.a(lib_a-fopen.o)
                0x000039f8                _fopen_r
 .text.fopen    0x00003a80       0x10 c:/program files (x86)/gnu tools arm embedded/4.9 2015q3/bin/../lib/gcc/arm-none-eabi/4.9.3/../../../../arm-none-eabi/lib/armv7-m\libc.a(lib_a-fopen.o)
                0x00003a80                fopen
 .text._malloc_trim_r
                0x00003a90       0x9c c:/program files (x86)/gnu tools arm embedded/4.9 2015q3/bin/../lib/gcc/arm-none-eabi/4.9.3/../../../../arm-none-eabi/lib/armv7-m\libc.a(lib_a-freer.o)
                0x00003a90                _malloc_trim_r
 .text._free_r  0x00003b2c      0x1b0 c:/program files (x86)/gnu tools arm embedded/4.9 2015q3/bin/../lib/gcc/arm-none-eabi/4.9.3/../../../../arm-none-eabi/lib/armv7-m\libc.a(lib_a-freer.o)
                0x00003b2c                _free_r
 .text._fseek_r
                0x00003cdc        0x4 c:/program files (x86)/gnu tools arm embedded/4.9 2015q3/bin/../lib/gcc/arm-none-eabi/4.9.3/../../../../arm-none-eabi/lib/armv7-m\libc.a(lib_a-fseek.o)
                0x00003cdc                _fseek_r
 .text._fseeko_r
                0x00003ce0      0x2c0 c:/program files (x86)/gnu tools arm embedded/4.9 2015q3/bin/../lib/gcc/arm-none-eabi/4.9.3/../../../../arm-none-eabi/lib/armv7-m\libc.a(lib_a-fseeko.o)
                0x00003ce0                _fseeko_r
 .text._fstat_r
                0x00003fa0       0x28 c:/program files (x86)/gnu tools arm embedded/4.9 2015q3/bin/../lib/gcc/arm-none-eabi/4.9.3/../../../../arm-none-eabi/lib/armv7-m\libc.a(lib_a-fstatr.o)
                0x00003fa0                _fstat_r
 .text.__sfvwrite_r
                0x00003fc8      0x320 c:/program files (x86)/gnu tools arm embedded/4.9 2015q3/bin/../lib/gcc/arm-none-eabi/4.9.3/../../../../arm-none-eabi/lib/armv7-m\libc.a(lib_a-fvwrite.o)
                0x00003fc8                __sfvwrite_r
 .text._fwalk   0x000042e8       0x48 c:/program files (x86)/gnu tools arm embedded/4.9 2015q3/bin/../lib/gcc/arm-none-eabi/4.9.3/../../../../arm-none-eabi/lib/armv7-m\libc.a(lib_a-fwalk.o)
                0x000042e8                _fwalk
 .text._fwalk_reent
                0x00004330       0x50 c:/program files (x86)/gnu tools arm embedded/4.9 2015q3/bin/../lib/gcc/arm-none-eabi/4.9.3/../../../../arm-none-eabi/lib/armv7-m\libc.a(lib_a-fwalk.o)
                0x00004330                _fwalk_reent
 .text.__libc_init_array
                0x00004380       0x50 c:/program files (x86)/gnu tools arm embedded/4.9 2015q3/bin/../lib/gcc/arm-none-eabi/4.9.3/../../../../arm-none-eabi/lib/armv7-m\libc.a(lib_a-init.o)
                0x00004380                __libc_init_array
 .text.__smakebuf_r
                0x000043d0       0xe0 c:/program files (x86)/gnu tools arm embedded/4.9 2015q3/bin/../lib/gcc/arm-none-eabi/4.9.3/../../../../arm-none-eabi/lib/armv7-m\libc.a(lib_a-makebuf.o)
                0x000043d0                __smakebuf_r
 .text.malloc   0x000044b0       0x10 c:/program files (x86)/gnu tools arm embedded/4.9 2015q3/bin/../lib/gcc/arm-none-eabi/4.9.3/../../../../arm-none-eabi/lib/armv7-m\libc.a(lib_a-malloc.o)
                0x000044b0                malloc
 .text.free     0x000044c0       0x10 c:/program files (x86)/gnu tools arm embedded/4.9 2015q3/bin/../lib/gcc/arm-none-eabi/4.9.3/../../../../arm-none-eabi/lib/armv7-m\libc.a(lib_a-malloc.o)
                0x000044c0                free
 .text._malloc_r
                0x000044d0      0x50c c:/program files (x86)/gnu tools arm embedded/4.9 2015q3/bin/../lib/gcc/arm-none-eabi/4.9.3/../../../../arm-none-eabi/lib/armv7-m\libc.a(lib_a-mallocr.o)
                0x000044d0                _malloc_r
 .text.memchr   0x000049dc       0x94 c:/program files (x86)/gnu tools arm embedded/4.9 2015q3/bin/../lib/gcc/arm-none-eabi/4.9.3/../../../../arm-none-eabi/lib/armv7-m\libc.a(lib_a-memchr.o)
                0x000049dc                memchr
 .text          0x00004a70       0xec c:/program files (x86)/gnu tools arm embedded/4.9 2015q3/bin/../lib/gcc/arm-none-eabi/4.9.3/../../../../arm-none-eabi/lib/armv7-m\libc.a(lib_a-memcpy.o)
                0x00004a70                memcpy
 .text.memmove  0x00004b5c       0xc8 c:/program files (x86)/gnu tools arm embedded/4.9 2015q3/bin/../lib/gcc/arm-none-eabi/4.9.3/../../../../arm-none-eabi/lib/armv7-m\libc.a(lib_a-memmove.o)
                0x00004b5c                memmove
 .text.memset   0x00004c24       0x9c c:/program files (x86)/gnu tools arm embedded/4.9 2015q3/bin/../lib/gcc/arm-none-eabi/4.9.3/../../../../arm-none-eabi/lib/armv7-m\libc.a(lib_a-memset.o)
                0x00004c24                memset
 .text._open_r  0x00004cc0       0x28 c:/program files (x86)/gnu tools arm embedded/4.9 2015q3/bin/../lib/gcc/arm-none-eabi/4.9.3/../../../../arm-none-eabi/lib/armv7-m\libc.a(lib_a-openr.o)
                0x00004cc0                _open_r
 .text._realloc_r
                0x00004ce8      0x3e0 c:/program files (x86)/gnu tools arm embedded/4.9 2015q3/bin/../lib/gcc/arm-none-eabi/4.9.3/../../../../arm-none-eabi/lib/armv7-m\libc.a(lib_a-reallocr.o)
                0x00004ce8                _realloc_r
 .text.lflush   0x000050c8       0x14 c:/program files (x86)/gnu tools arm embedded/4.9 2015q3/bin/../lib/gcc/arm-none-eabi/4.9.3/../../../../arm-none-eabi/lib/armv7-m\libc.a(lib_a-refill.o)
 .text.__srefill_r
                0x000050dc      0x110 c:/program files (x86)/gnu tools arm embedded/4.9 2015q3/bin/../lib/gcc/arm-none-eabi/4.9.3/../../../../arm-none-eabi/lib/armv7-m\libc.a(lib_a-refill.o)
                0x000050dc                __srefill_r
 .text._sbrk_r  0x000051ec       0x24 c:/program files (x86)/gnu tools arm embedded/4.9 2015q3/bin/../lib/gcc/arm-none-eabi/4.9.3/../../../../arm-none-eabi/lib/armv7-m\libc.a(lib_a-sbrkr.o)
                0x000051ec                _sbrk_r
 .text.setbuf   0x00005210       0x10 c:/program files (x86)/gnu tools arm embedded/4.9 2015q3/bin/../lib/gcc/arm-none-eabi/4.9.3/../../../../arm-none-eabi/lib/armv7-m\libc.a(lib_a-setbuf.o)
                0x00005210                setbuf
 .text.setvbuf  0x00005220       0xf8 c:/program files (x86)/gnu tools arm embedded/4.9 2015q3/bin/../lib/gcc/arm-none-eabi/4.9.3/../../../../arm-none-eabi/lib/armv7-m\libc.a(lib_a-setvbuf.o)
                0x00005220                setvbuf
 .text.sprintf  0x00005318       0x4c c:/program files (x86)/gnu tools arm embedded/4.9 2015q3/bin/../lib/gcc/arm-none-eabi/4.9.3/../../../../arm-none-eabi/lib/armv7-m\libc.a(lib_a-sprintf.o)
                0x00005318                sprintf
 .text.sscanf   0x00005364       0x58 c:/program files (x86)/gnu tools arm embedded/4.9 2015q3/bin/../lib/gcc/arm-none-eabi/4.9.3/../../../../arm-none-eabi/lib/armv7-m\libc.a(lib_a-sscanf.o)
                0x00005364                sscanf
 .text.__sread  0x000053bc       0x24 c:/program files (x86)/gnu tools arm embedded/4.9 2015q3/bin/../lib/gcc/arm-none-eabi/4.9.3/../../../../arm-none-eabi/lib/armv7-m\libc.a(lib_a-stdio.o)
                0x000053bc                __sread
 .text.__seofread
                0x000053e0        0x4 c:/program files (x86)/gnu tools arm embedded/4.9 2015q3/bin/../lib/gcc/arm-none-eabi/4.9.3/../../../../arm-none-eabi/lib/armv7-m\libc.a(lib_a-stdio.o)
                0x000053e0                __seofread
 .text.__swrite
                0x000053e4       0x38 c:/program files (x86)/gnu tools arm embedded/4.9 2015q3/bin/../lib/gcc/arm-none-eabi/4.9.3/../../../../arm-none-eabi/lib/armv7-m\libc.a(lib_a-stdio.o)
                0x000053e4                __swrite
 .text.__sseek  0x0000541c       0x20 c:/program files (x86)/gnu tools arm embedded/4.9 2015q3/bin/../lib/gcc/arm-none-eabi/4.9.3/../../../../arm-none-eabi/lib/armv7-m\libc.a(lib_a-stdio.o)
                0x0000541c                __sseek
 .text.__sclose
                0x0000543c        0x8 c:/program files (x86)/gnu tools arm embedded/4.9 2015q3/bin/../lib/gcc/arm-none-eabi/4.9.3/../../../../arm-none-eabi/lib/armv7-m\libc.a(lib_a-stdio.o)
                0x0000543c                __sclose
 .text          0x00005444      0x1bc c:/program files (x86)/gnu tools arm embedded/4.9 2015q3/bin/../lib/gcc/arm-none-eabi/4.9.3/../../../../arm-none-eabi/lib/armv7-m\libc.a(lib_a-strcmp.o)
                0x00005444                strcmp
 .text.strlen   0x00005600       0x5c c:/program files (x86)/gnu tools arm embedded/4.9 2015q3/bin/../lib/gcc/arm-none-eabi/4.9.3/../../../../arm-none-eabi/lib/armv7-m\libc.a(lib_a-strlen.o)
                0x00005600                strlen
 .text.strncmp  0x0000565c       0x94 c:/program files (x86)/gnu tools arm embedded/4.9 2015q3/bin/../lib/gcc/arm-none-eabi/4.9.3/../../../../arm-none-eabi/lib/armv7-m\libc.a(lib_a-strncmp.o)
                0x0000565c                strncmp
 .text._svfprintf_r
                0x000056f0     0x14f4 c:/program files (x86)/gnu tools arm embedded/4.9 2015q3/bin/../lib/gcc/arm-none-eabi/4.9.3/../../../../arm-none-eabi/lib/armv7-m\libc.a(lib_a-svfprintf.o)
                0x000056f0                _svfprintf_r
 .text.__ssvfscanf_r
                0x00006be4      0xdf4 c:/program files (x86)/gnu tools arm embedded/4.9 2015q3/bin/../lib/gcc/arm-none-eabi/4.9.3/../../../../arm-none-eabi/lib/armv7-m\libc.a(lib_a-svfscanf.o)
                0x00006be4                __ssvfscanf_r
 .text._vfprintf_r
                0x000079d8     0x1448 c:/program files (x86)/gnu tools arm embedded/4.9 2015q3/bin/../lib/gcc/arm-none-eabi/4.9.3/../../../../arm-none-eabi/lib/armv7-m\libc.a(lib_a-vfprintf.o)
                0x000079d8                _vfprintf_r
 .text.vfprintf
                0x00008e20       0x18 c:/program files (x86)/gnu tools arm embedded/4.9 2015q3/bin/../lib/gcc/arm-none-eabi/4.9.3/../../../../arm-none-eabi/lib/armv7-m\libc.a(lib_a-vfprintf.o)
                0x00008e20                vfprintf
 .text.__sbprintf
                0x00008e38       0x7c c:/program files (x86)/gnu tools arm embedded/4.9 2015q3/bin/../lib/gcc/arm-none-eabi/4.9.3/../../../../arm-none-eabi/lib/armv7-m\libc.a(lib_a-vfprintf.o)
 .text._vsprintf_r
                0x00008eb4       0x34 c:/program files (x86)/gnu tools arm embedded/4.9 2015q3/bin/../lib/gcc/arm-none-eabi/4.9.3/../../../../arm-none-eabi/lib/armv7-m\libc.a(lib_a-vsprintf.o)
                0x00008eb4                _vsprintf_r
 .text.vsprintf
                0x00008ee8       0x18 c:/program files (x86)/gnu tools arm embedded/4.9 2015q3/bin/../lib/gcc/arm-none-eabi/4.9.3/../../../../arm-none-eabi/lib/armv7-m\libc.a(lib_a-vsprintf.o)
                0x00008ee8                vsprintf
 .text.__swbuf_r
                0x00008f00       0xa8 c:/program files (x86)/gnu tools arm embedded/4.9 2015q3/bin/../lib/gcc/arm-none-eabi/4.9.3/../../../../arm-none-eabi/lib/armv7-m\libc.a(lib_a-wbuf.o)
                0x00008f00                __swbuf_r
 .text._write_r
                0x00008fa8       0x28 c:/program files (x86)/gnu tools arm embedded/4.9 2015q3/bin/../lib/gcc/arm-none-eabi/4.9.3/../../../../arm-none-eabi/lib/armv7-m\libc.a(lib_a-writer.o)
                0x00008fa8                _write_r
 .text.__swsetup_r
                0x00008fd0       0xc4 c:/program files (x86)/gnu tools arm embedded/4.9 2015q3/bin/../lib/gcc/arm-none-eabi/4.9.3/../../../../arm-none-eabi/lib/armv7-m\libc.a(lib_a-wsetup.o)
                0x00008fd0                __swsetup_r
 .text.startup.register_fini
                0x00009094       0x14 c:/program files (x86)/gnu tools arm embedded/4.9 2015q3/bin/../lib/gcc/arm-none-eabi/4.9.3/../../../../arm-none-eabi/lib/armv7-m\libc.a(lib_a-__call_atexit.o)
 .text.__call_exitprocs
                0x000090a8       0xd4 c:/program files (x86)/gnu tools arm embedded/4.9 2015q3/bin/../lib/gcc/arm-none-eabi/4.9.3/../../../../arm-none-eabi/lib/armv7-m\libc.a(lib_a-__call_atexit.o)
                0x000090a8                __call_exitprocs
 .text.atexit   0x0000917c        0xc c:/program files (x86)/gnu tools arm embedded/4.9 2015q3/bin/../lib/gcc/arm-none-eabi/4.9.3/../../../../arm-none-eabi/lib/armv7-m\libc.a(lib_a-atexit.o)
                0x0000917c                atexit
 .text._close_r
                0x00009188       0x24 c:/program files (x86)/gnu tools arm embedded/4.9 2015q3/bin/../lib/gcc/arm-none-eabi/4.9.3/../../../../arm-none-eabi/lib/armv7-m\libc.a(lib_a-closer.o)
                0x00009188                _close_r
 .text.quorem   0x000091ac      0x130 c:/program files (x86)/gnu tools arm embedded/4.9 2015q3/bin/../lib/gcc/arm-none-eabi/4.9.3/../../../../arm-none-eabi/lib/armv7-m\libc.a(lib_a-dtoa.o)
 *fill*         0x000092dc        0x4 
 .text._dtoa_r  0x000092e0      0xea4 c:/program files (x86)/gnu tools arm embedded/4.9 2015q3/bin/../lib/gcc/arm-none-eabi/4.9.3/../../../../arm-none-eabi/lib/armv7-m\libc.a(lib_a-dtoa.o)
                0x000092e0                _dtoa_r
 .text.__libc_fini_array
                0x0000a184       0x2c c:/program files (x86)/gnu tools arm embedded/4.9 2015q3/bin/../lib/gcc/arm-none-eabi/4.9.3/../../../../arm-none-eabi/lib/armv7-m\libc.a(lib_a-fini.o)
                0x0000a184                __libc_fini_array
 .text.__sflags
                0x0000a1b0       0x74 c:/program files (x86)/gnu tools arm embedded/4.9 2015q3/bin/../lib/gcc/arm-none-eabi/4.9.3/../../../../arm-none-eabi/lib/armv7-m\libc.a(lib_a-flags.o)
                0x0000a1b0                __sflags
 .text._isatty_r
                0x0000a224       0x24 c:/program files (x86)/gnu tools arm embedded/4.9 2015q3/bin/../lib/gcc/arm-none-eabi/4.9.3/../../../../arm-none-eabi/lib/armv7-m\libc.a(lib_a-isattyr.o)
                0x0000a224                _isatty_r
 .text.iswspace
                0x0000a248       0x1c c:/program files (x86)/gnu tools arm embedded/4.9 2015q3/bin/../lib/gcc/arm-none-eabi/4.9.3/../../../../arm-none-eabi/lib/armv7-m\libc.a(lib_a-iswspace.o)
                0x0000a248                iswspace
 .text.__locale_charset
                0x0000a264        0x8 c:/program files (x86)/gnu tools arm embedded/4.9 2015q3/bin/../lib/gcc/arm-none-eabi/4.9.3/../../../../arm-none-eabi/lib/armv7-m\libc.a(lib_a-locale.o)
                0x0000a264                __locale_charset
 .text.__locale_mb_cur_max
                0x0000a26c        0xc c:/program files (x86)/gnu tools arm embedded/4.9 2015q3/bin/../lib/gcc/arm-none-eabi/4.9.3/../../../../arm-none-eabi/lib/armv7-m\libc.a(lib_a-locale.o)
                0x0000a26c                __locale_mb_cur_max
 .text._localeconv_r
                0x0000a278        0x8 c:/program files (x86)/gnu tools arm embedded/4.9 2015q3/bin/../lib/gcc/arm-none-eabi/4.9.3/../../../../arm-none-eabi/lib/armv7-m\libc.a(lib_a-locale.o)
                0x0000a278                _localeconv_r
 .text._lseek_r
                0x0000a280       0x28 c:/program files (x86)/gnu tools arm embedded/4.9 2015q3/bin/../lib/gcc/arm-none-eabi/4.9.3/../../../../arm-none-eabi/lib/armv7-m\libc.a(lib_a-lseekr.o)
                0x0000a280                _lseek_r
 .text._mbrtowc_r
                0x0000a2a8       0x5c c:/program files (x86)/gnu tools arm embedded/4.9 2015q3/bin/../lib/gcc/arm-none-eabi/4.9.3/../../../../arm-none-eabi/lib/armv7-m\libc.a(lib_a-mbrtowc.o)
                0x0000a2a8                _mbrtowc_r
 .text.__ascii_mbtowc
                0x0000a304       0x2c c:/program files (x86)/gnu tools arm embedded/4.9 2015q3/bin/../lib/gcc/arm-none-eabi/4.9.3/../../../../arm-none-eabi/lib/armv7-m\libc.a(lib_a-mbtowc_r.o)
                0x0000a304                __ascii_mbtowc
 .text._Balloc  0x0000a330       0x50 c:/program files (x86)/gnu tools arm embedded/4.9 2015q3/bin/../lib/gcc/arm-none-eabi/4.9.3/../../../../arm-none-eabi/lib/armv7-m\libc.a(lib_a-mprec.o)
                0x0000a330                _Balloc
 .text._Bfree   0x0000a380       0x14 c:/program files (x86)/gnu tools arm embedded/4.9 2015q3/bin/../lib/gcc/arm-none-eabi/4.9.3/../../../../arm-none-eabi/lib/armv7-m\libc.a(lib_a-mprec.o)
                0x0000a380                _Bfree
 .text.__multadd
                0x0000a394       0x84 c:/program files (x86)/gnu tools arm embedded/4.9 2015q3/bin/../lib/gcc/arm-none-eabi/4.9.3/../../../../arm-none-eabi/lib/armv7-m\libc.a(lib_a-mprec.o)
                0x0000a394                __multadd
 .text.__s2b    0x0000a418       0x98 c:/program files (x86)/gnu tools arm embedded/4.9 2015q3/bin/../lib/gcc/arm-none-eabi/4.9.3/../../../../arm-none-eabi/lib/armv7-m\libc.a(lib_a-mprec.o)
                0x0000a418                __s2b
 .text.__hi0bits
                0x0000a4b0       0x40 c:/program files (x86)/gnu tools arm embedded/4.9 2015q3/bin/../lib/gcc/arm-none-eabi/4.9.3/../../../../arm-none-eabi/lib/armv7-m\libc.a(lib_a-mprec.o)
                0x0000a4b0                __hi0bits
 .text.__lo0bits
                0x0000a4f0       0x5c c:/program files (x86)/gnu tools arm embedded/4.9 2015q3/bin/../lib/gcc/arm-none-eabi/4.9.3/../../../../arm-none-eabi/lib/armv7-m\libc.a(lib_a-mprec.o)
                0x0000a4f0                __lo0bits
 .text.__i2b    0x0000a54c       0x14 c:/program files (x86)/gnu tools arm embedded/4.9 2015q3/bin/../lib/gcc/arm-none-eabi/4.9.3/../../../../arm-none-eabi/lib/armv7-m\libc.a(lib_a-mprec.o)
                0x0000a54c                __i2b
 .text.__multiply
                0x0000a560      0x140 c:/program files (x86)/gnu tools arm embedded/4.9 2015q3/bin/../lib/gcc/arm-none-eabi/4.9.3/../../../../arm-none-eabi/lib/armv7-m\libc.a(lib_a-mprec.o)
                0x0000a560                __multiply
 .text.__pow5mult
                0x0000a6a0       0xa0 c:/program files (x86)/gnu tools arm embedded/4.9 2015q3/bin/../lib/gcc/arm-none-eabi/4.9.3/../../../../arm-none-eabi/lib/armv7-m\libc.a(lib_a-mprec.o)
                0x0000a6a0                __pow5mult
 .text.__lshift
                0x0000a740       0xb0 c:/program files (x86)/gnu tools arm embedded/4.9 2015q3/bin/../lib/gcc/arm-none-eabi/4.9.3/../../../../arm-none-eabi/lib/armv7-m\libc.a(lib_a-mprec.o)
                0x0000a740                __lshift
 .text.__mcmp   0x0000a7f0       0x48 c:/program files (x86)/gnu tools arm embedded/4.9 2015q3/bin/../lib/gcc/arm-none-eabi/4.9.3/../../../../arm-none-eabi/lib/armv7-m\libc.a(lib_a-mprec.o)
                0x0000a7f0                __mcmp
 .text.__mdiff  0x0000a838       0xe4 c:/program files (x86)/gnu tools arm embedded/4.9 2015q3/bin/../lib/gcc/arm-none-eabi/4.9.3/../../../../arm-none-eabi/lib/armv7-m\libc.a(lib_a-mprec.o)
                0x0000a838                __mdiff
 .text.__ulp    0x0000a91c       0x44 c:/program files (x86)/gnu tools arm embedded/4.9 2015q3/bin/../lib/gcc/arm-none-eabi/4.9.3/../../../../arm-none-eabi/lib/armv7-m\libc.a(lib_a-mprec.o)
                0x0000a91c                __ulp
 .text.__b2d    0x0000a960       0xd0 c:/program files (x86)/gnu tools arm embedded/4.9 2015q3/bin/../lib/gcc/arm-none-eabi/4.9.3/../../../../arm-none-eabi/lib/armv7-m\libc.a(lib_a-mprec.o)
                0x0000a960                __b2d
 .text.__d2b    0x0000aa30       0xa8 c:/program files (x86)/gnu tools arm embedded/4.9 2015q3/bin/../lib/gcc/arm-none-eabi/4.9.3/../../../../arm-none-eabi/lib/armv7-m\libc.a(lib_a-mprec.o)
                0x0000aa30                __d2b
 .text.__ratio  0x0000aad8       0x58 c:/program files (x86)/gnu tools arm embedded/4.9 2015q3/bin/../lib/gcc/arm-none-eabi/4.9.3/../../../../arm-none-eabi/lib/armv7-m\libc.a(lib_a-mprec.o)
                0x0000aad8                __ratio
 .text.__copybits
                0x0000ab30       0x48 c:/program files (x86)/gnu tools arm embedded/4.9 2015q3/bin/../lib/gcc/arm-none-eabi/4.9.3/../../../../arm-none-eabi/lib/armv7-m\libc.a(lib_a-mprec.o)
                0x0000ab30                __copybits
 .text.__any_on
                0x0000ab78       0x5c c:/program files (x86)/gnu tools arm embedded/4.9 2015q3/bin/../lib/gcc/arm-none-eabi/4.9.3/../../../../arm-none-eabi/lib/armv7-m\libc.a(lib_a-mprec.o)
                0x0000ab78                __any_on
 .text._read_r  0x0000abd4       0x28 c:/program files (x86)/gnu tools arm embedded/4.9 2015q3/bin/../lib/gcc/arm-none-eabi/4.9.3/../../../../arm-none-eabi/lib/armv7-m\libc.a(lib_a-readr.o)
                0x0000abd4                _read_r
 .text.__fpclassifyd
                0x0000abfc       0x58 c:/program files (x86)/gnu tools arm embedded/4.9 2015q3/bin/../lib/gcc/arm-none-eabi/4.9.3/../../../../arm-none-eabi/lib/armv7-m\libc.a(lib_a-s_fpclassify.o)
                0x0000abfc                __fpclassifyd
 .text.__sccl   0x0000ac54       0x78 c:/program files (x86)/gnu tools arm embedded/4.9 2015q3/bin/../lib/gcc/arm-none-eabi/4.9.3/../../../../arm-none-eabi/lib/armv7-m\libc.a(lib_a-sccl.o)
                0x0000ac54                __sccl
 .text.nanf     0x0000accc        0x8 c:/program files (x86)/gnu tools arm embedded/4.9 2015q3/bin/../lib/gcc/arm-none-eabi/4.9.3/../../../../arm-none-eabi/lib/armv7-m\libc.a(lib_a-sf_nan.o)
                0x0000accc                nanf
 .text.sulp     0x0000acd4       0x44 c:/program files (x86)/gnu tools arm embedded/4.9 2015q3/bin/../lib/gcc/arm-none-eabi/4.9.3/../../../../arm-none-eabi/lib/armv7-m\libc.a(lib_a-strtod.o)
 .text._strtod_r
                0x0000ad18      0xf30 c:/program files (x86)/gnu tools arm embedded/4.9 2015q3/bin/../lib/gcc/arm-none-eabi/4.9.3/../../../../arm-none-eabi/lib/armv7-m\libc.a(lib_a-strtod.o)
                0x0000ad18                _strtod_r
 .text._strtol_r
                0x0000bc48      0x11c c:/program files (x86)/gnu tools arm embedded/4.9 2015q3/bin/../lib/gcc/arm-none-eabi/4.9.3/../../../../arm-none-eabi/lib/armv7-m\libc.a(lib_a-strtol.o)
                0x0000bc48                _strtol_r
 .text._strtoll_r
                0x0000bd64      0x1cc c:/program files (x86)/gnu tools arm embedded/4.9 2015q3/bin/../lib/gcc/arm-none-eabi/4.9.3/../../../../arm-none-eabi/lib/armv7-m\libc.a(lib_a-strtoll_r.o)
                0x0000bd64                _strtoll_r
 .text._strtoul_r
                0x0000bf30      0x134 c:/program files (x86)/gnu tools arm embedded/4.9 2015q3/bin/../lib/gcc/arm-none-eabi/4.9.3/../../../../arm-none-eabi/lib/armv7-m\libc.a(lib_a-strtoul.o)
                0x0000bf30                _strtoul_r
 .text._strtoull_r
                0x0000c064      0x1e8 c:/program files (x86)/gnu tools arm embedded/4.9 2015q3/bin/../lib/gcc/arm-none-eabi/4.9.3/../../../../arm-none-eabi/lib/armv7-m\libc.a(lib_a-strtoull_r.o)
                0x0000c064                _strtoull_r
 .text.__ssprint_r
                0x0000c24c      0x104 c:/program files (x86)/gnu tools arm embedded/4.9 2015q3/bin/../lib/gcc/arm-none-eabi/4.9.3/../../../../arm-none-eabi/lib/armv7-m\libc.a(lib_a-svfiprintf.o)
                0x0000c24c                __ssprint_r
 .text._sungetc_r
                0x0000c350       0x88 c:/program files (x86)/gnu tools arm embedded/4.9 2015q3/bin/../lib/gcc/arm-none-eabi/4.9.3/../../../../arm-none-eabi/lib/armv7-m\libc.a(lib_a-svfiscanf.o)
                0x0000c350                _sungetc_r
 .text.__ssrefill_r
                0x0000c3d8       0x3c c:/program files (x86)/gnu tools arm embedded/4.9 2015q3/bin/../lib/gcc/arm-none-eabi/4.9.3/../../../../arm-none-eabi/lib/armv7-m\libc.a(lib_a-svfiscanf.o)
                0x0000c3d8                __ssrefill_r
 .text._sfread_r
                0x0000c414       0x80 c:/program files (x86)/gnu tools arm embedded/4.9 2015q3/bin/../lib/gcc/arm-none-eabi/4.9.3/../../../../arm-none-eabi/lib/armv7-m\libc.a(lib_a-svfiscanf.o)
                0x0000c414                _sfread_r
 .text.__submore
                0x0000c494       0x7c c:/program files (x86)/gnu tools arm embedded/4.9 2015q3/bin/../lib/gcc/arm-none-eabi/4.9.3/../../../../arm-none-eabi/lib/armv7-m\libc.a(lib_a-ungetc.o)
                0x0000c494                __submore
 .text.__sprint_r.part.0
                0x0000c510       0x78 c:/program files (x86)/gnu tools arm embedded/4.9 2015q3/bin/../lib/gcc/arm-none-eabi/4.9.3/../../../../arm-none-eabi/lib/armv7-m\libc.a(lib_a-vfiprintf.o)
 .text.__sprint_r
                0x0000c588       0x18 c:/program files (x86)/gnu tools arm embedded/4.9 2015q3/bin/../lib/gcc/arm-none-eabi/4.9.3/../../../../arm-none-eabi/lib/armv7-m\libc.a(lib_a-vfiprintf.o)
                0x0000c588                __sprint_r
 .text.__register_exitproc
                0x0000c5a0       0xa4 c:/program files (x86)/gnu tools arm embedded/4.9 2015q3/bin/../lib/gcc/arm-none-eabi/4.9.3/../../../../arm-none-eabi/lib/armv7-m\libc.a(lib_a-__atexit.o)
                0x0000c5a0                __register_exitproc
 .text._calloc_r
                0x0000c644       0x60 c:/program files (x86)/gnu tools arm embedded/4.9 2015q3/bin/../lib/gcc/arm-none-eabi/4.9.3/../../../../arm-none-eabi/lib/armv7-m\libc.a(lib_a-callocr.o)
                0x0000c644                _calloc_r
 .text.__fputwc
                0x0000c6a4       0xb0 c:/program files (x86)/gnu tools arm embedded/4.9 2015q3/bin/../lib/gcc/arm-none-eabi/4.9.3/../../../../arm-none-eabi/lib/armv7-m\libc.a(lib_a-fputwc.o)
                0x0000c6a4                __fputwc
 .text._fputwc_r
                0x0000c754       0x24 c:/program files (x86)/gnu tools arm embedded/4.9 2015q3/bin/../lib/gcc/arm-none-eabi/4.9.3/../../../../arm-none-eabi/lib/armv7-m\libc.a(lib_a-fputwc.o)
                0x0000c754                _fputwc_r
 .text.rshift   0x0000c778       0xa0 c:/program files (x86)/gnu tools arm embedded/4.9 2015q3/bin/../lib/gcc/arm-none-eabi/4.9.3/../../../../arm-none-eabi/lib/armv7-m\libc.a(lib_a-gdtoa-gethex.o)
 .text.__gethex
                0x0000c818      0x514 c:/program files (x86)/gnu tools arm embedded/4.9 2015q3/bin/../lib/gcc/arm-none-eabi/4.9.3/../../../../arm-none-eabi/lib/armv7-m\libc.a(lib_a-gdtoa-gethex.o)
                0x0000c818                __gethex
 .text.__hexnan
                0x0000cd2c      0x184 c:/program files (x86)/gnu tools arm embedded/4.9 2015q3/bin/../lib/gcc/arm-none-eabi/4.9.3/../../../../arm-none-eabi/lib/armv7-m\libc.a(lib_a-gdtoa-hexnan.o)
                0x0000cd2c                __hexnan
 .text._wcrtomb_r
                0x0000ceb0       0x54 c:/program files (x86)/gnu tools arm embedded/4.9 2015q3/bin/../lib/gcc/arm-none-eabi/4.9.3/../../../../arm-none-eabi/lib/armv7-m\libc.a(lib_a-wcrtomb.o)
                0x0000ceb0                _wcrtomb_r
 .text.__ascii_wctomb
                0x0000cf04       0x1c c:/program files (x86)/gnu tools arm embedded/4.9 2015q3/bin/../lib/gcc/arm-none-eabi/4.9.3/../../../../arm-none-eabi/lib/armv7-m\libc.a(lib_a-wctomb_r.o)
                0x0000cf04                __ascii_wctomb
 .text          0x0000cf20      0x110 C:\Program Files (x86)\GNU Tools ARM Embedded\4.9 2015q3\lib\gcc\arm-none-eabi\4.9.3\armv7-m\libgcc.a(_arm_cmpdf2.o)
                0x0000cf20                __gtdf2
                0x0000cf20                __gedf2
                0x0000cf28                __ltdf2
                0x0000cf28                __ledf2
                0x0000cf30                __nedf2
                0x0000cf30                __eqdf2
                0x0000cf30                __cmpdf2
                0x0000cfac                __aeabi_cdrcmple
                0x0000cfbc                __aeabi_cdcmpeq
                0x0000cfbc                __aeabi_cdcmple
                0x0000cfcc                __aeabi_dcmpeq
                0x0000cfe0                __aeabi_dcmplt
                0x0000cff4                __aeabi_dcmple
                0x0000d008                __aeabi_dcmpge
                0x0000d01c                __aeabi_dcmpgt
 .text          0x0000d030       0x40 C:\Program Files (x86)\GNU Tools ARM Embedded\4.9 2015q3\lib\gcc\arm-none-eabi\4.9.3\armv7-m\libgcc.a(_arm_fixunsdfsi.o)
                0x0000d030                __aeabi_d2uiz
                0x0000d030                __fixunsdfsi
 .text          0x0000d070       0xa0 C:\Program Files (x86)\GNU Tools ARM Embedded\4.9 2015q3\lib\gcc\arm-none-eabi\4.9.3\armv7-m\libgcc.a(_arm_truncdfsf2.o)
                0x0000d070                __truncdfsf2
                0x0000d070                __aeabi_d2f
 *(.init)
 .init          0x0000d110        0x4 c:/program files (x86)/gnu tools arm embedded/4.9 2015q3/bin/../lib/gcc/arm-none-eabi/4.9.3/armv7-m/crti.o
                0x0000d110                _init
 .init          0x0000d114        0x8 c:/program files (x86)/gnu tools arm embedded/4.9 2015q3/bin/../lib/gcc/arm-none-eabi/4.9.3/armv7-m/crtn.o
 *(.fini)
 .fini          0x0000d11c        0x4 c:/program files (x86)/gnu tools arm embedded/4.9 2015q3/bin/../lib/gcc/arm-none-eabi/4.9.3/armv7-m/crti.o
                0x0000d11c                _fini
 .fini          0x0000d120        0x8 c:/program files (x86)/gnu tools arm embedded/4.9 2015q3/bin/../lib/gcc/arm-none-eabi/4.9.3/armv7-m/crtn.o
 *crtbegin.o(.ctors)
 *crtbegin?.o(.ctors)
 *(EXCLUDE_FILE(*crtend.o *crtend?.o) .ctors)
 *(SORT(.ctors.*))
 *(.ctors)
 *crtbegin.o(.dtors)
 *crtbegin?.o(.dtors)
 *(EXCLUDE_FILE(*crtend.o *crtend?.o) .dtors)
 *(SORT(.dtors.*))
 *(.dtors)
 *(.rodata*)
 .rodata.str1.1
                0x0000d128      0x1d8 ./src/main.o
 .rodata.PinMap_SPI_MISO
                0x0000d300       0x3c ../mbed/TARGET_LPC1768/TOOLCHAIN_GCC_ARM/spi_api.o
 .rodata.PinMap_SPI_SCLK
                0x0000d33c       0x3c ../mbed/TARGET_LPC1768/TOOLCHAIN_GCC_ARM/spi_api.o
 .rodata.str1.1
                0x0000d378       0xcb ../mbed/TARGET_LPC1768/TOOLCHAIN_GCC_ARM/spi_api.o
 *fill*         0x0000d443        0x1 
 .rodata.PinMap_SPI_MOSI
                0x0000d444       0x3c ../mbed/TARGET_LPC1768/TOOLCHAIN_GCC_ARM/spi_api.o
 .rodata.PinMap_SPI_SSEL
                0x0000d480       0x3c ../mbed/TARGET_LPC1768/TOOLCHAIN_GCC_ARM/spi_api.o
 .rodata.str1.1
                0x0000d4bc       0x57 ../mbed/TARGET_LPC1768/TOOLCHAIN_GCC_ARM/gpio_api.o
                                 0x82 (size before relaxing)
 .rodata.str1.1
                0x0000d513       0x6d ../mbed/TARGET_LPC1768/TOOLCHAIN_GCC_ARM/mbed_board.o
                                 0x85 (size before relaxing)
 .rodata.str1.1
                0x0000d580       0x55 ../mbed/TARGET_LPC1768/TOOLCHAIN_GCC_ARM/pinmap.o
                                 0x68 (size before relaxing)
 .rodata.__stdin_name
                0x0000d5d5        0x7 ../mbed/TARGET_LPC1768/TOOLCHAIN_GCC_ARM/retarget.o
                0x0000d5d5                __stdin_name
 .rodata.__stderr_name
                0x0000d5dc        0x8 ../mbed/TARGET_LPC1768/TOOLCHAIN_GCC_ARM/retarget.o
                0x0000d5dc                __stderr_name
 .rodata.str1.1
                0x0000d5e4      0x151 ../mbed/TARGET_LPC1768/TOOLCHAIN_GCC_ARM/retarget.o
 .rodata.__stdout_name
                0x0000d735        0x8 ../mbed/TARGET_LPC1768/TOOLCHAIN_GCC_ARM/retarget.o
                0x0000d735                __stdout_name
 *fill*         0x0000d73d        0x3 
 .rodata._ZTVN4mbed10FileHandleE
                0x0000d740       0x34 ../mbed/TARGET_LPC1768/TOOLCHAIN_GCC_ARM/retarget.o
                0x0000d740                vtable for mbed::FileHandle
 .rodata.PinMap_UART_RTS
                0x0000d774       0x24 ../mbed/TARGET_LPC1768/TOOLCHAIN_GCC_ARM/serial_api.o
 .rodata.PinMap_UART_RX
                0x0000d798       0x6c ../mbed/TARGET_LPC1768/TOOLCHAIN_GCC_ARM/serial_api.o
 .rodata.str1.1
                0x0000d804      0x14e ../mbed/TARGET_LPC1768/TOOLCHAIN_GCC_ARM/serial_api.o
 .rodata.CSWTCH.24
                0x0000d952        0x4 ../mbed/TARGET_LPC1768/TOOLCHAIN_GCC_ARM/serial_api.o
 *fill*         0x0000d956        0x2 
 .rodata.PinMap_UART_TX
                0x0000d958       0x6c ../mbed/TARGET_LPC1768/TOOLCHAIN_GCC_ARM/serial_api.o
 .rodata.PinMap_UART_CTS
                0x0000d9c4       0x24 ../mbed/TARGET_LPC1768/TOOLCHAIN_GCC_ARM/serial_api.o
 .rodata._ZTVN4mbed3SPIE
                0x0000d9e8       0x1c ../mbed/TARGET_LPC1768/TOOLCHAIN_GCC_ARM\libmbed.a(SPI.o)
                0x0000d9e8                vtable for mbed::SPI
 *fill*         0x0000da04        0x4 
 .rodata._ZTVN4mbed6SerialE
                0x0000da08       0x6c ../mbed/TARGET_LPC1768/TOOLCHAIN_GCC_ARM\libmbed.a(Serial.o)
                0x0000da08                vtable for mbed::Serial
 .rodata._ZZN4mbed8CallbackIFvvEE8generateIPS1_EEvRKT_E3ops
                0x0000da74        0xc ../mbed/TARGET_LPC1768/TOOLCHAIN_GCC_ARM\libmbed.a(SerialBase.o)
                0x0000da74                void mbed::Callback<void ()>::generate<void (*)()>(void (* const&)())::ops
 .rodata.str1.1
                0x0000da80       0x4f ../mbed/TARGET_LPC1768/TOOLCHAIN_GCC_ARM\libmbed.a(SerialBase.o)
 *fill*         0x0000dacf        0x1 
 .rodata._ZTVN4mbed10SerialBaseE
                0x0000dad0       0x18 ../mbed/TARGET_LPC1768/TOOLCHAIN_GCC_ARM\libmbed.a(SerialBase.o)
                0x0000dad0                vtable for mbed::SerialBase
 .rodata._ZTVN4mbed6StreamE
                0x0000dae8       0x4c ../mbed/TARGET_LPC1768/TOOLCHAIN_GCC_ARM\libmbed.a(Stream.o)
                0x0000dae8                vtable for mbed::Stream
 .rodata.str1.1
                0x0000db34        0x3 ../mbed/TARGET_LPC1768/TOOLCHAIN_GCC_ARM\libmbed.a(Stream.o)
                                  0x7 (size before relaxing)
 .rodata.str1.1
                0x00000000       0x85 ../mbed/TARGET_LPC1768/TOOLCHAIN_GCC_ARM\libmbed.a(mbed_gpio.o)
 .rodata.str1.1
                0x0000db37       0x60 ../mbed/TARGET_LPC1768/TOOLCHAIN_GCC_ARM\libmbed.a(mbed_pinmap_common.o)
 *fill*         0x0000db97        0x1 
 .rodata.us_interface
                0x0000db98       0x14 ../mbed/TARGET_LPC1768/TOOLCHAIN_GCC_ARM\libmbed.a(mbed_us_ticker_api.o)
 .rodata.us_data
                0x0000dbac        0x8 ../mbed/TARGET_LPC1768/TOOLCHAIN_GCC_ARM\libmbed.a(mbed_us_ticker_api.o)
 .rodata.str1.1
                0x0000dbb4       0x31 ../mbed/TARGET_LPC1768/TOOLCHAIN_GCC_ARM\libmbed.a(mbed_assert.o)
 .rodata.str1.1
                0x0000dbe5       0x7d ../mbed/TARGET_LPC1768/TOOLCHAIN_GCC_ARM\libmbed.a(mbed_critical.o)
 *fill*         0x0000dc62        0x6 
 .rodata._ZTVN4mbed8FileLikeE
                0x0000dc68       0x44 ../mbed/TARGET_LPC1768/TOOLCHAIN_GCC_ARM\libmbed.a(FileLike.o)
                0x0000dc68                vtable for mbed::FileLike
 *fill*         0x0000dcac        0x4 
 .rodata._ZTVN4mbed8FileBaseE
                0x0000dcb0       0x10 ../mbed/TARGET_LPC1768/TOOLCHAIN_GCC_ARM\libmbed.a(FileBase.o)
                0x0000dcb0                vtable for mbed::FileBase
 .rodata.str1.4
                0x0000dcc0        0x2 c:/program files (x86)/gnu tools arm embedded/4.9 2015q3/bin/../lib/gcc/arm-none-eabi/4.9.3/../../../../arm-none-eabi/lib/armv7-m\libc.a(lib_a-impure.o)
 *fill*         0x0000dcc2        0x2 
 .rodata._global_impure_ptr
                0x0000dcc4        0x4 c:/program files (x86)/gnu tools arm embedded/4.9 2015q3/bin/../lib/gcc/arm-none-eabi/4.9.3/../../../../arm-none-eabi/lib/armv7-m\libc.a(lib_a-impure.o)
                0x0000dcc4                _global_impure_ptr
 .rodata.zeroes.6911
                0x0000dcc8       0x10 c:/program files (x86)/gnu tools arm embedded/4.9 2015q3/bin/../lib/gcc/arm-none-eabi/4.9.3/../../../../arm-none-eabi/lib/armv7-m\libc.a(lib_a-svfprintf.o)
 .rodata.blanks.6910
                0x0000dcd8       0x10 c:/program files (x86)/gnu tools arm embedded/4.9 2015q3/bin/../lib/gcc/arm-none-eabi/4.9.3/../../../../arm-none-eabi/lib/armv7-m\libc.a(lib_a-svfprintf.o)
 .rodata.str1.4
                0x0000dce8       0x42 c:/program files (x86)/gnu tools arm embedded/4.9 2015q3/bin/../lib/gcc/arm-none-eabi/4.9.3/../../../../arm-none-eabi/lib/armv7-m\libc.a(lib_a-svfprintf.o)
 *fill*         0x0000dd2a        0x2 
 .rodata.str1.4
                0x0000dd2c        0x5 c:/program files (x86)/gnu tools arm embedded/4.9 2015q3/bin/../lib/gcc/arm-none-eabi/4.9.3/../../../../arm-none-eabi/lib/armv7-m\libc.a(lib_a-svfscanf.o)
 *fill*         0x0000dd31        0x3 
 .rodata.basefix.6862
                0x0000dd34       0x22 c:/program files (x86)/gnu tools arm embedded/4.9 2015q3/bin/../lib/gcc/arm-none-eabi/4.9.3/../../../../arm-none-eabi/lib/armv7-m\libc.a(lib_a-svfscanf.o)
 *fill*         0x0000dd56        0x2 
 .rodata.zeroes.6926
                0x0000dd58       0x10 c:/program files (x86)/gnu tools arm embedded/4.9 2015q3/bin/../lib/gcc/arm-none-eabi/4.9.3/../../../../arm-none-eabi/lib/armv7-m\libc.a(lib_a-vfprintf.o)
 .rodata.str1.4
                0x00000000       0x42 c:/program files (x86)/gnu tools arm embedded/4.9 2015q3/bin/../lib/gcc/arm-none-eabi/4.9.3/../../../../arm-none-eabi/lib/armv7-m\libc.a(lib_a-vfprintf.o)
 .rodata.blanks.6925
                0x0000dd68       0x10 c:/program files (x86)/gnu tools arm embedded/4.9 2015q3/bin/../lib/gcc/arm-none-eabi/4.9.3/../../../../arm-none-eabi/lib/armv7-m\libc.a(lib_a-vfprintf.o)
 .rodata._ctype_
                0x0000dd78      0x101 c:/program files (x86)/gnu tools arm embedded/4.9 2015q3/bin/../lib/gcc/arm-none-eabi/4.9.3/../../../../arm-none-eabi/lib/armv7-m\libc.a(lib_a-ctype_.o)
                0x0000dd78                _ctype_
 *fill*         0x0000de79        0x3 
 .rodata.str1.4
                0x0000de7c       0x10 c:/program files (x86)/gnu tools arm embedded/4.9 2015q3/bin/../lib/gcc/arm-none-eabi/4.9.3/../../../../arm-none-eabi/lib/armv7-m\libc.a(lib_a-dtoa.o)
                                 0x12 (size before relaxing)
 .rodata.str1.4
                0x0000de8c        0xa c:/program files (x86)/gnu tools arm embedded/4.9 2015q3/bin/../lib/gcc/arm-none-eabi/4.9.3/../../../../arm-none-eabi/lib/armv7-m\libc.a(lib_a-locale.o)
                                 0x12 (size before relaxing)
 .rodata.str1.4
                0x00000000        0x1 c:/program files (x86)/gnu tools arm embedded/4.9 2015q3/bin/../lib/gcc/arm-none-eabi/4.9.3/../../../../arm-none-eabi/lib/armv7-m\libc.a(lib_a-mbrtowc.o)
 *fill*         0x0000de96        0x2 
 .rodata.__mprec_tens
                0x0000de98       0xc8 c:/program files (x86)/gnu tools arm embedded/4.9 2015q3/bin/../lib/gcc/arm-none-eabi/4.9.3/../../../../arm-none-eabi/lib/armv7-m\libc.a(lib_a-mprec.o)
                0x0000de98                __mprec_tens
 .rodata.p05.5302
                0x0000df60        0xc c:/program files (x86)/gnu tools arm embedded/4.9 2015q3/bin/../lib/gcc/arm-none-eabi/4.9.3/../../../../arm-none-eabi/lib/armv7-m\libc.a(lib_a-mprec.o)
 *fill*         0x0000df6c        0x4 
 .rodata.__mprec_bigtens
                0x0000df70       0x28 c:/program files (x86)/gnu tools arm embedded/4.9 2015q3/bin/../lib/gcc/arm-none-eabi/4.9.3/../../../../arm-none-eabi/lib/armv7-m\libc.a(lib_a-mprec.o)
                0x0000df70                __mprec_bigtens
 .rodata.tinytens
                0x0000df98       0x28 c:/program files (x86)/gnu tools arm embedded/4.9 2015q3/bin/../lib/gcc/arm-none-eabi/4.9.3/../../../../arm-none-eabi/lib/armv7-m\libc.a(lib_a-strtod.o)
 .rodata.fpinan.5307
                0x0000dfc0       0x14 c:/program files (x86)/gnu tools arm embedded/4.9 2015q3/bin/../lib/gcc/arm-none-eabi/4.9.3/../../../../arm-none-eabi/lib/armv7-m\libc.a(lib_a-strtod.o)
 .rodata.str1.4
                0x0000dfd4       0x10 c:/program files (x86)/gnu tools arm embedded/4.9 2015q3/bin/../lib/gcc/arm-none-eabi/4.9.3/../../../../arm-none-eabi/lib/armv7-m\libc.a(lib_a-strtod.o)
                                  0xf (size before relaxing)
 .rodata.fpi.5271
                0x0000dfe4       0x14 c:/program files (x86)/gnu tools arm embedded/4.9 2015q3/bin/../lib/gcc/arm-none-eabi/4.9.3/../../../../arm-none-eabi/lib/armv7-m\libc.a(lib_a-strtod.o)
 .rodata.__hexdig
                0x0000dff8      0x100 c:/program files (x86)/gnu tools arm embedded/4.9 2015q3/bin/../lib/gcc/arm-none-eabi/4.9.3/../../../../arm-none-eabi/lib/armv7-m\libc.a(lib_a-gdtoa-gethex.o)
                0x0000dff8                __hexdig
 *(.eh_frame*)
 .eh_frame      0x0000e0f8        0x0 c:/program files (x86)/gnu tools arm embedded/4.9 2015q3/bin/../lib/gcc/arm-none-eabi/4.9.3/armv7-m/crtbegin.o
 .eh_frame      0x0000e0f8       0x38 c:/program files (x86)/gnu tools arm embedded/4.9 2015q3/bin/../lib/gcc/arm-none-eabi/4.9.3/../../../../arm-none-eabi/lib/armv7-m\libc.a(lib_a-strcmp.o)
 .eh_frame      0x0000e130        0x4 c:/program files (x86)/gnu tools arm embedded/4.9 2015q3/bin/../lib/gcc/arm-none-eabi/4.9.3/armv7-m/crtend.o

.glue_7         0x0000e134        0x0
 .glue_7        0x00000000        0x0 linker stubs

.glue_7t        0x0000e134        0x0
 .glue_7t       0x00000000        0x0 linker stubs

.vfp11_veneer   0x0000e134        0x0
 .vfp11_veneer  0x00000000        0x0 linker stubs

.v4_bx          0x0000e134        0x0
 .v4_bx         0x00000000        0x0 linker stubs

.iplt           0x0000e134        0x0
 .iplt          0x00000000        0x0 c:/program files (x86)/gnu tools arm embedded/4.9 2015q3/bin/../lib/gcc/arm-none-eabi/4.9.3/armv7-m/crtbegin.o

.ARM.extab
 *(.ARM.extab* .gnu.linkonce.armextab.*)
                0x0000e134                __exidx_start = .

.ARM.exidx      0x0000e134        0x8
 *(.ARM.exidx* .gnu.linkonce.armexidx.*)
 .ARM.exidx     0x0000e134        0x8 c:/program files (x86)/gnu tools arm embedded/4.9 2015q3/bin/../lib/gcc/arm-none-eabi/4.9.3/../../../../arm-none-eabi/lib/armv7-m/crt0.o
 .ARM.exidx     0x0000e13c        0x0 C:\Program Files (x86)\GNU Tools ARM Embedded\4.9 2015q3\lib\gcc\arm-none-eabi\4.9.3\armv7-m\libgcc.a(_divdi3.o)
                                  0x8 (size before relaxing)
 .ARM.exidx     0x0000e13c        0x0 C:\Program Files (x86)\GNU Tools ARM Embedded\4.9 2015q3\lib\gcc\arm-none-eabi\4.9.3\armv7-m\libgcc.a(_udivdi3.o)
                                  0x8 (size before relaxing)
                0x0000e13c                __exidx_end = .
                0x0000e13c                __etext = .

.rel.dyn        0x0000e13c        0x0
 .rel.iplt      0x00000000        0x0 c:/program files (x86)/gnu tools arm embedded/4.9 2015q3/bin/../lib/gcc/arm-none-eabi/4.9.3/armv7-m/crtbegin.o

.data           0x100000c8      0xa50 load address 0x0000e13c
                0x100000c8                __data_start__ = .
                0x100000c8                Image$$RW_IRAM1$$Base = .
 *(vtable)
 *(.data*)
 .data.RadioConfigurationDataArray
                0x100000c8      0x18d ./src/main.o
                0x100000c8                RadioConfigurationDataArray
 *fill*         0x10000255        0x3 
 .data.SystemCoreClock
                0x10000258        0x4 ../mbed/TARGET_LPC1768/TOOLCHAIN_GCC_ARM/system_LPC17xx.o
                0x10000258                SystemCoreClock
 .data._ZZ5_sbrkE4heap
                0x1000025c        0x4 ../mbed/TARGET_LPC1768/TOOLCHAIN_GCC_ARM/retarget.o
 .data.impure_data
                0x10000260      0x428 c:/program files (x86)/gnu tools arm embedded/4.9 2015q3/bin/../lib/gcc/arm-none-eabi/4.9.3/../../../../arm-none-eabi/lib/armv7-m\libc.a(lib_a-impure.o)
 .data._impure_ptr
                0x10000688        0x4 c:/program files (x86)/gnu tools arm embedded/4.9 2015q3/bin/../lib/gcc/arm-none-eabi/4.9.3/../../../../arm-none-eabi/lib/armv7-m\libc.a(lib_a-impure.o)
                0x10000688                _impure_ptr
 .data.__malloc_av_
                0x1000068c      0x408 c:/program files (x86)/gnu tools arm embedded/4.9 2015q3/bin/../lib/gcc/arm-none-eabi/4.9.3/../../../../arm-none-eabi/lib/armv7-m\libc.a(lib_a-mallocr.o)
                0x1000068c                __malloc_av_
 .data.__malloc_trim_threshold
                0x10000a94        0x4 c:/program files (x86)/gnu tools arm embedded/4.9 2015q3/bin/../lib/gcc/arm-none-eabi/4.9.3/../../../../arm-none-eabi/lib/armv7-m\libc.a(lib_a-mallocr.o)
                0x10000a94                __malloc_trim_threshold
 .data.__malloc_sbrk_base
                0x10000a98        0x4 c:/program files (x86)/gnu tools arm embedded/4.9 2015q3/bin/../lib/gcc/arm-none-eabi/4.9.3/../../../../arm-none-eabi/lib/armv7-m\libc.a(lib_a-mallocr.o)
                0x10000a98                __malloc_sbrk_base
 .data.__ctype_ptr__
                0x10000a9c        0x4 c:/program files (x86)/gnu tools arm embedded/4.9 2015q3/bin/../lib/gcc/arm-none-eabi/4.9.3/../../../../arm-none-eabi/lib/armv7-m\libc.a(lib_a-ctype_.o)
                0x10000a9c                __ctype_ptr__
 .data.lconv    0x10000aa0       0x38 c:/program files (x86)/gnu tools arm embedded/4.9 2015q3/bin/../lib/gcc/arm-none-eabi/4.9.3/../../../../arm-none-eabi/lib/armv7-m\libc.a(lib_a-locale.o)
 .data.lc_ctype_charset
                0x10000ad8       0x20 c:/program files (x86)/gnu tools arm embedded/4.9 2015q3/bin/../lib/gcc/arm-none-eabi/4.9.3/../../../../arm-none-eabi/lib/armv7-m\libc.a(lib_a-locale.o)
 .data.__mb_cur_max
                0x10000af8        0x4 c:/program files (x86)/gnu tools arm embedded/4.9 2015q3/bin/../lib/gcc/arm-none-eabi/4.9.3/../../../../arm-none-eabi/lib/armv7-m\libc.a(lib_a-locale.o)
                0x10000af8                __mb_cur_max
 .data.__mbtowc
                0x10000afc        0x4 c:/program files (x86)/gnu tools arm embedded/4.9 2015q3/bin/../lib/gcc/arm-none-eabi/4.9.3/../../../../arm-none-eabi/lib/armv7-m\libc.a(lib_a-mbtowc_r.o)
                0x10000afc                __mbtowc
 .data.__wctomb
                0x10000b00        0x4 c:/program files (x86)/gnu tools arm embedded/4.9 2015q3/bin/../lib/gcc/arm-none-eabi/4.9.3/../../../../arm-none-eabi/lib/armv7-m\libc.a(lib_a-wctomb_r.o)
                0x10000b00                __wctomb
                0x10000b04                . = ALIGN (0x4)
                0x10000b04                PROVIDE (__preinit_array_start, .)
 *(.preinit_array)
                0x10000b04                PROVIDE (__preinit_array_end, .)
                0x10000b04                . = ALIGN (0x4)
                0x10000b04                PROVIDE (__init_array_start, .)
 *(SORT(.init_array.*))
 .init_array.00000
                0x10000b04        0x4 c:/program files (x86)/gnu tools arm embedded/4.9 2015q3/bin/../lib/gcc/arm-none-eabi/4.9.3/../../../../arm-none-eabi/lib/armv7-m\libc.a(lib_a-__call_atexit.o)
 *(.init_array)
 .init_array    0x10000b08        0x4 c:/program files (x86)/gnu tools arm embedded/4.9 2015q3/bin/../lib/gcc/arm-none-eabi/4.9.3/armv7-m/crtbegin.o
 .init_array    0x10000b0c        0x4 ./src/main.o
                0x10000b10                PROVIDE (__init_array_end, .)
                0x10000b10                . = ALIGN (0x4)
                0x10000b10                PROVIDE (__fini_array_start, .)
 *(SORT(.fini_array.*))
 *(.fini_array)
 .fini_array    0x10000b10        0x4 c:/program files (x86)/gnu tools arm embedded/4.9 2015q3/bin/../lib/gcc/arm-none-eabi/4.9.3/armv7-m/crtbegin.o
 .fini_array    0x10000b14        0x4 ./src/main.o
                0x10000b18                PROVIDE (__fini_array_end, .)
                0x10000b18                . = ALIGN (0x4)
                0x10000b18                __data_end__ = .

.jcr            0x10000b18        0x0 load address 0x0000eb8c