16:30:59 **** Incremental Build of configuration Debug for project STM32F401Base ****
make all 
Building target: STM32F401Base.elf
Invoking: Cross ARM C++ Linker
arm-none-eabi-g++ -mcpu=cortex-m4 -mthumb -mfloat-abi=softfp -mfpu=fpv4-sp-d16 -O0 -fmessage-length=0 -ffunction-sections -fdata-sections -fno-inline-functions -fno-builtin -fno-move-loop-invariants -fno-exceptions -funsigned-char -MMD -fno-delete-null-pointer-checks -fomit-frame-pointer -Wall -Wextra -Wno-unused-parameter -Wno-missing-field-initializers  -g3 -T "C:/Projects/Headphones/mbed-os/targets/TARGET_STM/TARGET_STM32F4/TARGET_NUCLEO_F401RE/device/TOOLCHAIN_GCC_ARM/STM32F401XE.ld" -Xlinker --gc-sections -L"../ldscripts" -Wl,-Map,"STM32F401Base.map" -Wl,--gc-sections -Wl,--wrap,main -Wl,--wrap,_malloc_r -Wl,--wrap,_free_r -Wl,--wrap,_realloc_r -Wl,--wrap,_calloc_r -mcpu=cortex-m4 -mthumb -mfpu=fpv4-sp-d16 -mfloat-abi=softfp -o "STM32F401Base.elf"  ./src/main.o  ./MBED_REPO/targets/TARGET_STM/TARGET_STM32F4/device/stm32f4xx_hal.o ./MBED_REPO/targets/TARGET_STM/TARGET_STM32F4/device/stm32f4xx_hal_adc.o ./MBED_REPO/targets/TARGET_STM/TARGET_STM32F4/device/stm32f4xx_hal_adc_ex.o ./MBED_REPO/targets/TARGET_STM/TARGET_STM32F4/device/stm32f4xx_hal_can.o ./MBED_REPO/targets/TARGET_STM/TARGET_STM32F4/device/stm32f4xx_hal_cec.o ./MBED_REPO/targets/TARGET_STM/TARGET_STM32F4/device/stm32f4xx_hal_cortex.o ./MBED_REPO/targets/TARGET_STM/TARGET_STM32F4/device/stm32f4xx_hal_crc.o ./MBED_REPO/targets/TARGET_STM/TARGET_STM32F4/device/stm32f4xx_hal_cryp.o ./MBED_REPO/targets/TARGET_STM/TARGET_STM32F4/device/stm32f4xx_hal_cryp_ex.o ./MBED_REPO/targets/TARGET_STM/TARGET_STM32F4/device/stm32f4xx_hal_dac.o ./MBED_REPO/targets/TARGET_STM/TARGET_STM32F4/device/stm32f4xx_hal_dac_ex.o ./MBED_REPO/targets/TARGET_STM/TARGET_STM32F4/device/stm32f4xx_hal_dcmi.o ./MBED_REPO/targets/TARGET_STM/TARGET_STM32F4/device/stm32f4xx_hal_dcmi_ex.o ./MBED_REPO/targets/TARGET_STM/TARGET_STM32F4/device/stm32f4xx_hal_dfsdm.o ./MBED_REPO/targets/TARGET_STM/TARGET_STM32F4/device/stm32f4xx_hal_dma.o ./MBED_REPO/targets/TARGET_STM/TARGET_STM32F4/device/stm32f4xx_hal_dma2d.o ./MBED_REPO/targets/TARGET_STM/TARGET_STM32F4/device/stm32f4xx_hal_dma_ex.o ./MBED_REPO/targets/TARGET_STM/TARGET_STM32F4/device/stm32f4xx_hal_dsi.o ./MBED_REPO/targets/TARGET_STM/TARGET_STM32F4/device/stm32f4xx_hal_eth.o ./MBED_REPO/targets/TARGET_STM/TARGET_STM32F4/device/stm32f4xx_hal_flash.o ./MBED_REPO/targets/TARGET_STM/TARGET_STM32F4/device/stm32f4xx_hal_flash_ex.o ./MBED_REPO/targets/TARGET_STM/TARGET_STM32F4/device/stm32f4xx_hal_flash_ramfunc.o ./MBED_REPO/targets/TARGET_STM/TARGET_STM32F4/device/stm32f4xx_hal_fmpi2c.o ./MBED_REPO/targets/TARGET_STM/TARGET_STM32F4/device/stm32f4xx_hal_fmpi2c_ex.o ./MBED_REPO/targets/TARGET_STM/TARGET_STM32F4/device/stm32f4xx_hal_gpio.o ./MBED_REPO/targets/TARGET_STM/TARGET_STM32F4/device/stm32f4xx_hal_hash.o ./MBED_REPO/targets/TARGET_STM/TARGET_STM32F4/device/stm32f4xx_hal_hash_ex.o ./MBED_REPO/targets/TARGET_STM/TARGET_STM32F4/device/stm32f4xx_hal_hcd.o ./MBED_REPO/targets/TARGET_STM/TARGET_STM32F4/device/stm32f4xx_hal_i2c.o ./MBED_REPO/targets/TARGET_STM/TARGET_STM32F4/device/stm32f4xx_hal_i2c_ex.o ./MBED_REPO/targets/TARGET_STM/TARGET_STM32F4/device/stm32f4xx_hal_i2s.o ./MBED_REPO/targets/TARGET_STM/TARGET_STM32F4/device/stm32f4xx_hal_i2s_ex.o ./MBED_REPO/targets/TARGET_STM/TARGET_STM32F4/device/stm32f4xx_hal_irda.o ./MBED_REPO/targets/TARGET_STM/TARGET_STM32F4/device/stm32f4xx_hal_iwdg.o ./MBED_REPO/targets/TARGET_STM/TARGET_STM32F4/device/stm32f4xx_hal_lptim.o ./MBED_REPO/targets/TARGET_STM/TARGET_STM32F4/device/stm32f4xx_hal_ltdc.o ./MBED_REPO/targets/TARGET_STM/TARGET_STM32F4/device/stm32f4xx_hal_ltdc_ex.o ./MBED_REPO/targets/TARGET_STM/TARGET_STM32F4/device/stm32f4xx_hal_msp_template.o ./MBED_REPO/targets/TARGET_STM/TARGET_STM32F4/device/stm32f4xx_hal_nand.o ./MBED_REPO/targets/TARGET_STM/TARGET_STM32F4/device/stm32f4xx_hal_nor.o ./MBED_REPO/targets/TARGET_STM/TARGET_STM32F4/device/stm32f4xx_hal_pccard.o ./MBED_REPO/targets/TARGET_STM/TARGET_STM32F4/device/stm32f4xx_hal_pcd.o ./MBED_REPO/targets/TARGET_STM/TARGET_STM32F4/device/stm32f4xx_hal_pcd_ex.o ./MBED_REPO/targets/TARGET_STM/TARGET_STM32F4/device/stm32f4xx_hal_pwr.o ./MBED_REPO/targets/TARGET_STM/TARGET_STM32F4/device/stm32f4xx_hal_pwr_ex.o ./MBED_REPO/targets/TARGET_STM/TARGET_STM32F4/device/stm32f4xx_hal_qspi.o ./MBED_REPO/targets/TARGET_STM/TARGET_STM32F4/device/stm32f4xx_hal_rcc.o ./MBED_REPO/targets/TARGET_STM/TARGET_STM32F4/device/stm32f4xx_hal_rcc_ex.o ./MBED_REPO/targets/TARGET_STM/TARGET_STM32F4/device/stm32f4xx_hal_rng.o ./MBED_REPO/targets/TARGET_STM/TARGET_STM32F4/device/stm32f4xx_hal_rtc.o ./MBED_REPO/targets/TARGET_STM/TARGET_STM32F4/device/stm32f4xx_hal_rtc_ex.o ./MBED_REPO/targets/TARGET_STM/TARGET_STM32F4/device/stm32f4xx_hal_sai.o ./MBED_REPO/targets/TARGET_STM/TARGET_STM32F4/device/stm32f4xx_hal_sai_ex.o ./MBED_REPO/targets/TARGET_STM/TARGET_STM32F4/device/stm32f4xx_hal_sd.o ./MBED_REPO/targets/TARGET_STM/TARGET_STM32F4/device/stm32f4xx_hal_sdram.o ./MBED_REPO/targets/TARGET_STM/TARGET_STM32F4/device/stm32f4xx_hal_smartcard.o ./MBED_REPO/targets/TARGET_STM/TARGET_STM32F4/device/stm32f4xx_hal_spdifrx.o ./MBED_REPO/targets/TARGET_STM/TARGET_STM32F4/device/stm32f4xx_hal_spi.o ./MBED_REPO/targets/TARGET_STM/TARGET_STM32F4/device/stm32f4xx_hal_sram.o ./MBED_REPO/targets/TARGET_STM/TARGET_STM32F4/device/stm32f4xx_hal_tim.o ./MBED_REPO/targets/TARGET_STM/TARGET_STM32F4/device/stm32f4xx_hal_tim_ex.o ./MBED_REPO/targets/TARGET_STM/TARGET_STM32F4/device/stm32f4xx_hal_uart.o ./MBED_REPO/targets/TARGET_STM/TARGET_STM32F4/device/stm32f4xx_hal_usart.o ./MBED_REPO/targets/TARGET_STM/TARGET_STM32F4/device/stm32f4xx_hal_wwdg.o ./MBED_REPO/targets/TARGET_STM/TARGET_STM32F4/device/stm32f4xx_ll_fmc.o ./MBED_REPO/targets/TARGET_STM/TARGET_STM32F4/device/stm32f4xx_ll_fsmc.o ./MBED_REPO/targets/TARGET_STM/TARGET_STM32F4/device/stm32f4xx_ll_sdmmc.o ./MBED_REPO/targets/TARGET_STM/TARGET_STM32F4/device/stm32f4xx_ll_usb.o  ./MBED_REPO/targets/TARGET_STM/TARGET_STM32F4/TARGET_NUCLEO_F401RE/device/TOOLCHAIN_GCC_ARM/startup_stm32f401xe.o  ./MBED_REPO/targets/TARGET_STM/TARGET_STM32F4/TARGET_NUCLEO_F401RE/device/cmsis_nvic.o ./MBED_REPO/targets/TARGET_STM/TARGET_STM32F4/TARGET_NUCLEO_F401RE/device/system_stm32f4xx.o  ./MBED_REPO/targets/TARGET_STM/TARGET_STM32F4/TARGET_NUCLEO_F401RE/PeripheralPins.o  ./MBED_REPO/targets/TARGET_STM/TARGET_STM32F4/analogin_api.o ./MBED_REPO/targets/TARGET_STM/TARGET_STM32F4/analogout_api.o ./MBED_REPO/targets/TARGET_STM/TARGET_STM32F4/can_api.o ./MBED_REPO/targets/TARGET_STM/TARGET_STM32F4/gpio_api.o ./MBED_REPO/targets/TARGET_STM/TARGET_STM32F4/gpio_irq_api.o ./MBED_REPO/targets/TARGET_STM/TARGET_STM32F4/lp_ticker.o ./MBED_REPO/targets/TARGET_STM/TARGET_STM32F4/mbed_overrides.o ./MBED_REPO/targets/TARGET_STM/TARGET_STM32F4/pinmap.o ./MBED_REPO/targets/TARGET_STM/TARGET_STM32F4/port_api.o ./MBED_REPO/targets/TARGET_STM/TARGET_STM32F4/pwmout_api.o ./MBED_REPO/targets/TARGET_STM/TARGET_STM32F4/rtc_api.o ./MBED_REPO/targets/TARGET_STM/TARGET_STM32F4/serial_api.o ./MBED_REPO/targets/TARGET_STM/TARGET_STM32F4/sleep.o ./MBED_REPO/targets/TARGET_STM/TARGET_STM32F4/spi_api.o  ./MBED_REPO/targets/TARGET_STM/hal_tick_16b.o ./MBED_REPO/targets/TARGET_STM/hal_tick_32b.o ./MBED_REPO/targets/TARGET_STM/i2c_api.o ./MBED_REPO/targets/TARGET_STM/stm_spi_api.o ./MBED_REPO/targets/TARGET_STM/trng_api.o ./MBED_REPO/targets/TARGET_STM/us_ticker_16b.o ./MBED_REPO/targets/TARGET_STM/us_ticker_32b.o  ./MBED_REPO/platform/CallChain.o ./MBED_REPO/platform/mbed_alloc_wrappers.o ./MBED_REPO/platform/mbed_assert.o ./MBED_REPO/platform/mbed_board.o ./MBED_REPO/platform/mbed_critical.o ./MBED_REPO/platform/mbed_error.o ./MBED_REPO/platform/mbed_interface.o ./MBED_REPO/platform/mbed_mem_trace.o ./MBED_REPO/platform/mbed_rtc_time.o ./MBED_REPO/platform/mbed_semihost_api.o ./MBED_REPO/platform/mbed_stats.o ./MBED_REPO/platform/mbed_wait_api_no_rtos.o ./MBED_REPO/platform/mbed_wait_api_rtos.o ./MBED_REPO/platform/retarget.o  ./MBED_REPO/hal/mbed_gpio.o ./MBED_REPO/hal/mbed_lp_ticker_api.o ./MBED_REPO/hal/mbed_pinmap_common.o ./MBED_REPO/hal/mbed_ticker_api.o ./MBED_REPO/hal/mbed_us_ticker_api.o  ./MBED_REPO/events/equeue/equeue.o ./MBED_REPO/events/equeue/equeue_mbed.o ./MBED_REPO/events/equeue/equeue_posix.o  ./MBED_REPO/events/EventQueue.o  ./MBED_REPO/drivers/AnalogIn.o ./MBED_REPO/drivers/BusIn.o ./MBED_REPO/drivers/BusInOut.o ./MBED_REPO/drivers/BusOut.o ./MBED_REPO/drivers/CAN.o ./MBED_REPO/drivers/Ethernet.o ./MBED_REPO/drivers/FileBase.o ./MBED_REPO/drivers/FileLike.o ./MBED_REPO/drivers/FilePath.o ./MBED_REPO/drivers/FileSystemLike.o ./MBED_REPO/drivers/I2C.o ./MBED_REPO/drivers/I2CSlave.o ./MBED_REPO/drivers/InterruptIn.o ./MBED_REPO/drivers/InterruptManager.o ./MBED_REPO/drivers/LocalFileSystem.o ./MBED_REPO/drivers/RawSerial.o ./MBED_REPO/drivers/SPI.o ./MBED_REPO/drivers/SPISlave.o ./MBED_REPO/drivers/Serial.o ./MBED_REPO/drivers/SerialBase.o ./MBED_REPO/drivers/Stream.o ./MBED_REPO/drivers/Ticker.o ./MBED_REPO/drivers/Timeout.o ./MBED_REPO/drivers/Timer.o ./MBED_REPO/drivers/TimerEvent.o   -lstdc++ -lsupc++ -lm -lc -lgcc -lnosys
Finished building target: STM32F401Base.elf
 
Invoking: Cross ARM GNU Create Flash Image
arm-none-eabi-objcopy -O binary "STM32F401Base.elf"  "STM32F401Base.bin"
Finished building: STM32F401Base.bin
 
Invoking: Cross ARM GNU Print Size
arm-none-eabi-size --format=berkeley "STM32F401Base.elf"
   text	   data	    bss	    dec	    hex	filename
  33884	   2192	   1044	  37120	   9100	STM32F401Base.elf
Finished building: STM32F401Base.siz
 
